******************************************************************************
                  TI ARM Linker PC v20.2.7                     
******************************************************************************
>> Linked Fri May 26 14:07:06 2023

OUTPUT FILE NAME:   <empty_min_EK_TM4C1294XL_TI.out>
ENTRY POINT SYMBOL: "_c_int00"  address: 00004889


MEMORY CONFIGURATION

         name            origin    length      used     unused   attr    fill
----------------------  --------  ---------  --------  --------  ----  --------
  FLASH                 00000000   00100000  0000940b  000f6bf5  R  X
  SRAM                  20000000   00040000  00001dfc  0003e204  RW X


SEGMENT ALLOCATION MAP

run origin  load origin   length   init length attrs members
----------  ----------- ---------- ----------- ----- -------
00000000    00000000    00009418   00009418    r-x
  00000000    00000000    0000003c   0000003c    r-- .resetVecs
  00000040    00000040    00006d1a   00006d1a    r-x .text
  00006d5c    00006d5c    000024bd   000024bd    r-- .const
  00009220    00009220    000001f8   000001f8    r-- .cinit
20000000    20000000    00001e00   00000000    rw-
  20000000    20000000    00000360   00000000    rw- .vecs
  20000360    20000360    000013a0   00000000    rw- .bss
  20001700    20001700    000003fc   00000000    rw- .data
  20001b00    20001b00    00000300   00000000    rw- .stack


SECTION ALLOCATION MAP

 output                                  attributes/
section   page    origin      length       input sections
--------  ----  ----------  ----------   ----------------
.text      0    00000040    00006d1a     
                  00000040    000006ac     MotorLib.lib : motorlib.obj (.text)
                  000006ec    00000004     driverlib.lib : uart.obj (.text:UARTIntClear)
                  000006f0    00000430     sysbios.aem4f : BIOS.obj (.text:ti_sysbios_family_arm_m3_Hwi_excDumpRegs__I)
                  00000b20    0000034c     ti.targets.arm.rtsarm.aem4f : System.oem4f (.text:xdc_runtime_System_doPrint__I)
                  00000e6c    0000030c     uartstdio.obj (.text:UARTvprintf)
                  00001178    0000020c     drivers_tivaware.aem4f : UARTTiva.oem4f (.text:UARTTiva_open)
                  00001384    00000204     Boot.aem4f : Boot_sysctl.oem4f (.text:ti_catalog_arm_cortexm4_tiva_ce_Boot_sysCtlClockFreqSetI__I)
                  00001588    00000200     driverlib.lib : sysctl.obj (.text:SysCtlClockFreqSet)
                  00001788    000001f4     sysbios.aem4f : BIOS.obj (.text:ti_sysbios_family_arm_m3_Hwi_excHandlerMax__I)
                  0000197c    00000004     rtsv7M4_T_le_v4SPD16_eabi.lib : exit.c.obj (.text:abort:abort)
                  00001980    00000174     sysbios.aem4f : BIOS.obj (.text:ti_sysbios_family_arm_m3_Hwi_excBusFault__I)
                  00001af4    00000170     drivers_tivaware.aem4f : PWMTiva.oem4f (.text:PWMTiva_open)
                  00001c64    0000016c     driverlib.lib : gpio.obj (.text:GPIOPadConfigSet)
                  00001dd0    00000164     sysbios.aem4f : BIOS.obj (.text:ti_sysbios_family_arm_m3_Hwi_excUsageFault__I)
                  00001f34    00000004     empty_min_pem4f.oem4f (.text:ti_sysbios_BIOS_RtsGateProxy_enter__E)
                  00001f38    00000154     sysbios.aem4f : BIOS.obj (.text:ti_sysbios_knl_Semaphore_pend__E)
                  0000208c    00000150     drivers_tivaware.aem4f : GPIOTiva.oem4f (.text:GPIO_setConfig)
                  000021dc    00000004     empty_min_pem4f.oem4f (.text:ti_sysbios_BIOS_RtsGateProxy_leave__E)
                  000021e0    00000148     sysbios.aem4f : BIOS.obj (.text:ti_sysbios_family_arm_m3_Hwi_excMemFault__I)
                  00002328    00000118     ti.targets.arm.rtsarm.aem4f : Error.oem4f (.text:xdc_runtime_Error_policyDefault__E)
                  00002440    00000114     drivers_tivaware.aem4f : PWMTimerTiva.oem4f (.text:PWMTimerTiva_open)
                  00002554    00000004     sysbios.aem4f : BIOS.obj (.text:ti_sysbios_family_arm_lm4_Timer_masterEnable__I)
                  00002558    00000108                   : BIOS.obj (.text:ti_sysbios_family_arm_lm4_Timer_start__E)
                  00002660    00000100     ti.targets.arm.rtsarm.aem4f : Core-mem.oem4f (.text:xdc_runtime_Core_createObject__I)
                  00002760    000000f8                                 : Startup.oem4f (.text:xdc_runtime_Startup_startMods__I)
                  00002858    000000f8     empty_min_pem4f.oem4f (.text:xdc_runtime_System_printfExtend__I)
                  00002950    000000f4     sysbios.aem4f : m3_Hwi_asm.obj (.text:ti_sysbios_family_arm_m3_Hwi_dispatch__I)
                  00002a44    000000f0     drivers_tivaware.aem4f : PWMTiva.oem4f (.text:PWMTiva_setDuty)
                  00002b34    00000004     empty_min_pem4f.oem4f (.text:ti_sysbios_family_arm_m3_Hwi_destruct)
                  00002b38    000000d4     sysbios.aem4f : BIOS.obj (.text:ti_sysbios_heaps_HeapMem_alloc__E)
                  00002c0c    000000d0     empty_min.obj (.text:main)
                  00002cdc    00000004     empty_min_pem4f.oem4f (.text:ti_sysbios_family_arm_m3_TaskSupport_Module__startupDone__S)
                  00002ce0    000000cc     sysbios.aem4f : BIOS.obj (.text:ti_sysbios_knl_Task_Instance_init__E)
                  00002dac    000000cc     ti.targets.arm.rtsarm.aem4f : Core-smem.oem4f (.text:xdc_runtime_Core_constructObject__I)
                  00002e78    000000bc     sysbios.aem4f : BIOS.obj (.text:ti_sysbios_family_arm_m3_Hwi_excDebugMon__I)
                  00002f34    00000004     empty_min_pem4f.oem4f (.text:ti_sysbios_heaps_HeapMem_Module_GateProxy_enter__E)
                  00002f38    000000bc     sysbios.aem4f : BIOS.obj (.text:ti_sysbios_family_arm_m3_Hwi_excHardFault__I)
                  00002ff4    00000004     empty_min_pem4f.oem4f (.text:ti_sysbios_heaps_HeapMem_Module_GateProxy_leave__E)
                  00002ff8    000000bc     sysbios.aem4f : BIOS.obj (.text:ti_sysbios_knl_Task_Instance_finalize__E)
                  000030b4    000000b8     EK_TM4C1294XL.obj (.text:EK_TM4C1294XL_initGeneral)
                  0000316c    000000b8     drivers_tivaware.aem4f : PWMTimerTiva.oem4f (.text:PWMTimerTiva_setDuty)
                  00003224    000000ac                            : UARTTiva.oem4f (.text:readTaskBlocking)
                  000032d0    000000ac     sysbios.aem4f : BIOS.obj (.text:ti_sysbios_family_arm_lm4_Timer_enableTiva__I)
                  0000337c    000000a0     auto_init.aem4f : auto_init.oem4f (.text)
                  0000341c    000000a0     ti.targets.arm.rtsarm.aem4f : Text.oem4f (.text:xdc_runtime_Text_putMod__E)
                  000034bc    0000009c     rtsv7M4_T_le_v4SPD16_eabi.lib : memcpy_t2.asm.obj (.text)
                  00003558    0000009a     ti.targets.arm.rtsarm.aem4f : Text.oem4f (.text:xdc_runtime_Text_putSite__E)
                  000035f2    00000098     drivers_tivaware.aem4f : UARTTiva.oem4f (.text:UARTTiva_readPolling)
                  0000368a    00000002     rtsv7M4_T_le_v4SPD16_eabi.lib : _lock.c.obj (.text:_nop)
                  0000368c    00000098     Boot.aem4f : Boot.oem4f (.text:ti_catalog_arm_cortexm4_tiva_ce_Boot_sysCtlClockFreqSet__E)
                  00003724    00000094     drivers_tivaware.aem4f : UARTTiva.oem4f (.text:UARTTiva_write)
                  000037b8    00000094     empty_min.obj (.text:motor_Driver)
                  0000384c    00000004     empty_min_pem4f.oem4f (.text:ti_sysbios_knl_Clock_TimerProxy_getMaxTicks__E)
                  00003850    00000094     sysbios.aem4f : BIOS.obj (.text:ti_sysbios_family_arm_m3_Hwi_Instance_init__E)
                  000038e4    00000004     empty_min_pem4f.oem4f (.text:ti_sysbios_knl_Clock_destruct)
                  000038e8    00000094     sysbios.aem4f : BIOS.obj (.text:ti_sysbios_family_arm_m3_Hwi_initNVIC__E)
                  0000397c    00000004     empty_min_pem4f.oem4f (.text:ti_sysbios_knl_Queue_destruct)
                  00003980    00000094     sysbios.aem4f : BIOS.obj (.text:ti_sysbios_knl_Task_postInit__I)
                  00003a14    0000008c     drivers_tivaware.aem4f : GPIOTiva.oem4f (.text:GPIO_init)
                  00003aa0    0000008c                            : UARTTiva.oem4f (.text:UARTTiva_control)
                  00003b2c    0000008c     sysbios.aem4f : m3_TaskSupport_asm.obj (.text:ti_sysbios_family_arm_m3_TaskSupport_buildTaskStack)
                  00003bb8    0000008a     drivers_tivaware.aem4f : UARTTiva.oem4f (.text:readIsrTextBlocking)
                  00003c42    00000002     empty_min.obj (.text:motor_GetRPM)
                  00003c44    00000088     drivers_tivaware.aem4f : PWMTiva.oem4f (.text:PWMTiva_control)
                  00003ccc    00000004     empty_min_pem4f.oem4f (.text:ti_sysbios_knl_Semaphore_destruct)
                  00003cd0    00000084     sysbios.aem4f : BIOS.obj (.text:ti_sysbios_family_arm_m3_Hwi_postInit__I)
                  00003d54    00000082     drivers_tivaware.aem4f : UARTTiva.oem4f (.text:readIsrTextCallback)
                  00003dd6    00000002     rtsv7M4_T_le_v4SPD16_eabi.lib : div0.asm.obj (.text)
                  00003dd8    0000007c     sysbios.aem4f : BIOS.obj (.text:ti_sysbios_heaps_HeapMem_free__E)
                  00003e54    0000007a     drivers_tivaware.aem4f : UARTTiva.oem4f (.text:readTaskCallback)
                  00003ece    0000007a     rtsv7M4_T_le_v4SPD16_eabi.lib : memset_t2.asm.obj (.text)
                  00003f48    00000070     sysbios.aem4f : BIOS.obj (.text:ti_sysbios_knl_Clock_workFunc__E)
                  00003fb8    00000070                   : BIOS.obj (.text:ti_sysbios_knl_Task_exit__E)
                  00004028    0000006d     ti.targets.arm.rtsarm.aem4f : System.oem4f (.text:xdc_runtime_System_formatNum__I)
                  00004095    00000001     --HOLE-- [fill = 0]
                  00004096    00000002     empty_min_pem4f.oem4f (.text:ti_sysbios_BIOS_nullFunc__I)
                  00004098    0000006c     drivers_tivaware.aem4f : PWMTimerTiva.oem4f (.text:PWMTimerTiva_control)
                  00004104    00000004     ti.targets.arm.rtsarm.aem4f : Error.oem4f (.text:xdc_runtime_Error_getSite__E)
                  00004108    0000006c     sysbios.aem4f : BIOS.obj (.text:ti_sysbios_knl_Swi_restoreHwi__E)
                  00004174    0000006c     drivers_tivaware.aem4f : UARTTiva.oem4f (.text:writeData)
                  000041e0    0000006c     ti.targets.arm.rtsarm.aem4f : Error.oem4f (.text:xdc_runtime_Error_print__E)
                  0000424c    0000006c                                 : Memory.oem4f (.text:xdc_runtime_Memory_alloc__E)
                  000042b8    0000006a     drivers_tivaware.aem4f : PWMTiva.oem4f (.text:PWMTiva_close)
                  00004322    00000068     rtsv7M4_T_le_v4SPD16_eabi.lib : copy_decompress_lzss.c.obj (.text:decompress:lzss:__TI_decompress_lzss)
                  0000438a    00000066     ti.targets.arm.rtsarm.aem4f : Core-mem.oem4f (.text:xdc_runtime_Core_deleteObject__I)
                  000043f0    00000064     drivers_tivaware.aem4f : GPIOTiva.oem4f (.text:GPIO_hwiIntFxn)
                  00004454    00000004     empty_min_pem4f.oem4f (.text:xdc_runtime_System_Module_GateProxy_enter__E)
                  00004458    00000064     sysbios.aem4f : BIOS.obj (.text:ti_sysbios_family_arm_lm4_Timer_Module_startup__E)
                  000044bc    00000064     empty_min_pem4f.oem4f (.text:ti_sysbios_family_arm_m3_Hwi_create)
                  00004520    00000064     sysbios.aem4f : BIOS.obj (.text:ti_sysbios_family_arm_m3_Hwi_dispatchC__I)
                  00004584    00000004     empty_min_pem4f.oem4f (.text:xdc_runtime_System_Module_GateProxy_leave__E)
                  00004588    00000064     sysbios.aem4f : BIOS.obj (.text:ti_sysbios_knl_Semaphore_post__E)
                  000045ec    00000060     driverlib.lib : timer.obj (.text:TimerConfigure)
                  0000464c    0000005e     drivers_tivaware.aem4f : UARTTiva.oem4f (.text:readIsrBinaryBlocking)
                  000046aa    00000006     driverlib.lib : gpio.obj (.text:GPIOIntClear)
                  000046b0    0000005c     sysbios.aem4f : BIOS.obj (.text:ti_sysbios_knl_Swi_run__I)
                  0000470c    00000004     ti.targets.arm.rtsarm.aem4f : System.oem4f (.text:xdc_runtime_System_aprintf_va__F)
                  00004710    0000005c     sysbios.aem4f : BIOS.obj (.text:ti_sysbios_knl_Swi_schedule__I)
                  0000476c    00000004     ti.targets.arm.rtsarm.aem4f : System.oem4f (.text:xdc_runtime_System_printf_va__F)
                  00004770    0000005c     sysbios.aem4f : BIOS.obj (.text:ti_sysbios_knl_Task_Module_startup__E)
                  000047cc    00000002     empty_min_pem4f.oem4f (.text:xdc_runtime_Startup_reset__I)
                  000047ce    00000002     --HOLE-- [fill = 0]
                  000047d0    0000005c     sysbios.aem4f : BIOS.obj (.text:ti_sysbios_knl_Task_startCore__E)
                  0000482c    0000005b     ti.targets.arm.rtsarm.aem4f : Text.oem4f (.text:xdc_runtime_Text_putLab__E)
                  00004887    00000001     --HOLE-- [fill = 0]
                  00004888    00000058     boot.aem4f : boot.oem4f (.text)
                  000048e0    00000058     driverlib.lib : gpio.obj (.text:GPIOIntTypeSet)
                  00004938    00000058     rtsv7M4_T_le_v4SPD16_eabi.lib : hostwrite.c.obj (.text:HOSTwrite)
                  00004990    00000058     empty_min_pem4f.oem4f (.text:ti_sysbios_family_arm_m3_Hwi_construct)
                  000049e8    00000058     sysbios.aem4f : m3_Hwi_asm_switch.obj (.text:ti_sysbios_family_arm_m3_Hwi_initStacks__E)
                  00004a40    00000054     uartstdio.obj (.text:UARTStdioConfig)
                  00004a94    00000054     uartstdio.obj (.text:UARTwrite)
                  00004ae8    00000054     drivers_tivaware.aem4f : UARTTiva.oem4f (.text:readIsrBinaryCallback)
                  00004b3c    00000004     --HOLE-- [fill = 0]
                  00004b40    00000054     sysbios.aem4f : BIOS.obj (.text:ti_sysbios_family_arm_lm4_Timer_initDevice__I)
                  00004b94    00000054     empty_min_pem4f.oem4f (.text:ti_sysbios_knl_Task_construct)
                  00004be8    00000054     ti.targets.arm.rtsarm.aem4f : Assert.oem4f (.text:xdc_runtime_Assert_raise__I)
                  00004c3c    00000050     drivers_tivaware.aem4f : GPIOTiva.oem4f (.text:GPIO_setCallback)
                  00004c8c    00000050                            : GPIOTiva.oem4f (.text:GPIO_write)
                  00004cdc    00000050                            : UARTTiva.oem4f (.text:UARTTiva_writeCancel)
                  00004d2c    00000050     Boot.aem4f : Boot_sysctl.oem4f (.text:_SysCtlFrequencyGet)
                  00004d7c    00000004     --HOLE-- [fill = 0]
                  00004d80    00000050     sysbios.aem4f : BIOS.obj (.text:ti_sysbios_family_arm_m3_Hwi_Module_startup__E)
                  00004dd0    00000050                   : BIOS.obj (.text:ti_sysbios_knl_Clock_Instance_init__E)
                  00004e20    00000050     ti.targets.arm.rtsarm.aem4f : Startup.oem4f (.text:xdc_runtime_Startup_exec__E)
                  00004e70    00000050                                 : Text.oem4f (.text:xdc_runtime_Text_visitRope2__I)
                  00004ec0    0000004c     driverlib.lib : gpio.obj (.text:GPIOPinConfigure)
                  00004f0c    0000004c     drivers_tivaware.aem4f : UARTTiva.oem4f (.text:UARTTiva_close)
                  00004f58    0000004c     rtsv7M4_T_le_v4SPD16_eabi.lib : cpy_tbl.c.obj (.text:copy_in)
                  00004fa4    00000004     --HOLE-- [fill = 0]
                  00004fa8    0000004c     sysbios.aem4f : BIOS.obj (.text:ti_sysbios_family_arm_lm4_Timer_setAvailMask__E)
                  00004ff4    00000004     --HOLE-- [fill = 0]
                  00004ff8    0000004c                   : BIOS.obj (.text:ti_sysbios_heaps_HeapMem_getStats__E)
                  00005044    00000004     --HOLE-- [fill = 0]
                  00005048    0000004c                   : BIOS.obj (.text:ti_sysbios_knl_Swi_runLoop__I)
                  00005094    00000004     --HOLE-- [fill = 0]
                  00005098    0000004c                   : BIOS.obj (.text:ti_sysbios_knl_Task_allBlockedFunction__I)
                  000050e4    00000004     --HOLE-- [fill = 0]
                  000050e8    0000004c                   : BIOS.obj (.text:ti_sysbios_knl_Task_schedule__I)
                  00005134    0000004a     drivers_tivaware.aem4f : PWMTimerTiva.oem4f (.text:PWMTimerTiva_close)
                  0000517e    00000002     --HOLE-- [fill = 0]
                  00005180    00000048     driverlib.lib : sysctl.obj (.text:_SysCtlFrequencyGet)
                  000051c8    00000048     sysbios.aem4f : BIOS.obj (.text:ti_sysbios_family_arm_lm4_Timer_enableTimers__I)
                  00005210    00000048                   : BIOS.obj (.text:ti_sysbios_family_arm_m3_Hwi_disableInterrupt__E)
                  00005258    00000048                   : BIOS.obj (.text:ti_sysbios_family_arm_m3_Hwi_enableInterrupt__E)
                  000052a0    00000048                   : BIOS.obj (.text:ti_sysbios_family_arm_m3_Hwi_excReserved__I)
                  000052e8    00000046     drivers_tivaware.aem4f : RingBuf.oem4f (.text:RingBuf_put)
                  0000532e    00000046     driverlib.lib : uart.obj (.text:UARTConfigSetExpClk)
                  00005374    00000046     ti.targets.arm.rtsarm.aem4f : Core-params.oem4f (.text:xdc_runtime_Core_assignParams__I)
                  000053ba    00000002     --HOLE-- [fill = 0]
                  000053bc    00000044     empty_min.obj (.text:ConfigureUART)
                  00005400    00000044     sysbios.aem4f : BIOS.obj (.text:ti_sysbios_family_arm_lm4_Timer_isrStub__E)
                  00005444    00000004     --HOLE-- [fill = 0]
                  00005448    00000044                   : BIOS.obj (.text:ti_sysbios_family_arm_m3_Hwi_getStackInfo__E)
                  0000548c    00000004     --HOLE-- [fill = 0]
                  00005490    00000044                   : BIOS.obj (.text:ti_sysbios_knl_Swi_post__E)
                  000054d4    00000044     ti.targets.arm.rtsarm.aem4f : Error.oem4f (.text:xdc_runtime_Error_setX__E)
                  00005518    00000044                                 : SysMin.oem4f (.text:xdc_runtime_SysMin_flush__E)
                  0000555c    00000044                                 : Text.oem4f (.text:xdc_runtime_Text_xprintf__I)
                  000055a0    00000042     drivers_tivaware.aem4f : UARTTiva.oem4f (.text:UARTTiva_hwiIntFxn)
                  000055e2    00000042                            : UARTTiva.oem4f (.text:UARTTiva_writePolling)
                  00005624    00000040                            : RingBuf.oem4f (.text:RingBuf_get)
                  00005664    00000040                            : UARTTiva.oem4f (.text:UARTTiva_read)
                  000056a4    00000040     rtsv7M4_T_le_v4SPD16_eabi.lib : u_divt2.asm.obj (.text)
                  000056e4    00000004     --HOLE-- [fill = 0]
                  000056e8    00000040     sysbios.aem4f : BIOS.obj (.text:ti_sysbios_family_arm_lm4_Timer_startup__E)
                  00005728    00000040                   : BIOS.obj (.text:ti_sysbios_heaps_HeapMem_Instance_init__E)
                  00005768    0000003c                   : BIOS.obj (.text:ti_sysbios_family_arm_m3_Hwi_excSvCall__I)
                  000057a4    00000004     --HOLE-- [fill = 0]
                  000057a8    0000003c                   : BIOS.obj (.text:ti_sysbios_heaps_HeapMem_init__I)
                  000057e4    00000004     --HOLE-- [fill = 0]
                  000057e8    0000003c                   : BIOS.obj (.text:ti_sysbios_knl_Swi_restore__E)
                  00005824    00000038     drivers_tivaware.aem4f : PWM.oem4f (.text:PWM_init)
                  0000585c    00000038     driverlib.lib : sysctl.obj (.text:SysCtlPeripheralPresent)
                  00005894    00000038                   : sysctl.obj (.text:SysCtlPeripheralReady)
                  000058cc    00000038     drivers_tivaware.aem4f : UART.oem4f (.text:UART_init)
                  00005904    00000038     rtsv7M4_T_le_v4SPD16_eabi.lib : trgmsg.c.obj (.text:__TI_writemsg)
                  0000593c    00000004     --HOLE-- [fill = 0]
                  00005940    00000038     sysbios.aem4f : BIOS.obj (.text:ti_sysbios_family_arm_m3_Hwi_excNoIsr__I)
                  00005978    00000038                   : BIOS.obj (.text:ti_sysbios_knl_Task_processVitalTaskFlag__I)
                  000059b0    00000038     ti.targets.arm.rtsarm.aem4f : SysMin.oem4f (.text:xdc_runtime_SysMin_putch__E)
                  000059e8    00000038                                 : System.oem4f (.text:xdc_runtime_System_atexit__E)
                  00005a20    00000036     drivers_tivaware.aem4f : UARTTiva.oem4f (.text:UARTTiva_readCancel)
                  00005a56    00000002     --HOLE-- [fill = 0]
                  00005a58    00000034     driverlib.lib : sysctl.obj (.text:SysCtlPeripheralEnable)
                  00005a8c    00000034     rtsv7M4_T_le_v4SPD16_eabi.lib : trgmsg.c.obj (.text:__TI_readmsg)
                  00005ac0    00000034     sysbios.aem4f : BIOS.obj (.text:ti_sysbios_family_arm_m3_Hwi_Instance_finalize__E)
                  00005af4    00000004     --HOLE-- [fill = 0]
                  00005af8    00000034                   : BIOS.obj (.text:ti_sysbios_family_arm_m3_Hwi_excNmi__I)
                  00005b2c    00000034     empty_min_pem4f.oem4f (.text:ti_sysbios_knl_Clock_construct)
                  00005b60    00000034     ti.targets.arm.rtsarm.aem4f : Core-label.oem4f (.text:xdc_runtime_Core_assignLabel__I)
                  00005b94    00000033                                 : Text.oem4f (.text:xdc_runtime_Text_printVisFxn__I)
                  00005bc7    00000001     --HOLE-- [fill = 0]
                  00005bc8    00000032     sysbios.aem4f : BIOS.obj (.text:ti_sysbios_hal_Hwi_initStack)
                  00005bfa    00000002     --HOLE-- [fill = 0]
                  00005bfc    00000030     drivers_tivaware.aem4f : PWMTiva.oem4f (.text:PWMTiva_init)
                  00005c2c    00000030                            : PWM.oem4f (.text:PWM_open)
                  00005c5c    00000030     empty_min_pem4f.oem4f (.text:ti_sysbios_BIOS_atExitFunc__I)
                  00005c8c    00000004     --HOLE-- [fill = 0]
                  00005c90    00000030     sysbios.aem4f : BIOS.obj (.text:ti_sysbios_family_arm_lm4_Timer_stop__E)
                  00005cc0    00000030                   : BIOS.obj (.text:ti_sysbios_family_arm_m3_TaskSupport_start__E)
                  00005cf0    00000030     empty_min_pem4f.oem4f (.text:ti_sysbios_gates_GateHwi_Object__create__S)
                  00005d20    00000030     empty_min_pem4f.oem4f (.text:ti_sysbios_gates_GateMutex_Object__create__S)
                  00005d50    00000030     sysbios.aem4f : BIOS.obj (.text:ti_sysbios_gates_GateMutex_enter__E)
                  00005d80    00000030     empty_min_pem4f.oem4f (.text:ti_sysbios_heaps_HeapMem_Object__create__S)
                  00005db0    00000030     empty_min_pem4f.oem4f (.text:ti_sysbios_knl_Semaphore_construct)
                  00005de0    00000030     sysbios.aem4f : BIOS.obj (.text:ti_sysbios_knl_Semaphore_pendTimeout__I)
                  00005e10    00000030                   : BIOS.obj (.text:ti_sysbios_knl_Task_unblockI__E)
                  00005e40    00000030     ti.targets.arm.rtsarm.aem4f : SysMin.oem4f (.text:xdc_runtime_SysMin_abort__E)
                  00005e70    00000030                                 : System.oem4f (.text:xdc_runtime_System_processAtExit__E)
                  00005ea0    0000002c     EK_TM4C1294XL.obj (.text:EK_TM4C1294XL_initUART)
                  00005ecc    0000002c     driverlib.lib : gpio.obj (.text:GPIODirModeSet)
                  00005ef8    0000002c     empty_min_pem4f.oem4f (.text:ti_sysbios_knl_Clock_doTick__I)
                  00005f24    0000002c     empty_min_pem4f.oem4f (.text:ti_sysbios_knl_Queue_construct)
                  00005f50    0000002c     sysbios.aem4f : BIOS.obj (.text:ti_sysbios_knl_Task_restore__E)
                  00005f7c    0000002c     ti.targets.arm.rtsarm.aem4f : Text.oem4f (.text:xdc_runtime_Text_cordText__E)
                  00005fa8    0000002a                                 : System.oem4f (.text:xdc_runtime_System_putchar__I)
                  00005fd2    00000002     --HOLE-- [fill = 0]
                  00005fd4    00000028     empty_min.obj (.text:motor_initHall)
                  00005ffc    00000004     --HOLE-- [fill = 0]
                  00006000    00000028     sysbios.aem4f : BIOS.obj (.text:ti_sysbios_knl_Swi_Module_startup__E)
                  00006028    00000026                   : m3_Hwi_asm.obj (.text:ti_sysbios_family_arm_m3_Hwi_pendSV__I)
                  0000604e    00000026     ti.targets.arm.rtsarm.aem4f : System.oem4f (.text:xdc_runtime_System_avprintf__E)
                  00006074    00000024     uartstdio.obj (.text:UARTprintf)
                  00006098    00000024     empty_min_pem4f.oem4f (.text:ti_sysbios_BIOS_errorRaiseHook__I)
                  000060bc    00000024     empty_min_pem4f.oem4f (.text:ti_sysbios_BIOS_registerRTSLock__I)
                  000060e0    00000024     empty_min_pem4f.oem4f (.text:ti_sysbios_BIOS_removeRTSLock__I)
                  00006104    00000024     empty_min_pem4f.oem4f (.text:ti_sysbios_BIOS_startFunc__I)
                  00006128    00000024     empty_min_pem4f.oem4f (.text:ti_sysbios_gates_GateMutex_Object__delete__S)
                  0000614c    00000004     --HOLE-- [fill = 0]
                  00006150    00000024     sysbios.aem4f : BIOS.obj (.text:ti_sysbios_knl_Clock_Module_startup__E)
                  00006174    00000004     --HOLE-- [fill = 0]
                  00006178    00000024                   : BIOS.obj (.text:ti_sysbios_knl_Clock_start__E)
                  0000619c    00000004     --HOLE-- [fill = 0]
                  000061a0    00000024                   : BIOS.obj (.text:ti_sysbios_knl_Semaphore_Instance_init__E)
                  000061c4    00000004     --HOLE-- [fill = 0]
                  000061c8    00000024                   : BIOS.obj (.text:ti_sysbios_knl_Task_restoreHwi__E)
                  000061ec    00000024     ti.targets.arm.rtsarm.aem4f : System.oem4f (.text:xdc_runtime_System_vprintf__E)
                  00006210    00000022     driverlib.lib : pwm.obj (.text:PWMGenConfigure)
                  00006232    00000022     drivers_tivaware.aem4f : PWMTiva.oem4f (.text:PWMTiva_getPeriodCounts)
                  00006254    00000004     --HOLE-- [fill = 0]
                  00006258    00000022     sysbios.aem4f : BIOS.obj (.text:ti_sysbios_family_arm_lm4_Timer_write__I)
                  0000627a    00000022     empty_min_pem4f.oem4f (.text:xdc_runtime_SysMin_output__I)
                  0000629c    00000020     driverlib.lib : uart.obj (.text:UARTDisable)
                  000062bc    00000020     Boot.aem4f : Boot_sysctl.oem4f (.text:_SysCtlMemTimingGet)
                  000062dc    00000020     driverlib.lib : sysctl.obj (.text:_SysCtlMemTimingGet)
                  000062fc    00000020     empty_min_pem4f.oem4f (.text:ti_sysbios_BIOS_rtsLock__I)
                  0000631c    00000020     sysbios.aem4f : m3_Hwi_asm.obj (.text:ti_sysbios_family_arm_m3_Hwi_excHandlerAsm__I)
                  0000633c    00000004     --HOLE-- [fill = 0]
                  00006340    00000020                   : BIOS.obj (.text:ti_sysbios_family_arm_m3_Hwi_excHandler__I)
                  00006360    00000020     empty_min_pem4f.oem4f (.text:ti_sysbios_gates_GateHwi_Object__delete__S)
                  00006380    00000020     empty_min_pem4f.oem4f (.text:ti_sysbios_heaps_HeapMem_Object__delete__S)
                  000063a0    00000020     empty_min_pem4f.oem4f (.text:ti_sysbios_knl_Clock_Object__destruct__S)
                  000063c0    00000020     sysbios.aem4f : BIOS.obj (.text:ti_sysbios_knl_Idle_run__E)
                  000063e0    00000020     empty_min_pem4f.oem4f (.text:ti_sysbios_knl_Semaphore_Object__destruct__S)
                  00006400    00000020     ti.targets.arm.rtsarm.aem4f : Registry.oem4f (.text:xdc_runtime_Registry_findById__E)
                  00006420    00000020                                 : SysMin.oem4f (.text:xdc_runtime_SysMin_Module_startup__E)
                  00006440    0000001e     driverlib.lib : pwm.obj (.text:PWMPulseWidthSet)
                  0000645e    0000001e     drivers_tivaware.aem4f : PWMTiva.oem4f (.text:PWMTiva_getPeriodMicroSecs)
                  0000647c    0000001e     sysbios.aem4f : m3_Hwi_asm_switch.obj (.text:ti_sysbios_family_xxx_Hwi_switchAndRunFunc)
                  0000649a    0000001c     drivers_tivaware.aem4f : GPIOTiva.oem4f (.text:getGpioIntIndex)
                  000064b6    00000002     --HOLE-- [fill = 0]
                  000064b8    0000001c     empty_min_pem4f.oem4f (.text:ti_sysbios_family_arm_m3_Hwi_Object__destruct__S)
                  000064d4    00000004     --HOLE-- [fill = 0]
                  000064d8    0000001c     sysbios.aem4f : BIOS.obj (.text:ti_sysbios_gates_GateMutex_Instance_init__E)
                  000064f4    00000004     --HOLE-- [fill = 0]
                  000064f8    0000001c                   : BIOS.obj (.text:ti_sysbios_knl_Clock_Instance_finalize__E)
                  00006514    0000001c     empty_min_pem4f.oem4f (.text:ti_sysbios_knl_Queue_Object__destruct__S)
                  00006530    0000001c     sysbios.aem4f : BIOS.obj (.text:ti_sysbios_knl_Queue_put__E)
                  0000654c    00000004     --HOLE-- [fill = 0]
                  00006550    0000001c                   : BIOS.obj (.text:ti_sysbios_knl_Task_enter__I)
                  0000656c    0000001c     ti.targets.arm.rtsarm.aem4f : Error.oem4f (.text:xdc_runtime_Error_raiseX__E)
                  00006588    0000001c                                 : Memory.oem4f (.text:xdc_runtime_Memory_valloc__E)
                  000065a4    0000001c                                 : SysMin.oem4f (.text:xdc_runtime_SysMin_exit__E)
                  000065c0    0000001c                                 : System.oem4f (.text:xdc_runtime_System_abort__E)
                  000065dc    0000001a     driverlib.lib : gpio.obj (.text:GPIOPinTypeGPIOOutput)
                  000065f6    0000001a     empty_min_pem4f.oem4f (.text:ti_sysbios_family_arm_m3_Hwi_Handle__label__S)
                  00006610    0000001a     empty_min_pem4f.oem4f (.text:ti_sysbios_gates_GateHwi_Handle__label__S)
                  0000662a    0000001a     empty_min_pem4f.oem4f (.text:ti_sysbios_gates_GateMutex_Handle__label__S)
                  00006644    0000001a     empty_min_pem4f.oem4f (.text:ti_sysbios_heaps_HeapMem_Handle__label__S)
                  0000665e    0000001a     empty_min_pem4f.oem4f (.text:ti_sysbios_knl_Swi_Handle__label__S)
                  00006678    0000001a     empty_min_pem4f.oem4f (.text:ti_sysbios_knl_Task_Handle__label__S)
                  00006692    0000001a     empty_min_pem4f.oem4f (.text:xdc_runtime_System_aprintf__E)
                  000066ac    0000001a     empty_min_pem4f.oem4f (.text:xdc_runtime_System_printf__E)
                  000066c6    00000018     driverlib.lib : timer.obj (.text:TimerControlLevel)
                  000066de    00000002     --HOLE-- [fill = 0]
                  000066e0    00000018                   : timer.obj (.text:TimerDisable)
                  000066f8    00000018     rtsv7M4_T_le_v4SPD16_eabi.lib : args_main.c.obj (.text:_args_main)
                  00006710    00000018     empty_min_pem4f.oem4f (.text:ti_sysbios_BIOS_rtsUnlock__I)
                  00006728    00000018     empty_min_pem4f.oem4f (.text:ti_sysbios_family_arm_lm4_Timer_Module__startupDone__F)
                  00006740    00000018     empty_min_pem4f.oem4f (.text:ti_sysbios_family_arm_m3_Hwi_Module__startupDone__F)
                  00006758    00000018     sysbios.aem4f : m3_TaskSupport_asm.obj (.text:ti_sysbios_family_arm_m3_TaskSupport_swap__E)
                  00006770    00000018                   : BIOS.obj (.text:ti_sysbios_gates_GateMutex_leave__E)
                  00006788    00000018     ti.targets.arm.rtsarm.aem4f : Error.oem4f (.text:xdc_runtime_Error_check__E)
                  000067a0    00000018                                 : System.oem4f (.text:xdc_runtime_System_exit__E)
                  000067b8    00000018                                 : Text.oem4f (.text:xdc_runtime_Text_ropeText__E)
                  000067d0    00000016     driverlib.lib : gpio.obj (.text:GPIOPinTypeGPIOInput)
                  000067e6    00000016                   : gpio.obj (.text:GPIOPinTypePWM)
                  000067fc    00000016                   : gpio.obj (.text:GPIOPinTypeTimer)
                  00006812    00000016                   : gpio.obj (.text:GPIOPinTypeUART)
                  00006828    00000016     empty_min_pem4f.oem4f (.text:ti_sysbios_BIOS_exitFunc__I)
                  0000683e    00000016     empty_min.obj (.text:ti_sysbios_knl_Task_Params_init)
                  00006854    00000014     driverlib.lib : pwm.obj (.text:PWMClockSet)
                  00006868    00000014                   : sysctl.obj (.text:SysCtlPWMClockSet)
                  0000687c    00000014                   : uart.obj (.text:UARTEnable)
                  00006890    00000014     rtsv7M4_T_le_v4SPD16_eabi.lib : strlen.c.obj (.text:strlen)
                  000068a4    00000014     empty_min_pem4f.oem4f (.text:ti_sysbios_family_arm_m3_Hwi_Object__get__S)
                  000068b8    00000014     sysbios.aem4f : BIOS.obj (.text:ti_sysbios_family_arm_m3_Hwi_switchFromBootStack__E)
                  000068cc    00000014     empty_min_pem4f.oem4f (.text:ti_sysbios_heaps_HeapMem_Object__get__S)
                  000068e0    00000014     empty_min_pem4f.oem4f (.text:ti_sysbios_knl_Swi_Object__get__S)
                  000068f4    00000012     driverlib.lib : pwm.obj (.text:PWMGenPeriodGet)
                  00006906    00000012                   : pwm.obj (.text:PWMOutputInvert)
                  00006918    00000012                   : pwm.obj (.text:PWMOutputState)
                  0000692a    00000012     drivers_tivaware.aem4f : RingBuf.oem4f (.text:RingBuf_construct)
                  0000693c    00000012     driverlib.lib : timer.obj (.text:TimerLoadSet)
                  0000694e    00000012                   : timer.obj (.text:TimerMatchSet)
                  00006960    00000012                   : timer.obj (.text:TimerPrescaleMatchSet)
                  00006972    00000012                   : timer.obj (.text:TimerPrescaleSet)
                  00006984    00000004     --HOLE-- [fill = 0]
                  00006988    00000012     sysbios.aem4f : BIOS.obj (.text:ti_sysbios_hal_Hwi_Module_startup__E)
                  0000699a    00000012     empty_min_pem4f.oem4f (.text:xdc_runtime_Startup_exec__I)
                  000069ac    00000010     empty_min_pem4f.oem4f (.text:.bootCodeSection:ti_catalog_arm_cortexm4_tiva_ce_Boot_init__I)
                  000069bc    00000010     driverlib.lib : pwm.obj (.text:PWMGenPeriodSet)
                  000069cc    00000010     drivers_tivaware.aem4f : PWM.oem4f (.text:PWM_Params_init)
                  000069dc    00000010                            : UARTTiva.oem4f (.text:readBlockingTimeout)
                  000069ec    00000004     --HOLE-- [fill = 0]
                  000069f0    00000010     sysbios.aem4f : BIOS.obj (.text:ti_sysbios_BIOS_getCpuFreq__E)
                  00006a00    00000010                   : BIOS.obj (.text:ti_sysbios_BIOS_setThreadType__E)
                  00006a10    00000010                   : BIOS.obj (.text:ti_sysbios_BIOS_start__E)
                  00006a20    00000010                   : m3_TaskSupport_asm.obj (.text:ti_sysbios_family_arm_m3_TaskSupport_glue)
                  00006a30    00000010                   : BIOS.obj (.text:ti_sysbios_gates_GateMutex_Instance_finalize__E)
                  00006a40    00000010                   : BIOS.obj (.text:ti_sysbios_knl_Semaphore_Instance_finalize__E)
                  00006a50    00000010                   : BIOS.obj (.text:ti_sysbios_knl_Swi_disable__E)
                  00006a60    00000010                   : BIOS.obj (.text:ti_sysbios_knl_Task_disable__E)
                  00006a70    00000010     ti.targets.arm.rtsarm.aem4f : Gate.oem4f (.text:xdc_runtime_Gate_leaveSystem__E)
                  00006a80    00000010                                 : Memory.oem4f (.text:xdc_runtime_Memory_free__E)
                  00006a90    00000010                                 : SysMin.oem4f (.text:xdc_runtime_SysMin_ready__E)
                  00006aa0    00000010                                 : System.oem4f (.text:xdc_runtime_System_vsnprintf__E)
                  00006ab0    00000010     empty_min_pem4f.oem4f (.text:xdc_runtime_Text_visitRope__I)
                  00006ac0    0000000e     driverlib.lib : gpio.obj (.text:GPIOIntStatus)
                  00006ace    0000000e                   : timer.obj (.text:TimerEnable)
                  00006adc    0000000e                   : uart.obj (.text:UARTCharGetNonBlocking)
                  00006aea    0000000e                   : uart.obj (.text:UARTCharPutNonBlocking)
                  00006af8    0000000e     rtsv7M4_T_le_v4SPD16_eabi.lib : copy_decompress_none.c.obj (.text:decompress:none:__TI_decompress_none)
                  00006b06    00000002     --HOLE-- [fill = 0]
                  00006b08    0000000e     sysbios.aem4f : BIOS.obj (.text:ti_sysbios_knl_Queue_empty__E)
                  00006b16    0000000e     empty_min_pem4f.oem4f (.text:ti_sysbios_knl_Task_Object__get__S)
                  00006b24    0000000c     driverlib.lib : pwm.obj (.text:PWMGenDisable)
                  00006b30    0000000c                   : pwm.obj (.text:PWMGenEnable)
                  00006b3c    0000000c     drivers_tivaware.aem4f : RingBuf.oem4f (.text:RingBuf_peek)
                  00006b48    0000000c     driverlib.lib : uart.obj (.text:UARTFlowControlSet)
                  00006b54    0000000c     drivers_tivaware.aem4f : UARTTiva.oem4f (.text:UARTTiva_init)
                  00006b60    0000000c     rtsv7M4_T_le_v4SPD16_eabi.lib : _lock.c.obj (.text:_register_lock)
                  00006b6c    0000000c                                   : _lock.c.obj (.text:_register_unlock)
                  00006b78    0000000c                                   : copy_zero_init.c.obj (.text:decompress:ZI:__TI_zero_init)
                  00006b84    00000004     --HOLE-- [fill = 0]
                  00006b88    0000000c     sysbios.aem4f : BIOS.obj (.text:ti_sysbios_family_arm_lm4_Timer_getAvailMask__E)
                  00006b94    00000004     --HOLE-- [fill = 0]
                  00006b98    0000000c                   : BIOS.obj (.text:ti_sysbios_family_arm_lm4_Timer_getMaxTicks__E)
                  00006ba4    0000000c     empty_min_pem4f.oem4f (.text:ti_sysbios_family_arm_m3_Hwi_Params__init__S)
                  00006bb0    0000000c     sysbios.aem4f : BIOS.obj (.text:ti_sysbios_family_arm_m3_Hwi_disableFxn__E)
                  00006bbc    00000004     --HOLE-- [fill = 0]
                  00006bc0    0000000c                   : BIOS.obj (.text:ti_sysbios_family_arm_m3_TaskSupport_getStackAlignment__E)
                  00006bcc    00000004     --HOLE-- [fill = 0]
                  00006bd0    0000000c                   : BIOS.obj (.text:ti_sysbios_gates_GateHwi_enter__E)
                  00006bdc    0000000c     empty_min_pem4f.oem4f (.text:ti_sysbios_knl_Clock_Params__init__S)
                  00006be8    0000000c     empty_min_pem4f.oem4f (.text:ti_sysbios_knl_Queue_Object__get__S)
                  00006bf4    0000000c     empty_min_pem4f.oem4f (.text:ti_sysbios_knl_Semaphore_Params__init__S)
                  00006c00    0000000c     empty_min_pem4f.oem4f (.text:ti_sysbios_knl_Task_Params__init__S)
                  00006c0c    0000000c     ti.targets.arm.rtsarm.aem4f : Error.oem4f (.text:xdc_runtime_Error_init__E)
                  00006c18    0000000c                                 : Gate.oem4f (.text:xdc_runtime_Gate_enterSystem__E)
                  00006c24    0000000c                                 : Memory.oem4f (.text:xdc_runtime_Memory_calloc__E)
                  00006c30    0000000c                                 : Memory.oem4f (.text:xdc_runtime_Memory_getMaxDefaultTypeAlign__E)
                  00006c3c    0000000a     drivers_tivaware.aem4f : PWMTimerTiva.oem4f (.text:PWMTimerTiva_getPeriodCounts)
                  00006c46    0000000a                            : PWM.oem4f (.text:PWM_setDuty)
                  00006c50    0000000a     driverlib.lib : uart.obj (.text:UARTCharGet)
                  00006c5a    0000000a                   : uart.obj (.text:UARTCharPut)
                  00006c64    0000000a                   : uart.obj (.text:UARTIntDisable)
                  00006c6e    0000000a                   : uart.obj (.text:UARTIntStatus)
                  00006c78    0000000a     empty_min_pem4f.oem4f (.text:xdc_runtime_IHeap_alloc)
                  00006c82    0000000a     empty_min_pem4f.oem4f (.text:xdc_runtime_IHeap_free)
                  00006c8c    00000008     EK_TM4C1294XL.obj (.text:EK_TM4C1294XL_initGPIO)
                  00006c94    00000008     drivers_tivaware.aem4f : PWMTimerTiva.oem4f (.text:PWMTimerTiva_init)
                  00006c9c    00000008     driverlib.lib : uart.obj (.text:UARTIntEnable)
                  00006ca4    00000008                   : uart.obj (.text:UARTRxErrorGet)
                  00006cac    00000008     drivers_tivaware.aem4f : UARTTiva.oem4f (.text:readSemCallback)
                  00006cb4    00000008     sysbios.aem4f : BIOS.obj (.text:ti_sysbios_family_arm_lm4_Timer_masterDisable__I)
                  00006cbc    00000004     --HOLE-- [fill = 0]
                  00006cc0    00000008                   : BIOS.obj (.text:ti_sysbios_family_arm_m3_Hwi_doSwiRestore__I)
                  00006cc8    00000008                   : BIOS.obj (.text:ti_sysbios_family_arm_m3_Hwi_startup__E)
                  00006cd0    00000008     drivers_tivaware.aem4f : UARTTiva.oem4f (.text:writeSemCallback)
                  00006cd8    00000006     driverlib.lib : gpio.obj (.text:GPIOPinRead)
                  00006cde    00000006                   : gpio.obj (.text:GPIOPinWrite)
                  00006ce4    00000006     drivers_tivaware.aem4f : PWMTimerTiva.oem4f (.text:PWMTimerTiva_getPeriodMicroSecs)
                  00006cea    00000006     driverlib.lib : uart.obj (.text:UARTFIFOLevelSet)
                  00006cf0    00000006                   : uart.obj (.text:UARTRxErrorClear)
                  00006cf6    00000002     --HOLE-- [fill = 0]
                  00006cf8    00000006     sysbios.aem4f : BIOS.obj (.text:ti_sysbios_family_arm_m3_Hwi_doTaskRestore__I)
                  00006cfe    00000002     --HOLE-- [fill = 0]
                  00006d00    00000006                   : BIOS.obj (.text:ti_sysbios_family_arm_m3_Hwi_restoreFxn__E)
                  00006d06    00000002     --HOLE-- [fill = 0]
                  00006d08    00000006                   : BIOS.obj (.text:ti_sysbios_gates_GateHwi_leave__E)
                  00006d0e    00000002     --HOLE-- [fill = 0]
                  00006d10    00000006                   : BIOS.obj (.text:ti_sysbios_heaps_HeapMem_isBlocking__E)
                  00006d16    00000002     --HOLE-- [fill = 0]
                  00006d18    00000006                   : BIOS.obj (.text:ti_sysbios_knl_Clock_stop__E)
                  00006d1e    00000002     --HOLE-- [fill = 0]
                  00006d20    00000006                   : BIOS.obj (.text:ti_sysbios_knl_Queue_Instance_init__E)
                  00006d26    00000002     --HOLE-- [fill = 0]
                  00006d28    00000006                   : BIOS.obj (.text:ti_sysbios_knl_Swi_startup__E)
                  00006d2e    00000006     ti.targets.arm.rtsarm.aem4f : System.oem4f (.text:xdc_runtime_System_Module_startup__E)
                  00006d34    00000004     --HOLE-- [fill = 0]
                  00006d38    00000004     sysbios.aem4f : BIOS.obj (.text:ti_sysbios_gates_GateHwi_query__E)
                  00006d3c    00000004     --HOLE-- [fill = 0]
                  00006d40    00000004                   : BIOS.obj (.text:ti_sysbios_gates_GateMutex_query__E)
                  00006d44    00000004     --HOLE-- [fill = 0]
                  00006d48    00000004                   : BIOS.obj (.text:ti_sysbios_knl_Task_startup__E)
                  00006d4c    00000004     --HOLE-- [fill = 0]
                  00006d50    00000002                   : BIOS.obj (.text:ti_sysbios_gates_GateHwi_Instance_init__E)
                  00006d52    00000006     --HOLE-- [fill = 0]
                  00006d58    00000002                   : BIOS.obj (.text:ti_sysbios_knl_Clock_logTick__E)

.const     0    00006d5c    000024bd     
                  00006d5c    00001844     empty_min_pem4f.oem4f (.const:xdc_runtime_Text_charTab__A)
                  000085a0    000001b0     driverlib.lib : sysctl.obj (.const:g_pppui32XTALtoVCO)
                  00008750    00000120     Boot.aem4f : Boot_sysctl.oem4f (.const:g_pppui32XTALtoVCO)
                  00008870    000000bc     empty_min_pem4f.oem4f (.const:xdc_runtime_Text_nodeTab__A)
                  0000892c    00000090     driverlib.lib : gpio.obj (.const:g_pui32GPIOBaseAddrs)
                  000089bc    0000006c     Boot.aem4f : Boot_sysctl.oem4f (.const:g_pui32Xtals)
                  00008a28    0000006c     driverlib.lib : sysctl.obj (.const:g_pui32Xtals)
                  00008a94    00000060     MotorLib.lib : motorlib.obj (.const:PWM_config)
                  00008af4    00000054     drivers_tivaware.aem4f : GPIOTiva.oem4f (.const:.string)
                  00008b48    00000054     MotorLib.lib : motorlib.obj (.const:motorLibPWMTivaHWAttrs)
                  00008b9c    0000004c     drivers_tivaware.aem4f : UARTTiva.oem4f (.const)
                  00008be8    00000048     empty_min_pem4f.oem4f (.const:.string)
                  00008c30    00000048     drivers_tivaware.aem4f : GPIOTiva.oem4f (.const:gpioBaseAddresses)
                  00008c78    0000003c     empty_min_pem4f.oem4f (.const:ti_sysbios_knl_Task_Object__PARAMS__C)
                  00008cb4    00000030     Boot.aem4f : Boot_sysctl.oem4f (.const:g_sXTALtoMEMTIM)
                  00008ce4    00000030     driverlib.lib : sysctl.obj (.const:g_sXTALtoMEMTIM)
                  00008d14    00000030     empty_min_pem4f.oem4f (.const:ti_sysbios_family_arm_m3_Hwi_Object__PARAMS__C)
                  00008d44    00000028     drivers_tivaware.aem4f : UARTTiva.oem4f (.const:UARTTiva_fxnTable)
                  00008d6c    00000028     empty_min_pem4f.oem4f (.const:ti_sysbios_heaps_HeapMem_Module__FXNS__C)
                  00008d94    00000024     empty_min_pem4f.oem4f (.const:ti_sysbios_gates_GateHwi_Module__FXNS__C)
                  00008db8    00000024     empty_min_pem4f.oem4f (.const:ti_sysbios_gates_GateMutex_Module__FXNS__C)
                  00008ddc    00000024     empty_min_pem4f.oem4f (.const:ti_sysbios_heaps_HeapMem_Object__PARAMS__C)
                  00008e00    00000024     empty_min_pem4f.oem4f (.const:ti_sysbios_knl_Clock_Object__PARAMS__C)
                  00008e24    00000024     empty_min_pem4f.oem4f (.const:ti_sysbios_knl_Semaphore_Object__PARAMS__C)
                  00008e48    00000020     drivers_tivaware.aem4f : PWMTimerTiva.oem4f (.const)
                  00008e68    00000020                            : PWMTiva.oem4f (.const)
                  00008e88    00000020     empty_min_pem4f.oem4f (.const:ti_sysbios_family_arm_m3_Hwi_Object__DESC__C)
                  00008ea8    00000020     empty_min_pem4f.oem4f (.const:ti_sysbios_gates_GateHwi_Object__DESC__C)
                  00008ec8    00000020     empty_min_pem4f.oem4f (.const:ti_sysbios_gates_GateMutex_Object__DESC__C)
                  00008ee8    00000020     empty_min_pem4f.oem4f (.const:ti_sysbios_heaps_HeapMem_Object__DESC__C)
                  00008f08    00000020     empty_min_pem4f.oem4f (.const:ti_sysbios_knl_Clock_Object__DESC__C)
                  00008f28    00000020     empty_min_pem4f.oem4f (.const:ti_sysbios_knl_Queue_Object__DESC__C)
                  00008f48    00000020     empty_min_pem4f.oem4f (.const:ti_sysbios_knl_Semaphore_Object__DESC__C)
                  00008f68    00000020     empty_min_pem4f.oem4f (.const:ti_sysbios_knl_Task_Object__DESC__C)
                  00008f88    00000020     empty_min_pem4f.oem4f (.const:xdc_runtime_Startup_sfxnTab__A)
                  00008fa8    00000018     EK_TM4C1294XL.obj (.const:UART_config)
                  00008fc0    00000018     empty_min_pem4f.oem4f (.const:ti_sysbios_gates_GateHwi_Object__PARAMS__C)
                  00008fd8    00000018     empty_min_pem4f.oem4f (.const:ti_sysbios_gates_GateMutex_Object__PARAMS__C)
                  00008ff0    00000018     empty_min_pem4f.oem4f (.const:ti_sysbios_knl_Queue_Object__PARAMS__C)
                  00009008    00000018     EK_TM4C1294XL.obj (.const:uartTivaHWAttrs)
                  00009020    00000014     EK_TM4C1294XL.obj (.const:GPIOTiva_config)
                  00009034    00000014     empty_min_pem4f.oem4f (.const:xdc_runtime_Startup_firstFxns__A)
                  00009048    00000012     uartstdio.obj (.const:.string)
                  0000905a    00000002     empty_min_pem4f.oem4f (.const:ti_catalog_arm_cortexm4_tiva_ce_Boot_Module__id__C)
                  0000905c    00000010     MotorLib.lib : motorlib.obj (.const:motorLibPWMTimerTivaHWAttrs)
                  0000906c    00000010     empty_min_pem4f.oem4f (.const:xdc_runtime_Startup_sfxnRts__A)
                  0000907c    0000000c     drivers_tivaware.aem4f : PWM.oem4f (.const)
                  00009088    0000000c     uartstdio.obj (.const:g_ui32UARTBase)
                  00009094    0000000c     uartstdio.obj (.const:g_ui32UARTPeriph)
                  000090a0    00000008     Boot.aem4f : Boot_sysctl.oem4f (.const)
                  000090a8    00000008     driverlib.lib : sysctl.obj (.const:g_pui32VCOFrequencies)
                  000090b0    00000008     empty_min_pem4f.oem4f (.const:ti_sysbios_family_arm_m3_Hwi_excHookFuncs__A)
                  000090b8    00000008     empty_min_pem4f.oem4f (.const:ti_sysbios_knl_Idle_funcList__C)
                  000090c0    00000008     empty_min_pem4f.oem4f (.const:xdc_runtime_Startup_firstFxns__C)
                  000090c8    00000008     empty_min_pem4f.oem4f (.const:xdc_runtime_Startup_lastFxns__C)
                  000090d0    00000004     empty_min_pem4f.oem4f (.const:ti_catalog_arm_cortexm4_tiva_ce_Boot_A_mustNotUseEnhancedClockMode__C)
                  000090d4    00000004     empty_min_pem4f.oem4f (.const:ti_catalog_arm_cortexm4_tiva_ce_Boot_Module__diagsEnabled__C)
                  000090d8    00000004     empty_min_pem4f.oem4f (.const:ti_catalog_arm_cortexm4_tiva_ce_Boot_Module__diagsIncluded__C)
                  000090dc    00000004     empty_min_pem4f.oem4f (.const:ti_catalog_arm_cortexm4_tiva_ce_Boot_Module__diagsMask__C)
                  000090e0    00000004     empty_min_pem4f.oem4f (.const:ti_sysbios_family_arm_lm4_Timer_enableFunc__C)
                  000090e4    00000004     empty_min_pem4f.oem4f (.const:ti_sysbios_family_arm_lm4_Timer_numTimerDevices__C)
                  000090e8    00000004     empty_min_pem4f.oem4f (.const:ti_sysbios_family_arm_lm4_Timer_startupNeeded__C)
                  000090ec    00000004     empty_min_pem4f.oem4f (.const:ti_sysbios_family_arm_m3_Hwi_E_NMI__C)
                  000090f0    00000004     empty_min_pem4f.oem4f (.const:ti_sysbios_family_arm_m3_Hwi_E_alreadyDefined__C)
                  000090f4    00000004     empty_min_pem4f.oem4f (.const:ti_sysbios_family_arm_m3_Hwi_E_busFault__C)
                  000090f8    00000004     empty_min_pem4f.oem4f (.const:ti_sysbios_family_arm_m3_Hwi_E_debugMon__C)
                  000090fc    00000004     empty_min_pem4f.oem4f (.const:ti_sysbios_family_arm_m3_Hwi_E_hardFault__C)
                  00009100    00000004     empty_min_pem4f.oem4f (.const:ti_sysbios_family_arm_m3_Hwi_E_memFault__C)
                  00009104    00000004     empty_min_pem4f.oem4f (.const:ti_sysbios_family_arm_m3_Hwi_E_noIsr__C)
                  00009108    00000004     empty_min_pem4f.oem4f (.const:ti_sysbios_family_arm_m3_Hwi_E_reserved__C)
                  0000910c    00000004     empty_min_pem4f.oem4f (.const:ti_sysbios_family_arm_m3_Hwi_E_svCall__C)
                  00009110    00000004     empty_min_pem4f.oem4f (.const:ti_sysbios_family_arm_m3_Hwi_E_usageFault__C)
                  00009114    00000004     empty_min_pem4f.oem4f (.const:ti_sysbios_family_arm_m3_Hwi_NUM_INTERRUPTS__C)
                  00009118    00000004     empty_min_pem4f.oem4f (.const:ti_sysbios_family_arm_m3_Hwi_Object__count__C)
                  0000911c    00000004     empty_min_pem4f.oem4f (.const:ti_sysbios_family_arm_m3_Hwi_ccr__C)
                  00009120    00000004     empty_min_pem4f.oem4f (.const:ti_sysbios_family_arm_m3_Hwi_excHandlerFunc__C)
                  00009124    00000004     empty_min_pem4f.oem4f (.const:ti_sysbios_family_arm_m3_Hwi_excHookFuncs__C)
                  00009128    00000004     empty_min_pem4f.oem4f (.const:ti_sysbios_family_arm_m3_Hwi_nullIsrFunc__C)
                  0000912c    00000004     empty_min_pem4f.oem4f (.const:ti_sysbios_family_arm_m3_Hwi_priGroup__C)
                  00009130    00000004     empty_min_pem4f.oem4f (.const:ti_sysbios_family_arm_m3_TaskSupport_stackAlignment__C)
                  00009134    00000004     empty_min_pem4f.oem4f (.const:ti_sysbios_gates_GateMutex_Instance_State_sem__O)
                  00009138    00000004     empty_min_pem4f.oem4f (.const:ti_sysbios_heaps_HeapMem_E_memory__C)
                  0000913c    00000004     empty_min_pem4f.oem4f (.const:ti_sysbios_heaps_HeapMem_Module__gateObj__C)
                  00009140    00000004     empty_min_pem4f.oem4f (.const:ti_sysbios_heaps_HeapMem_Object__count__C)
                  00009144    00000004     empty_min_pem4f.oem4f (.const:ti_sysbios_heaps_HeapMem_reqAlign__C)
                  00009148    00000004     empty_min_pem4f.oem4f (.const:ti_sysbios_knl_Clock_Module_State_clockQ__O)
                  0000914c    00000004     empty_min_pem4f.oem4f (.const:ti_sysbios_knl_Semaphore_Instance_State_pendQ__O)
                  00009150    00000004     empty_min_pem4f.oem4f (.const:ti_sysbios_knl_Swi_Object__count__C)
                  00009154    00000004     empty_min_pem4f.oem4f (.const:ti_sysbios_knl_Task_Module_State_inactiveQ__O)
                  00009158    00000004     empty_min_pem4f.oem4f (.const:ti_sysbios_knl_Task_Object__count__C)
                  0000915c    00000004     empty_min_pem4f.oem4f (.const:ti_sysbios_knl_Task_allBlockedFunc__C)
                  00009160    00000004     empty_min_pem4f.oem4f (.const:ti_sysbios_knl_Task_defaultStackHeap__C)
                  00009164    00000004     empty_min_pem4f.oem4f (.const:ti_sysbios_knl_Task_defaultStackSize__C)
                  00009168    00000004     empty_min_pem4f.oem4f (.const:ti_sysbios_knl_Task_numConstructedTasks__C)
                  0000916c    00000004     uartstdio.obj (.const)
                  00009170    00000004     empty_min_pem4f.oem4f (.const:xdc_runtime_Assert_E_assertFailed__C)
                  00009174    00000004     empty_min_pem4f.oem4f (.const:xdc_runtime_Core_A_initializedParams__C)
                  00009178    00000004     empty_min_pem4f.oem4f (.const:xdc_runtime_Core_Module__diagsEnabled__C)
                  0000917c    00000004     empty_min_pem4f.oem4f (.const:xdc_runtime_Core_Module__diagsIncluded__C)
                  00009180    00000004     empty_min_pem4f.oem4f (.const:xdc_runtime_Core_Module__diagsMask__C)
                  00009184    00000004     empty_min_pem4f.oem4f (.const:xdc_runtime_Error_E_generic__C)
                  00009188    00000004     empty_min_pem4f.oem4f (.const:xdc_runtime_Error_E_memory__C)
                  0000918c    00000004     empty_min_pem4f.oem4f (.const:xdc_runtime_Error_Module__diagsEnabled__C)
                  00009190    00000004     empty_min_pem4f.oem4f (.const:xdc_runtime_Error_Module__diagsIncluded__C)
                  00009194    00000004     empty_min_pem4f.oem4f (.const:xdc_runtime_Error_Module__diagsMask__C)
                  00009198    00000004     empty_min_pem4f.oem4f (.const:xdc_runtime_Error_Module__loggerFxn8__C)
                  0000919c    00000004     empty_min_pem4f.oem4f (.const:xdc_runtime_Error_Module__loggerObj__C)
                  000091a0    00000004     empty_min_pem4f.oem4f (.const:xdc_runtime_Error_policyFxn__C)
                  000091a4    00000004     empty_min_pem4f.oem4f (.const:xdc_runtime_Error_raiseHook__C)
                  000091a8    00000004     empty_min_pem4f.oem4f (.const:xdc_runtime_IGateProvider_Interface__BASE__C)
                  000091ac    00000004     empty_min_pem4f.oem4f (.const:xdc_runtime_IHeap_Interface__BASE__C)
                  000091b0    00000004     empty_min_pem4f.oem4f (.const:xdc_runtime_IModule_Interface__BASE__C)
                  000091b4    00000004     empty_min_pem4f.oem4f (.const:xdc_runtime_Log_L_error__C)
                  000091b8    00000004     empty_min_pem4f.oem4f (.const:xdc_runtime_Memory_defaultHeapInstance__C)
                  000091bc    00000004     empty_min_pem4f.oem4f (.const:xdc_runtime_Startup_execImpl__C)
                  000091c0    00000004     empty_min_pem4f.oem4f (.const:xdc_runtime_Startup_maxPasses__C)
                  000091c4    00000004     empty_min_pem4f.oem4f (.const:xdc_runtime_Startup_sfxnRts__C)
                  000091c8    00000004     empty_min_pem4f.oem4f (.const:xdc_runtime_Startup_sfxnTab__C)
                  000091cc    00000004     empty_min_pem4f.oem4f (.const:xdc_runtime_SysMin_bufSize__C)
                  000091d0    00000004     empty_min_pem4f.oem4f (.const:xdc_runtime_SysMin_outputFunc__C)
                  000091d4    00000004     empty_min_pem4f.oem4f (.const:xdc_runtime_System_Module__gateObj__C)
                  000091d8    00000004     empty_min_pem4f.oem4f (.const:xdc_runtime_System_abortFxn__C)
                  000091dc    00000004     empty_min_pem4f.oem4f (.const:xdc_runtime_System_exitFxn__C)
                  000091e0    00000004     empty_min_pem4f.oem4f (.const:xdc_runtime_System_extendFxn__C)
                  000091e4    00000004     empty_min_pem4f.oem4f (.const:xdc_runtime_System_maxAtexitHandlers__C)
                  000091e8    00000004     empty_min_pem4f.oem4f (.const:xdc_runtime_Text_charTab__C)
                  000091ec    00000004     empty_min_pem4f.oem4f (.const:xdc_runtime_Text_nameEmpty__C)
                  000091f0    00000004     empty_min_pem4f.oem4f (.const:xdc_runtime_Text_nameStatic__C)
                  000091f4    00000004     empty_min_pem4f.oem4f (.const:xdc_runtime_Text_nameUnknown__C)
                  000091f8    00000004     empty_min_pem4f.oem4f (.const:xdc_runtime_Text_nodeTab__C)
                  000091fc    00000004     empty_min_pem4f.oem4f (.const:xdc_runtime_Text_visitRopeFxn__C)
                  00009200    00000002     empty_min_pem4f.oem4f (.const:ti_sysbios_family_arm_m3_Hwi_Module__id__C)
                  00009202    00000002     empty_min_pem4f.oem4f (.const:ti_sysbios_heaps_HeapMem_Module__id__C)
                  00009204    00000002     empty_min_pem4f.oem4f (.const:xdc_runtime_Core_Module__id__C)
                  00009206    00000002     empty_min_pem4f.oem4f (.const:xdc_runtime_Error_Module__loggerDefined__C)
                  00009208    00000002     empty_min_pem4f.oem4f (.const:xdc_runtime_Error_maxDepth__C)
                  0000920a    00000002     empty_min_pem4f.oem4f (.const:xdc_runtime_Main_Module__id__C)
                  0000920c    00000002     empty_min_pem4f.oem4f (.const:xdc_runtime_Memory_Module__id__C)
                  0000920e    00000002     empty_min_pem4f.oem4f (.const:xdc_runtime_SysMin_flushAtExit__C)
                  00009210    00000002     empty_min_pem4f.oem4f (.const:xdc_runtime_Text_charCnt__C)
                  00009212    00000002     empty_min_pem4f.oem4f (.const:xdc_runtime_Text_isLoaded__C)
                  00009214    00000002     empty_min_pem4f.oem4f (.const:xdc_runtime_Text_registryModsLastId__C)
                  00009216    00000002     empty_min_pem4f.oem4f (.const:xdc_runtime_Text_unnamedModsLastId__C)
                  00009218    00000001     empty_min_pem4f.oem4f (.const:xdc_runtime_Error_policy__C)

.cinit     0    00009220    000001f8     
                  00009220    000001bf     (.cinit..data.load) [load image, compression = lzss]
                  000093df    00000001     --HOLE-- [fill = 0]
                  000093e0    0000000c     (__TI_handler_table)
                  000093ec    00000004     --HOLE-- [fill = 0]
                  000093f0    00000008     (.cinit..bss.load) [load image, compression = zero_init]
                  000093f8    00000008     (.cinit..vecs.load) [load image, compression = zero_init]
                  00009400    00000018     (__TI_cinit_table)

.init_array 
*          0    00000000    00000000     UNINITIALIZED

.resetVecs 
*          0    00000000    0000003c     
                  00000000    0000003c     empty_min_pem4f.oem4f (.resetVecs)

.bss       0    20000360    000013a0     UNINITIALIZED
                  20000360    00000400     (.common:task0Stack)
                  20000760    00000400     (.common:task1Stack)
                  20000b60    00000400     (.common:ti_sysbios_heaps_HeapMem_Instance_State_0_buf__A)
                  20000f60    00000360     (.common:ti_sysbios_family_arm_m3_Hwi_dispatchTable)
                  200012c0    00000120     rtsv7M4_T_le_v4SPD16_eabi.lib : trgmsg.c.obj (.bss:_CIOBUF_)
                  200013e0    000000cc     (.common:uartTivaObjects)
                  200014ac    00000090     drivers_tivaware.aem4f : GPIOTiva.oem4f (.bss:gpioCallbackInfo)
                  2000153c    00000080     (.common:xdc_runtime_SysMin_Module_State_0_outbuf__A)
                  200015bc    00000050     (.common:task0Struct)
                  2000160c    00000050     (.common:task1Struct)
                  2000165c    00000038     (.common:motorLibPWMObjects)
                  20001694    00000020     MotorLib.lib : motorlib.obj (.bss:PWMStruct)
                  200016b4    00000020     (.common:uartTivaRingBuffer)
                  200016d4    00000018     (.common:motorLibPWMTimerObjects)
                  200016ec    00000008     (.common:parmbuf)
                  200016f4    00000004     (.common:g_ui32SysClock)
                  200016f8    00000004     (.common:gpioInterruptVectors)
                  200016fc    00000004     (.common:hallStates)

.data      0    20001700    000003fc     UNINITIALIZED
                  20001700    00000080     empty_min_pem4f.oem4f (.data:ti_sysbios_knl_Swi_Module_State_0_readyQ__A)
                  20001780    00000080     empty_min_pem4f.oem4f (.data:ti_sysbios_knl_Task_Module_State_0_readyQ__A)
                  20001800    00000044     empty_min_pem4f.oem4f (.data:ti_sysbios_knl_Task_Module__state__V)
                  20001844    00000040     empty_min_pem4f.oem4f (.data:ti_sysbios_family_arm_lm4_Timer_Module_State_0_device__A)
                  20001884    00000040     empty_min_pem4f.oem4f (.data:ti_sysbios_family_arm_lm4_Timer_Object__table__V)
                  200018c4    00000038     empty_min_pem4f.oem4f (.data:ti_sysbios_gates_GateMutex_Object__table__V)
                  200018fc    00000034     empty_min_pem4f.oem4f (.data:ti_sysbios_family_arm_m3_Hwi_Module__state__V)
                  20001930    00000030     empty_min_pem4f.oem4f (.data:ti_sysbios_knl_Swi_Object__table__V)
                  20001960    0000002c     empty_min_pem4f.oem4f (.data:ti_sysbios_knl_Clock_Module__state__V)
                  2000198c    00000024     empty_min_pem4f.oem4f (.data:ti_sysbios_BIOS_Module__state__V)
                  200019b0    00000020     empty_min_pem4f.oem4f (.data:ti_sysbios_family_arm_lm4_Timer_Module_State_0_handles__A)
                  200019d0    0000001c     empty_min_pem4f.oem4f (.data:ti_sysbios_knl_Swi_Module__state__V)
                  200019ec    00000018     drivers_tivaware.aem4f : PWMTiva.oem4f (.data)
                  20001a04    00000018     empty_min_pem4f.oem4f (.data:ti_sysbios_family_arm_m3_Hwi_Object__table__V)
                  20001a1c    00000018     empty_min_pem4f.oem4f (.data:ti_sysbios_heaps_HeapMem_Object__table__V)
                  20001a34    00000010     EK_TM4C1294XL.obj (.data:gpioPinConfigs)
                  20001a44    0000000c     empty_min_pem4f.oem4f (.data:ti_sysbios_family_arm_lm4_Timer_Module__state__V)
                  20001a50    0000000c     empty_min_pem4f.oem4f (.data:xdc_runtime_SysMin_Module__state__V)
                  20001a5c    00000008     rtsv7M4_T_le_v4SPD16_eabi.lib : _lock.c.obj (.data:$O1$$)
                  20001a64    00000008     EK_TM4C1294XL.obj (.data:gpioCallbackFunctions)
                  20001a6c    00000008     empty_min_pem4f.oem4f (.data:ti_sysbios_family_arm_m3_Hwi_Module__root__V)
                  20001a74    00000008     empty_min_pem4f.oem4f (.data:ti_sysbios_gates_GateHwi_Module__root__V)
                  20001a7c    00000008     empty_min_pem4f.oem4f (.data:ti_sysbios_gates_GateMutex_Module__root__V)
                  20001a84    00000008     empty_min_pem4f.oem4f (.data:ti_sysbios_heaps_HeapMem_Module__root__V)
                  20001a8c    00000008     empty_min_pem4f.oem4f (.data:ti_sysbios_knl_Clock_Module__root__V)
                  20001a94    00000008     empty_min_pem4f.oem4f (.data:ti_sysbios_knl_Queue_Module__root__V)
                  20001a9c    00000008     empty_min_pem4f.oem4f (.data:ti_sysbios_knl_Semaphore_Module__root__V)
                  20001aa4    00000008     empty_min_pem4f.oem4f (.data:ti_sysbios_knl_Task_Module__root__V)
                  20001aac    00000008     empty_min_pem4f.oem4f (.data:xdc_runtime_Registry_Module__state__V)
                  20001ab4    00000008     empty_min_pem4f.oem4f (.data:xdc_runtime_Startup_Module__state__V)
                  20001abc    00000008     empty_min_pem4f.oem4f (.data:xdc_runtime_System_Module_State_0_atexitHandlers__A)
                  20001ac4    00000008     empty_min_pem4f.oem4f (.data:xdc_runtime_System_Module__state__V)
                  20001acc    00000005     drivers_tivaware.aem4f : GPIOTiva.oem4f (.data)
                  20001ad1    00000001     --HOLE--
                  20001ad2    00000002     empty_min_pem4f.oem4f (.data:ti_sysbios_family_arm_m3_Hwi_Module_State_0_excActive__A)
                  20001ad4    00000005     uartstdio.obj (.data)
                  20001ad9    00000001     --HOLE--
                  20001ada    00000002     empty_min_pem4f.oem4f (.data:xdc_runtime_Error_Module__state__V)
                  20001adc    00000004     drivers_tivaware.aem4f : PWM.oem4f (.data)
                  20001ae0    00000004                            : UART.oem4f (.data)
                  20001ae4    00000004     rtsv7M4_T_le_v4SPD16_eabi.lib : stkdepth_vars.c.obj (.data)
                  20001ae8    00000004     empty_min_pem4f.oem4f (.data:ti_sysbios_family_arm_m3_Hwi_Module_State_0_excContext__A)
                  20001aec    00000004     empty_min_pem4f.oem4f (.data:ti_sysbios_family_arm_m3_Hwi_Module_State_0_excStack__A)
                  20001af0    00000004     empty_min_pem4f.oem4f (.data:ti_sysbios_gates_GateHwi_Object__table__V)
                  20001af4    00000004     empty_min_pem4f.oem4f (.data:ti_sysbios_knl_Task_Module_State_0_idleTask__A)
                  20001af8    00000004     empty_min_pem4f.oem4f (.data:xdc_runtime_Memory_Module__state__V)

.stack     0    20001b00    00000300     UNINITIALIZED
                  20001b00    00000300     --HOLE--

.bootVecs 
*          0    00000000    00000008     DSECT
                  00000000    00000008     boot.aem4f : boot.oem4f (.bootVecs)

.vecs      0    20000000    00000360     UNINITIALIZED
                  20000000    00000360     empty_min_pem4f.oem4f (.vecs)

xdc.meta   0    00000000    00000102     COPY SECTION
                  00000000    00000102     empty_min_pem4f.oem4f (xdc.meta)

__llvm_prf_cnts 
*          0    20000000    00000000     UNINITIALIZED

MODULE SUMMARY

       Module                       code    ro data   rw data
       ------                       ----    -------   -------
    .\
       empty_min.obj                488     0         2216   
       EK_TM4C1294XL.obj            236     68        260    
    +--+----------------------------+-------+---------+---------+
       Total:                       724     68        2476   
                                                             
    .\utils\
       uartstdio.obj                984     46        5      
    +--+----------------------------+-------+---------+---------+
       Total:                       984     46        5      
                                                             
    C:\Users\matti\workspace_v12\Assign2-Grp14\empty_min_EK_TM4C1294XL_TI\Debug\configPkg\package\cfg\
       empty_min_pem4f.oem4f        1888    7615      3820   
    +--+----------------------------+-------+---------+---------+
       Total:                       1888    7615      3820   
                                                             
    ../drivers/MotorLib.lib
       motorlib.obj                 1708    196       112    
    +--+----------------------------+-------+---------+---------+
       Total:                       1708    196       112    
                                                             
    C:/ti/TivaWare_C_Series-2.2.0.295/driverlib/ccs/Debug/driverlib.lib
       sysctl.obj                   800     596       0      
       gpio.obj                     718     144       0      
       uart.obj                     234     0         0      
       timer.obj                    230     0         0      
       pwm.obj                      178     0         0      
    +--+----------------------------+-------+---------+---------+
       Total:                       2160    740       0      
                                                             
    C:/ti/tirtos_tivac_2_16_01_14/products/tidrivers_tivac_2_16_01_13/packages/ti/drivers/lib/drivers_tivaware.aem4f
       UARTTiva.oem4f               2262    116       0      
       GPIOTiva.oem4f               764     156       153    
       PWMTiva.oem4f                962     32        24     
       PWMTimerTiva.oem4f           666     32        0      
       RingBuf.oem4f                164     0         0      
       PWM.oem4f                    130     12        4      
       UART.oem4f                   56      0         4      
    +--+----------------------------+-------+---------+---------+
       Total:                       5004    348       185    
                                                             
    C:\Users\matti\workspace_v12\Assign2-Grp14\empty_min_EK_TM4C1294XL_TI\src\sysbios\sysbios.aem4f
       BIOS.obj                     8786    0         0      
       m3_Hwi_asm.obj               314     0         0      
       m3_TaskSupport_asm.obj       180     0         0      
       m3_Hwi_asm_switch.obj        118     0         0      
    +--+----------------------------+-------+---------+---------+
       Total:                       9398    0         0      
                                                             
    C:\ti\ccs1230\ccs\tools\compiler\ti-cgt-arm_20.2.7.LTS\lib\rtsv7M4_T_le_v4SPD16_eabi.lib
       trgmsg.c.obj                 108     0         288    
       memcpy_t2.asm.obj            156     0         0      
       memset_t2.asm.obj            122     0         0      
       copy_decompress_lzss.c.obj   104     0         0      
       hostwrite.c.obj              88      0         0      
       cpy_tbl.c.obj                76      0         0      
       u_divt2.asm.obj              64      0         0      
       _lock.c.obj                  26      0         8      
       args_main.c.obj              24      0         0      
       strlen.c.obj                 20      0         0      
       copy_decompress_none.c.obj   14      0         0      
       copy_zero_init.c.obj         12      0         0      
       hostopen.c.obj               0       0         8      
       exit.c.obj                   4       0         0      
       stkdepth_vars.c.obj          0       0         4      
       div0.asm.obj                 2       0         0      
    +--+----------------------------+-------+---------+---------+
       Total:                       820     0         308    
                                                             
    C:\ti\tirtos_tivac_2_16_01_14\products\bios_6_45_02_31\packages\ti\catalog\arm\cortexm4\tiva\ce\lib\Boot.aem4f
       Boot_sysctl.oem4f            628     452       0      
       Boot.oem4f                   152     0         0      
    +--+----------------------------+-------+---------+---------+
       Total:                       780     452       0      
                                                             
    C:\ti\tirtos_tivac_2_16_01_14\products\bios_6_45_02_31\packages\ti\targets\arm\rtsarm\lib\auto_init.aem4f
       auto_init.oem4f              160     0         0      
    +--+----------------------------+-------+---------+---------+
       Total:                       160     0         0      
                                                             
    C:\ti\tirtos_tivac_2_16_01_14\products\bios_6_45_02_31\packages\ti\targets\arm\rtsarm\lib\boot.aem4f
       boot.oem4f                   88      0         0      
    +--+----------------------------+-------+---------+---------+
       Total:                       88      0         0      
                                                             
    C:\ti\tirtos_tivac_2_16_01_14\products\bios_6_45_02_31\packages\ti\targets\arm\rtsarm\lib\ti.targets.arm.rtsarm.aem4f
       System.oem4f                 1255    0         0      
       Text.oem4f                   672     0         0      
       Error.oem4f                  524     0         0      
       Core-mem.oem4f               358     0         0      
       Startup.oem4f                328     0         0      
       SysMin.oem4f                 248     0         0      
       Core-smem.oem4f              204     0         0      
       Memory.oem4f                 176     0         0      
       Assert.oem4f                 84      0         0      
       Core-params.oem4f            70      0         0      
       Core-label.oem4f             52      0         0      
       Registry.oem4f               32      0         0      
       Gate.oem4f                   28      0         0      
    +--+----------------------------+-------+---------+---------+
       Total:                       4031    0         0      
                                                             
       Stack:                       0       0         768    
       Linker Generated:            0       499       0      
    +--+----------------------------+-------+---------+---------+
       Grand Total:                 27745   9964      7674   


LINKER GENERATED COPY TABLES

__TI_cinit_table @ 00009400 records: 3, size/record: 8, table size: 24
	.data: load addr=00009220, load size=000001bf bytes, run addr=20001700, run size=000003fc bytes, compression=lzss
	.bss: load addr=000093f0, load size=00000008 bytes, run addr=20000360, run size=000013a0 bytes, compression=zero_init
	.vecs: load addr=000093f8, load size=00000008 bytes, run addr=20000000, run size=00000360 bytes, compression=zero_init


LINKER GENERATED HANDLER TABLE

__TI_handler_table @ 000093e0 records: 3, size/record: 4, table size: 12
	index: 0, handler: __TI_decompress_lzss
	index: 1, handler: __TI_decompress_none
	index: 2, handler: __TI_zero_init


GLOBAL SYMBOLS: SORTED ALPHABETICALLY BY Name 

address   name                                                                 
-------   ----                                                                 
0000197d  C$$EXIT                                                              
00005933  C$$IO$$                                                              
000053bd  ConfigureUART                                                        
00006c8d  EK_TM4C1294XL_initGPIO                                               
000030b5  EK_TM4C1294XL_initGeneral                                            
00005ea1  EK_TM4C1294XL_initUART                                               
00005ecd  GPIODirModeSet                                                       
000046ab  GPIOIntClear                                                         
00006ac1  GPIOIntStatus                                                        
000048e1  GPIOIntTypeSet                                                       
00001c65  GPIOPadConfigSet                                                     
00004ec1  GPIOPinConfigure                                                     
00006cd9  GPIOPinRead                                                          
000067d1  GPIOPinTypeGPIOInput                                                 
000065dd  GPIOPinTypeGPIOOutput                                                
000067e7  GPIOPinTypePWM                                                       
000067fd  GPIOPinTypeTimer                                                     
00006813  GPIOPinTypeUART                                                      
00006cdf  GPIOPinWrite                                                         
00009020  GPIOTiva_config                                                      
000043f1  GPIO_hwiIntFxn                                                       
00003a15  GPIO_init                                                            
00004c3d  GPIO_setCallback                                                     
0000208d  GPIO_setConfig                                                       
00004c8d  GPIO_write                                                           
00004939  HOSTwrite                                                            
00006855  PWMClockSet                                                          
[...]
00006c31  xdc_runtime_Memory_getMaxDefaultTypeAlign__E                         
00006c3d  PWMTimerTiva_getPeriodCounts                                         
00006c47  PWM_setDuty                                                          
00006c51  UARTCharGet                                                          
00006c5b  UARTCharPut                                                          
00006c65  UARTIntDisable                                                       
00006c6f  UARTIntStatus                                                        
00006c79  xdc_runtime_Memory_HeapProxy_alloc__E                                
00006c83  xdc_runtime_Memory_HeapProxy_free__E                                 
00006c8d  EK_TM4C1294XL_initGPIO                                               
00006c95  PWMTimerTiva_init                                                    
00006c9d  UARTIntEnable                                                        
00006ca5  UARTRxErrorGet                                                       
00006cb5  ti_sysbios_family_arm_lm4_Timer_masterDisable__I                     
00006cc1  ti_sysbios_family_arm_m3_Hwi_doSwiRestore__I                         
00006cc9  ti_sysbios_family_arm_m3_Hwi_startup__E                              
00006cc9  ti_sysbios_hal_Hwi_HwiProxy_startup__E                               
00006cc9  ti_sysbios_hal_Hwi_startup__E                                        
00006cd9  GPIOPinRead                                                          
00006cdf  GPIOPinWrite                                                         
00006ce5  PWMTimerTiva_getPeriodMicroSecs                                      
00006ceb  UARTFIFOLevelSet                                                     
00006cf1  UARTRxErrorClear                                                     
00006cf9  ti_sysbios_family_arm_m3_Hwi_doTaskRestore__I                        
00006d01  ti_sysbios_family_arm_m3_Hwi_restoreFxn__E                           
00006d01  ti_sysbios_hal_Hwi_HwiProxy_restore__E                               
00006d09  ti_sysbios_gates_GateHwi_leave__E                                    
00006d11  ti_sysbios_heaps_HeapMem_isBlocking__E                               
00006d19  ti_sysbios_knl_Clock_stop__E                                         
00006d21  ti_sysbios_knl_Queue_Instance_init__E                                
00006d29  ti_sysbios_knl_Swi_startup__E                                        
00006d2f  xdc_runtime_System_Module_startup__E                                 
00006d39  ti_sysbios_gates_GateHwi_query__E                                    
00006d39  xdc_runtime_Main_Module_GateProxy_query__E                           
00006d39  xdc_runtime_System_Module_GateProxy_query__E                         
00006d41  ti_sysbios_BIOS_RtsGateProxy_query__E                                
00006d41  ti_sysbios_gates_GateMutex_query__E                                  
00006d41  ti_sysbios_heaps_HeapMem_Module_GateProxy_query__E                   
00006d49  ti_sysbios_knl_Task_startup__E                                       
00006d51  ti_sysbios_gates_GateHwi_Instance_init__E                            
00006d59  ti_sysbios_knl_Clock_logTick__E                                      
00006d5c  xdc_runtime_Text_charTab__A                                          
00008870  xdc_runtime_Text_nodeTab__A                                          
00008a94  PWM_config                                                           
00008b48  motorLibPWMTivaHWAttrs                                               
00008c78  ti_sysbios_knl_Task_Object__PARAMS__C                                
00008d14  ti_sysbios_family_arm_m3_Hwi_Object__PARAMS__C                       
00008d44  UARTTiva_fxnTable                                                    
00008d6c  ti_sysbios_heaps_HeapMem_Module__FXNS__C                             
00008d94  ti_sysbios_gates_GateHwi_Module__FXNS__C                             
00008db8  ti_sysbios_gates_GateMutex_Module__FXNS__C                           
00008ddc  ti_sysbios_heaps_HeapMem_Object__PARAMS__C                           
00008e00  ti_sysbios_knl_Clock_Object__PARAMS__C                               
00008e24  ti_sysbios_knl_Semaphore_Object__PARAMS__C                           
00008e48  PWMTimerTiva_fxnTable                                                
00008e64  PWMTimerTiva_MAX_PRESCALAR_VALUE                                     
00008e66  PWMTimerTiva_MAX_MATCH_VALUE                                         
00008e68  PWMTiva_fxnTable                                                     
00008e84  PWMTiva_MAX_PRESCALAR                                                
00008e86  PWMTiva_MAX_MATCH_VALUE                                              
00008e88  ti_sysbios_family_arm_m3_Hwi_Object__DESC__C                         
00008ea8  ti_sysbios_gates_GateHwi_Object__DESC__C                             
00008ec8  ti_sysbios_gates_GateMutex_Object__DESC__C                           
00008ee8  ti_sysbios_heaps_HeapMem_Object__DESC__C                             
00008f08  ti_sysbios_knl_Clock_Object__DESC__C                                 
00008f28  ti_sysbios_knl_Queue_Object__DESC__C                                 
00008f48  ti_sysbios_knl_Semaphore_Object__DESC__C                             
00008f68  ti_sysbios_knl_Task_Object__DESC__C                                  
00008f88  xdc_runtime_Startup_sfxnTab__A                                       
00008fa8  UART_config                                                          
00008fc0  ti_sysbios_gates_GateHwi_Object__PARAMS__C                           
00008fd8  ti_sysbios_gates_GateMutex_Object__PARAMS__C                         
00008ff0  ti_sysbios_knl_Queue_Object__PARAMS__C                               
00009008  uartTivaHWAttrs                                                      
00009020  GPIOTiva_config                                                      
00009034  xdc_runtime_Startup_firstFxns__A                                     
0000905a  ti_catalog_arm_cortexm4_tiva_ce_Boot_Module__id__C                   
0000905c  motorLibPWMTimerTivaHWAttrs                                          
0000906c  xdc_runtime_Startup_sfxnRts__A                                       
0000907c  PWM_defaultParams                                                    
000090b0  ti_sysbios_family_arm_m3_Hwi_excHookFuncs__A                         
000090b8  ti_sysbios_knl_Idle_funcList__C                                      
000090c0  xdc_runtime_Startup_firstFxns__C                                     
000090c8  xdc_runtime_Startup_lastFxns__C                                      
000090d0  ti_catalog_arm_cortexm4_tiva_ce_Boot_A_mustNotUseEnhancedClockMode__C
000090d4  ti_catalog_arm_cortexm4_tiva_ce_Boot_Module__diagsEnabled__C         
000090d8  ti_catalog_arm_cortexm4_tiva_ce_Boot_Module__diagsIncluded__C        
000090dc  ti_catalog_arm_cortexm4_tiva_ce_Boot_Module__diagsMask__C            
000090e0  ti_sysbios_family_arm_lm4_Timer_enableFunc__C                        
000090e4  ti_sysbios_family_arm_lm4_Timer_numTimerDevices__C                   
000090e8  ti_sysbios_family_arm_lm4_Timer_startupNeeded__C                     
000090ec  ti_sysbios_family_arm_m3_Hwi_E_NMI__C                                
000090f0  ti_sysbios_family_arm_m3_Hwi_E_alreadyDefined__C                     
000090f4  ti_sysbios_family_arm_m3_Hwi_E_busFault__C                           
000090f8  ti_sysbios_family_arm_m3_Hwi_E_debugMon__C                           
000090fc  ti_sysbios_family_arm_m3_Hwi_E_hardFault__C                          
00009100  ti_sysbios_family_arm_m3_Hwi_E_memFault__C                           
00009104  ti_sysbios_family_arm_m3_Hwi_E_noIsr__C                              
00009108  ti_sysbios_family_arm_m3_Hwi_E_reserved__C                           
0000910c  ti_sysbios_family_arm_m3_Hwi_E_svCall__C                             
00009110  ti_sysbios_family_arm_m3_Hwi_E_usageFault__C                         
00009114  ti_sysbios_family_arm_m3_Hwi_NUM_INTERRUPTS__C                       
00009118  ti_sysbios_family_arm_m3_Hwi_Object__count__C                        
0000911c  ti_sysbios_family_arm_m3_Hwi_ccr__C                                  
00009120  ti_sysbios_family_arm_m3_Hwi_excHandlerFunc__C                       
00009124  ti_sysbios_family_arm_m3_Hwi_excHookFuncs__C                         
00009128  ti_sysbios_family_arm_m3_Hwi_nullIsrFunc__C                          
0000912c  ti_sysbios_family_arm_m3_Hwi_priGroup__C                             
00009130  ti_sysbios_family_arm_m3_TaskSupport_stackAlignment__C               
00009134  ti_sysbios_gates_GateMutex_Instance_State_sem__O                     
00009138  ti_sysbios_heaps_HeapMem_E_memory__C                                 
0000913c  ti_sysbios_heaps_HeapMem_Module__gateObj__C                          
00009140  ti_sysbios_heaps_HeapMem_Object__count__C                            
00009144  ti_sysbios_heaps_HeapMem_reqAlign__C                                 
00009148  ti_sysbios_knl_Clock_Module_State_clockQ__O                          
0000914c  ti_sysbios_knl_Semaphore_Instance_State_pendQ__O                     
00009150  ti_sysbios_knl_Swi_Object__count__C                                  
00009154  ti_sysbios_knl_Task_Module_State_inactiveQ__O                        
00009158  ti_sysbios_knl_Task_Object__count__C                                 
0000915c  ti_sysbios_knl_Task_allBlockedFunc__C                                
00009160  ti_sysbios_knl_Task_defaultStackHeap__C                              
00009164  ti_sysbios_knl_Task_defaultStackSize__C                              
00009168  ti_sysbios_knl_Task_numConstructedTasks__C                           
00009170  xdc_runtime_Assert_E_assertFailed__C                                 
00009174  xdc_runtime_Core_A_initializedParams__C                              
00009178  xdc_runtime_Core_Module__diagsEnabled__C                             
0000917c  xdc_runtime_Core_Module__diagsIncluded__C                            
00009180  xdc_runtime_Core_Module__diagsMask__C                                
00009184  xdc_runtime_Error_E_generic__C                                       
00009188  xdc_runtime_Error_E_memory__C                                        
0000918c  xdc_runtime_Error_Module__diagsEnabled__C                            
00009190  xdc_runtime_Error_Module__diagsIncluded__C                           
00009194  xdc_runtime_Error_Module__diagsMask__C                               
00009198  xdc_runtime_Error_Module__loggerFxn8__C                              
0000919c  xdc_runtime_Error_Module__loggerObj__C                               
000091a0  xdc_runtime_Error_policyFxn__C                                       
000091a4  xdc_runtime_Error_raiseHook__C                                       
000091a8  xdc_runtime_IGateProvider_Interface__BASE__C                         
000091ac  xdc_runtime_IHeap_Interface__BASE__C                                 
000091b0  xdc_runtime_IModule_Interface__BASE__C                               
000091b4  xdc_runtime_Log_L_error__C                                           
000091b8  xdc_runtime_Memory_defaultHeapInstance__C                            
000091bc  xdc_runtime_Startup_execImpl__C                                      
000091c0  xdc_runtime_Startup_maxPasses__C                                     
000091c4  xdc_runtime_Startup_sfxnRts__C                                       
000091c8  xdc_runtime_Startup_sfxnTab__C                                       
000091cc  xdc_runtime_SysMin_bufSize__C                                        
000091d0  xdc_runtime_SysMin_outputFunc__C                                     
000091d4  xdc_runtime_System_Module__gateObj__C                                
000091d8  xdc_runtime_System_abortFxn__C                                       
000091dc  xdc_runtime_System_exitFxn__C                                        
000091e0  xdc_runtime_System_extendFxn__C                                      
000091e4  xdc_runtime_System_maxAtexitHandlers__C                              
000091e8  xdc_runtime_Text_charTab__C                                          
000091ec  xdc_runtime_Text_nameEmpty__C                                        
000091f0  xdc_runtime_Text_nameStatic__C                                       
000091f4  xdc_runtime_Text_nameUnknown__C                                      
000091f8  xdc_runtime_Text_nodeTab__C                                          
000091fc  xdc_runtime_Text_visitRopeFxn__C                                     
00009200  ti_sysbios_family_arm_m3_Hwi_Module__id__C                           
00009202  ti_sysbios_heaps_HeapMem_Module__id__C                               
00009204  xdc_runtime_Core_Module__id__C                                       
00009206  xdc_runtime_Error_Module__loggerDefined__C                           
00009208  xdc_runtime_Error_maxDepth__C                                        
0000920a  xdc_runtime_Main_Module__id__C                                       
0000920c  xdc_runtime_Memory_Module__id__C                                     
0000920e  xdc_runtime_SysMin_flushAtExit__C                                    
00009210  xdc_runtime_Text_charCnt__C                                          
00009212  xdc_runtime_Text_isLoaded__C                                         
00009214  xdc_runtime_Text_registryModsLastId__C                               
00009216  xdc_runtime_Text_unnamedModsLastId__C                                
00009218  xdc_runtime_Error_policy__C                                          
00009220  __TI_static_base__                                                   
000093e0  __TI_Handler_Table_Base                                              
000093ec  __TI_Handler_Table_Limit                                             
00009400  __TI_CINIT_Base                                                      
00009418  __TI_CINIT_Limit                                                     
20000000  __start___llvm_prf_cnts                                              
20000000  __stop___llvm_prf_cnts                                               
20000000  ti_sysbios_family_arm_m3_Hwi_ramVectors                              
20000360  task0Stack                                                           
20000760  task1Stack                                                           
20000b60  ti_sysbios_heaps_HeapMem_Instance_State_0_buf__A                     
20000f60  ti_sysbios_family_arm_m3_Hwi_dispatchTable                           
200012c0  __CIOBUF_                                                            
200013e0  uartTivaObjects                                                      
2000153c  xdc_runtime_SysMin_Module_State_0_outbuf__A                          
200015bc  task0Struct                                                          
2000160c  task1Struct                                                          
2000165c  motorLibPWMObjects                                                   
200016b4  uartTivaRingBuffer                                                   
200016d4  motorLibPWMTimerObjects                                              
200016ec  parmbuf                                                              
200016f4  g_ui32SysClock                                                       
200016fc  hallStates                                                           
20001700  ti_sysbios_knl_Swi_Module_State_0_readyQ__A                          
20001780  ti_sysbios_knl_Task_Module_State_0_readyQ__A                         
20001800  ti_sysbios_knl_Task_Module__state__V                                 
20001844  ti_sysbios_family_arm_lm4_Timer_Module_State_0_device__A             
20001884  ti_sysbios_family_arm_lm4_Timer_Object__table__V                     
200018c4  ti_sysbios_gates_GateMutex_Object__table__V                          
200018fc  ti_sysbios_family_arm_m3_Hwi_Module__state__V                        
20001930  ti_sysbios_knl_Swi_Object__table__V                                  
20001960  ti_sysbios_knl_Clock_Module__state__V                                
2000198c  ti_sysbios_BIOS_Module__state__V                                     
200019b0  ti_sysbios_family_arm_lm4_Timer_Module_State_0_handles__A            
200019d0  ti_sysbios_knl_Swi_Module__state__V                                  
20001a04  ti_sysbios_family_arm_m3_Hwi_Object__table__V                        
20001a1c  ti_sysbios_heaps_HeapMem_Object__table__V                            
20001a34  gpioPinConfigs                                                       
20001a44  ti_sysbios_family_arm_lm4_Timer_Module__state__V                     
20001a50  xdc_runtime_SysMin_Module__state__V                                  
20001a5c  _lock                                                                
20001a60  _unlock                                                              
20001a64  gpioCallbackFunctions                                                
20001a6c  ti_sysbios_family_arm_m3_Hwi_Module__root__V                         
20001a74  ti_sysbios_gates_GateHwi_Module__root__V                             
20001a7c  ti_sysbios_gates_GateMutex_Module__root__V                           
20001a84  ti_sysbios_heaps_HeapMem_Module__root__V                             
20001a8c  ti_sysbios_knl_Clock_Module__root__V                                 
20001a94  ti_sysbios_knl_Queue_Module__root__V                                 
20001a9c  ti_sysbios_knl_Semaphore_Module__root__V                             
20001aa4  ti_sysbios_knl_Task_Module__root__V                                  
20001aac  xdc_runtime_Registry_Module__state__V                                
20001ab4  xdc_runtime_Startup_Module__state__V                                 
20001abc  xdc_runtime_System_Module_State_0_atexitHandlers__A                  
20001ac4  xdc_runtime_System_Module__state__V                                  
20001ad2  ti_sysbios_family_arm_m3_Hwi_Module_State_0_excActive__A             
20001ada  xdc_runtime_Error_Module__state__V                                   
20001ae4  main_func_sp                                                         
20001ae8  ti_sysbios_family_arm_m3_Hwi_Module_State_0_excContext__A            
20001aec  ti_sysbios_family_arm_m3_Hwi_Module_State_0_excStack__A              
20001af0  ti_sysbios_gates_GateHwi_Object__table__V                            
20001af4  ti_sysbios_knl_Task_Module_State_0_idleTask__A                       
20001af8  xdc_runtime_Memory_Module__state__V                                  
20001b00  __stack                                                              
20001e00  __STACK_END                                                          
e000e000  ti_sysbios_family_arm_m3_Hwi_nvic                                    
ffffffff  __TI_pprof_out_hndl                                                  
ffffffff  __TI_prof_data_size                                                  
ffffffff  __TI_prof_data_start                                                 
ffffffff  __binit__                                                            
ffffffff  __c_args__                                                           
ffffffff  binit                                                                
UNDEFED   SHT$$INIT_ARRAY$$Base                                                
UNDEFED   SHT$$INIT_ARRAY$$Limit                                               

[631 symbols]
