******************************************************************************
                  TI ARM Linker PC v20.2.7                     
******************************************************************************
>> Linked Mon May 29 19:25:45 2023

OUTPUT FILE NAME:   <empty_min_EK_TM4C1294XL_TI.out>
ENTRY POINT SYMBOL: "_c_int00"  address: 00005159


MEMORY CONFIGURATION

         name            origin    length      used     unused   attr    fill
----------------------  --------  ---------  --------  --------  ----  --------
  FLASH                 00000000   00100000  0000a076  000f5f8a  R  X
  SRAM                  20000000   00040000  00002b50  0003d4b0  RW X


SEGMENT ALLOCATION MAP

run origin  load origin   length   init length attrs members
----------  ----------- ---------- ----------- ----- -------
00000000    00000000    0000a080   0000a080    r-x
  00000000    00000000    0000003c   0000003c    r-- .resetVecs
  00000040    00000040    00007862   00007862    r-x .text
  000078a4    000078a4    000025e0   000025e0    r-- .const
  00009e88    00009e88    000001f8   000001f8    r-- .cinit
20000000    20000000    00002b54   00000000    rw-
  20000000    20000000    00000360   00000000    rw- .vecs
  20000360    20000360    00001be4   00000000    rw- .bss
  20001f48    20001f48    00000800   00000000    rw- .stack
  20002748    20002748    0000040c   00000000    rw- .data


SECTION ALLOCATION MAP

 output                                  attributes/
section   page    origin      length       input sections
--------  ----  ----------  ----------   ----------------
.text      0    00000040    00007862     
                  00000040    000006ac     MotorLib.lib : motorlib.obj (.text)
                  000006ec    00000004     driverlib.lib : uart.obj (.text:UARTIntClear)
                  000006f0    00000430     sysbios.aem4f : BIOS.obj (.text:ti_sysbios_family_arm_m3_Hwi_excDumpRegs__I)
                  00000b20    0000034c     ti.targets.arm.rtsarm.aem4f : System.oem4f (.text:xdc_runtime_System_doPrint__I)
                  00000e6c    0000030c     uartstdio.obj (.text:UARTvprintf)
                  00001178    0000020c     drivers_tivaware.aem4f : UARTTiva.oem4f (.text:UARTTiva_open)
                  00001384    00000204     Boot.aem4f : Boot_sysctl.oem4f (.text:ti_catalog_arm_cortexm4_tiva_ce_Boot_sysCtlClockFreqSetI__I)
                  00001588    00000200     driverlib.lib : sysctl.obj (.text:SysCtlClockFreqSet)
                  00001788    000001f4     sysbios.aem4f : BIOS.obj (.text:ti_sysbios_family_arm_m3_Hwi_excHandlerMax__I)
                  0000197c    000001a0     empty_min.obj (.text:motor_control)
                  00001b1c    00000004     rtsv7M4_T_le_v4SPD16_eabi.lib : exit.c.obj (.text:abort:abort)
                  00001b20    00000174     sysbios.aem4f : BIOS.obj (.text:ti_sysbios_family_arm_m3_Hwi_excBusFault__I)
                  00001c94    00000170     drivers_tivaware.aem4f : PWMTiva.oem4f (.text:PWMTiva_open)
                  00001e04    0000016c     driverlib.lib : gpio.obj (.text:GPIOPadConfigSet)
                  00001f70    00000164     sysbios.aem4f : BIOS.obj (.text:ti_sysbios_family_arm_m3_Hwi_excUsageFault__I)
                  000020d4    00000004     empty_min_pem4f.oem4f (.text:ti_sysbios_BIOS_RtsGateProxy_enter__E)
                  000020d8    00000158     sysbios.aem4f : BIOS.obj (.text:ti_sysbios_knl_Semaphore_pend__E)
                  00002230    00000150     drivers_tivaware.aem4f : GPIOTiva.oem4f (.text:GPIO_setConfig)
                  00002380    00000148     sysbios.aem4f : BIOS.obj (.text:ti_sysbios_family_arm_m3_Hwi_excMemFault__I)
                  000024c8    00000136     rtsv7M4_T_le_v4SPD16_eabi.lib : fd_div_t2.asm.obj (.text)
                  000025fe    00000002                                   : _lock.c.obj (.text:_nop)
                  00002600    00000120     empty_min.obj (.text:main)
                  00002720    00000118     ti.targets.arm.rtsarm.aem4f : Error.oem4f (.text:xdc_runtime_Error_policyDefault__E)
                  00002838    00000114     drivers_tivaware.aem4f : PWMTimerTiva.oem4f (.text:PWMTimerTiva_open)
                  0000294c    00000004     empty_min_pem4f.oem4f (.text:ti_sysbios_BIOS_RtsGateProxy_leave__E)
                  00002950    00000108     sysbios.aem4f : BIOS.obj (.text:ti_sysbios_family_arm_lm4_Timer_start__E)
                  00002a58    00000100     ti.targets.arm.rtsarm.aem4f : Core-mem.oem4f (.text:xdc_runtime_Core_createObject__I)
                  00002b58    000000f8                                 : Startup.oem4f (.text:xdc_runtime_Startup_startMods__I)
                  00002c50    000000f8     empty_min_pem4f.oem4f (.text:xdc_runtime_System_printfExtend__I)
                  00002d48    000000f4     empty_min.obj (.text:motor_Driver_task)
                  00002e3c    000000f4     sysbios.aem4f : m3_Hwi_asm.obj (.text:ti_sysbios_family_arm_m3_Hwi_dispatch__I)
                  00002f30    000000f0     drivers_tivaware.aem4f : PWMTiva.oem4f (.text:PWMTiva_setDuty)
                  00003020    000000d8     sysbios.aem4f : BIOS.obj (.text:ti_sysbios_knl_Mailbox_Instance_init__E)
                  000030f8    000000d4                   : BIOS.obj (.text:ti_sysbios_heaps_HeapMem_alloc__E)
                  000031cc    00000004                   : BIOS.obj (.text:ti_sysbios_family_arm_lm4_Timer_masterEnable__I)
                  000031d0    000000cc                   : BIOS.obj (.text:ti_sysbios_knl_Task_Instance_init__E)
                  0000329c    000000cc     ti.targets.arm.rtsarm.aem4f : Core-smem.oem4f (.text:xdc_runtime_Core_constructObject__I)
                  00003368    000000c8     sysbios.aem4f : BIOS.obj (.text:ti_sysbios_knl_Task_sleep__E)
                  00003430    000000bc                   : BIOS.obj (.text:ti_sysbios_family_arm_m3_Hwi_excDebugMon__I)
                  000034ec    00000004     empty_min_pem4f.oem4f (.text:ti_sysbios_family_arm_m3_Hwi_destruct)
                  000034f0    000000bc     sysbios.aem4f : BIOS.obj (.text:ti_sysbios_family_arm_m3_Hwi_excHardFault__I)
                  000035ac    00000004     empty_min_pem4f.oem4f (.text:ti_sysbios_family_arm_m3_TaskSupport_Module__startupDone__S)
                  000035b0    000000bc     sysbios.aem4f : BIOS.obj (.text:ti_sysbios_knl_Task_Instance_finalize__E)
                  0000366c    000000b8     EK_TM4C1294XL.obj (.text:EK_TM4C1294XL_initGeneral)
                  00003724    000000b8     drivers_tivaware.aem4f : PWMTimerTiva.oem4f (.text:PWMTimerTiva_setDuty)
                  000037dc    00000004     empty_min_pem4f.oem4f (.text:ti_sysbios_heaps_HeapMem_Module_GateProxy_enter__E)
                  000037e0    000000b4     sysbios.aem4f : BIOS.obj (.text:ti_sysbios_knl_Task_checkStacks__E)
                  00003894    000000ac     empty_min.obj (.text:motor_GetRPM)
                  00003940    000000ac     drivers_tivaware.aem4f : UARTTiva.oem4f (.text:readTaskBlocking)
                  000039ec    00000004     empty_min_pem4f.oem4f (.text:ti_sysbios_heaps_HeapMem_Module_GateProxy_leave__E)
                  000039f0    000000ac     sysbios.aem4f : BIOS.obj (.text:ti_sysbios_family_arm_lm4_Timer_enableTiva__I)
                  00003a9c    000000a0     auto_init.aem4f : auto_init.oem4f (.text)
                  00003b3c    000000a0     ti.targets.arm.rtsarm.aem4f : Text.oem4f (.text:xdc_runtime_Text_putMod__E)
                  00003bdc    0000009c     rtsv7M4_T_le_v4SPD16_eabi.lib : memcpy_t2.asm.obj (.text)
                  00003c78    0000009a     ti.targets.arm.rtsarm.aem4f : Text.oem4f (.text:xdc_runtime_Text_putSite__E)
                  00003d12    00000098     drivers_tivaware.aem4f : UARTTiva.oem4f (.text:UARTTiva_readPolling)
                  00003daa    00000002     empty_min.obj (.text:motor_initRPM)
                  00003dac    00000098     Boot.aem4f : Boot.oem4f (.text:ti_catalog_arm_cortexm4_tiva_ce_Boot_sysCtlClockFreqSet__E)
                  00003e44    00000094     drivers_tivaware.aem4f : UARTTiva.oem4f (.text:UARTTiva_write)
                  00003ed8    00000094     sysbios.aem4f : BIOS.obj (.text:ti_sysbios_family_arm_m3_Hwi_Instance_init__E)
                  00003f6c    00000004     empty_min_pem4f.oem4f (.text:ti_sysbios_knl_Clock_TimerProxy_getMaxTicks__E)
                  00003f70    00000094     sysbios.aem4f : BIOS.obj (.text:ti_sysbios_family_arm_m3_Hwi_initNVIC__E)
                  00004004    0000008c     drivers_tivaware.aem4f : GPIOTiva.oem4f (.text:GPIO_init)
                  00004090    0000008c                            : UARTTiva.oem4f (.text:UARTTiva_control)
                  0000411c    0000008c     sysbios.aem4f : m3_TaskSupport_asm.obj (.text:ti_sysbios_family_arm_m3_TaskSupport_buildTaskStack)
                  000041a8    0000008c                   : BIOS.obj (.text:ti_sysbios_knl_Task_postInit__I)
                  00004234    0000008a     drivers_tivaware.aem4f : UARTTiva.oem4f (.text:readIsrTextBlocking)
                  000042be    00000002     rtsv7M4_T_le_v4SPD16_eabi.lib : div0.asm.obj (.text)
                  000042c0    00000088     drivers_tivaware.aem4f : PWMTiva.oem4f (.text:PWMTiva_control)
                  00004348    00000086     rtsv7M4_T_le_v4SPD16_eabi.lib : fd_cmp_t2.asm.obj (.text:__aeabi_cdcmple)
                  000043ce    00000086                                   : fd_cmp_t2.asm.obj (.text:__aeabi_cdrcmple)
                  00004454    00000004     empty_min_pem4f.oem4f (.text:ti_sysbios_knl_Clock_destruct)
                  00004458    00000084     sysbios.aem4f : BIOS.obj (.text:ti_sysbios_family_arm_m3_Hwi_postInit__I)
                  000044dc    00000082     drivers_tivaware.aem4f : UARTTiva.oem4f (.text:readIsrTextCallback)
                  0000455e    00000002     empty_min_pem4f.oem4f (.text:ti_sysbios_BIOS_nullFunc__I)
                  00004560    0000007c     sysbios.aem4f : BIOS.obj (.text:ti_sysbios_heaps_HeapMem_free__E)
                  000045dc    0000007a     drivers_tivaware.aem4f : UARTTiva.oem4f (.text:readTaskCallback)
                  00004656    0000007a     rtsv7M4_T_le_v4SPD16_eabi.lib : memset_t2.asm.obj (.text)
                  000046d0    00000074     sysbios.aem4f : BIOS.obj (.text:ti_sysbios_knl_Mailbox_pend__E)
                  00004744    00000004     empty_min_pem4f.oem4f (.text:ti_sysbios_knl_Queue_destruct)
                  00004748    00000070     sysbios.aem4f : BIOS.obj (.text:ti_sysbios_knl_Clock_workFunc__E)
                  000047b8    00000070                   : BIOS.obj (.text:ti_sysbios_knl_Mailbox_Instance_finalize__E)
                  00004828    00000070                   : BIOS.obj (.text:ti_sysbios_knl_Task_exit__E)
                  00004898    0000006d     ti.targets.arm.rtsarm.aem4f : System.oem4f (.text:xdc_runtime_System_formatNum__I)
                  00004905    00000001     --HOLE-- [fill = 0]
                  00004906    00000002     empty_min_pem4f.oem4f (.text:xdc_runtime_Startup_reset__I)
                  00004908    0000006c     drivers_tivaware.aem4f : PWMTimerTiva.oem4f (.text:PWMTimerTiva_control)
                  00004974    00000004     empty_min_pem4f.oem4f (.text:ti_sysbios_knl_Semaphore_destruct)
                  00004978    0000006c     sysbios.aem4f : BIOS.obj (.text:ti_sysbios_knl_Swi_restoreHwi__E)
                  000049e4    0000006c     drivers_tivaware.aem4f : UARTTiva.oem4f (.text:writeData)
                  00004a50    0000006c     ti.targets.arm.rtsarm.aem4f : Error.oem4f (.text:xdc_runtime_Error_print__E)
                  00004abc    0000006c                                 : Memory.oem4f (.text:xdc_runtime_Memory_alloc__E)
                  00004b28    0000006a     drivers_tivaware.aem4f : PWMTiva.oem4f (.text:PWMTiva_close)
                  00004b92    00000068     rtsv7M4_T_le_v4SPD16_eabi.lib : copy_decompress_lzss.c.obj (.text:decompress:lzss:__TI_decompress_lzss)
                  00004bfa    00000066     ti.targets.arm.rtsarm.aem4f : Core-mem.oem4f (.text:xdc_runtime_Core_deleteObject__I)
                  00004c60    00000064     drivers_tivaware.aem4f : GPIOTiva.oem4f (.text:GPIO_hwiIntFxn)
                  00004cc4    00000004     ti.targets.arm.rtsarm.aem4f : Error.oem4f (.text:xdc_runtime_Error_getSite__E)
                  00004cc8    00000064     sysbios.aem4f : BIOS.obj (.text:ti_sysbios_family_arm_lm4_Timer_Module_startup__E)
                  00004d2c    00000064     empty_min_pem4f.oem4f (.text:ti_sysbios_family_arm_m3_Hwi_create)
                  00004d90    00000064     sysbios.aem4f : BIOS.obj (.text:ti_sysbios_family_arm_m3_Hwi_dispatchC__I)
                  00004df4    00000004     empty_min_pem4f.oem4f (.text:xdc_runtime_System_Module_GateProxy_enter__E)
                  00004df8    00000064     sysbios.aem4f : BIOS.obj (.text:ti_sysbios_knl_Semaphore_post__E)
                  00004e5c    00000060     driverlib.lib : timer.obj (.text:TimerConfigure)
                  00004ebc    00000004     empty_min_pem4f.oem4f (.text:xdc_runtime_System_Module_GateProxy_leave__E)
                  00004ec0    00000060     sysbios.aem4f : BIOS.obj (.text:ti_sysbios_knl_Task_schedule__I)
                  00004f20    0000005e     drivers_tivaware.aem4f : UARTTiva.oem4f (.text:readIsrBinaryBlocking)
                  00004f7e    00000002     --HOLE-- [fill = 0]
                  00004f80    0000005c     sysbios.aem4f : BIOS.obj (.text:ti_sysbios_knl_Swi_run__I)
                  00004fdc    00000004     ti.targets.arm.rtsarm.aem4f : System.oem4f (.text:xdc_runtime_System_aprintf_va__F)
                  00004fe0    0000005c     sysbios.aem4f : BIOS.obj (.text:ti_sysbios_knl_Swi_schedule__I)
                  0000503c    00000004     ti.targets.arm.rtsarm.aem4f : System.oem4f (.text:xdc_runtime_System_printf_va__F)
                  00005040    0000005c     sysbios.aem4f : BIOS.obj (.text:ti_sysbios_knl_Task_Module_startup__E)
                  0000509c    00000004     --HOLE-- [fill = 0]
                  000050a0    0000005c                   : BIOS.obj (.text:ti_sysbios_knl_Task_startCore__E)
                  000050fc    0000005b     ti.targets.arm.rtsarm.aem4f : Text.oem4f (.text:xdc_runtime_Text_putLab__E)
                  00005157    00000001     --HOLE-- [fill = 0]
                  00005158    00000058     boot.aem4f : boot.oem4f (.text)
                  000051b0    00000058     driverlib.lib : gpio.obj (.text:GPIOIntTypeSet)
                  00005208    00000058     rtsv7M4_T_le_v4SPD16_eabi.lib : hostwrite.c.obj (.text:HOSTwrite)
                  00005260    00000058     empty_min_pem4f.oem4f (.text:ti_sysbios_family_arm_m3_Hwi_construct)
                  000052b8    00000058     sysbios.aem4f : m3_Hwi_asm_switch.obj (.text:ti_sysbios_family_arm_m3_Hwi_initStacks__E)
                  00005310    00000058     empty_min_pem4f.oem4f (.text:ti_sysbios_knl_Mailbox_construct)
                  00005368    00000054     uartstdio.obj (.text:UARTStdioConfig)
                  000053bc    00000054     uartstdio.obj (.text:UARTwrite)
                  00005410    00000054     drivers_tivaware.aem4f : UARTTiva.oem4f (.text:readIsrBinaryCallback)
                  00005464    00000004     --HOLE-- [fill = 0]
                  00005468    00000054     sysbios.aem4f : BIOS.obj (.text:ti_sysbios_family_arm_lm4_Timer_initDevice__I)
                  000054bc    00000054     empty_min_pem4f.oem4f (.text:ti_sysbios_knl_Task_construct)
                  00005510    00000054     ti.targets.arm.rtsarm.aem4f : Assert.oem4f (.text:xdc_runtime_Assert_raise__I)
                  00005564    00000050     drivers_tivaware.aem4f : GPIOTiva.oem4f (.text:GPIO_setCallback)
                  000055b4    00000050                            : UARTTiva.oem4f (.text:UARTTiva_writeCancel)
                  00005604    00000050     Boot.aem4f : Boot_sysctl.oem4f (.text:_SysCtlFrequencyGet)
                  00005654    00000004     --HOLE-- [fill = 0]
                  00005658    00000050     sysbios.aem4f : BIOS.obj (.text:ti_sysbios_family_arm_m3_Hwi_Module_startup__E)
                  000056a8    00000050                   : BIOS.obj (.text:ti_sysbios_knl_Clock_Instance_init__E)
                  000056f8    00000050     ti.targets.arm.rtsarm.aem4f : Startup.oem4f (.text:xdc_runtime_Startup_exec__E)
                  00005748    00000050                                 : Text.oem4f (.text:xdc_runtime_Text_visitRope2__I)
                  00005798    0000004c     driverlib.lib : gpio.obj (.text:GPIOPinConfigure)
                  000057e4    0000004c     drivers_tivaware.aem4f : UARTTiva.oem4f (.text:UARTTiva_close)
                  00005830    0000004c     rtsv7M4_T_le_v4SPD16_eabi.lib : cpy_tbl.c.obj (.text:copy_in)
                  0000587c    00000004     --HOLE-- [fill = 0]
                  00005880    0000004c     sysbios.aem4f : BIOS.obj (.text:ti_sysbios_family_arm_lm4_Timer_setAvailMask__E)
                  000058cc    00000004     --HOLE-- [fill = 0]
                  000058d0    0000004c                   : BIOS.obj (.text:ti_sysbios_heaps_HeapMem_getStats__E)
                  0000591c    00000004     --HOLE-- [fill = 0]
                  00005920    0000004c                   : BIOS.obj (.text:ti_sysbios_knl_Swi_runLoop__I)
                  0000596c    00000004     --HOLE-- [fill = 0]
                  00005970    0000004c                   : BIOS.obj (.text:ti_sysbios_knl_Task_allBlockedFunction__I)
                  000059bc    0000004a     drivers_tivaware.aem4f : PWMTimerTiva.oem4f (.text:PWMTimerTiva_close)
                  00005a06    00000002     --HOLE-- [fill = 0]
                  00005a08    00000048     driverlib.lib : sysctl.obj (.text:_SysCtlFrequencyGet)
                  00005a50    00000048     empty_min.obj (.text:motor_initHall)
                  00005a98    00000048     rtsv7M4_T_le_v4SPD16_eabi.lib : fd_toi_t2.asm.obj (.text)
                  00005ae0    00000048     sysbios.aem4f : BIOS.obj (.text:ti_sysbios_family_arm_lm4_Timer_enableTimers__I)
                  00005b28    00000048                   : BIOS.obj (.text:ti_sysbios_family_arm_m3_Hwi_disableInterrupt__E)
                  00005b70    00000048                   : BIOS.obj (.text:ti_sysbios_family_arm_m3_Hwi_enableInterrupt__E)
                  00005bb8    00000048                   : BIOS.obj (.text:ti_sysbios_family_arm_m3_Hwi_excReserved__I)
                  00005c00    00000048                   : BIOS.obj (.text:ti_sysbios_knl_Mailbox_Module_startup__E)
                  00005c48    00000046     drivers_tivaware.aem4f : RingBuf.oem4f (.text:RingBuf_put)
                  00005c8e    00000046     driverlib.lib : uart.obj (.text:UARTConfigSetExpClk)
                  00005cd4    00000046     ti.targets.arm.rtsarm.aem4f : Core-params.oem4f (.text:xdc_runtime_Core_assignParams__I)
                  00005d1a    00000002     --HOLE-- [fill = 0]
                  00005d1c    00000044     empty_min.obj (.text:ConfigureUART)
                  00005d60    00000044     sysbios.aem4f : BIOS.obj (.text:ti_sysbios_family_arm_lm4_Timer_isrStub__E)
                  00005da4    00000004     --HOLE-- [fill = 0]
                  00005da8    00000044                   : BIOS.obj (.text:ti_sysbios_family_arm_m3_Hwi_getStackInfo__E)
                  00005dec    00000004     --HOLE-- [fill = 0]
                  00005df0    00000044                   : BIOS.obj (.text:ti_sysbios_knl_Swi_post__E)
                  00005e34    00000044     ti.targets.arm.rtsarm.aem4f : Error.oem4f (.text:xdc_runtime_Error_setX__E)
                  00005e78    00000044                                 : SysMin.oem4f (.text:xdc_runtime_SysMin_flush__E)
                  00005ebc    00000044                                 : Text.oem4f (.text:xdc_runtime_Text_xprintf__I)
                  00005f00    00000042     drivers_tivaware.aem4f : UARTTiva.oem4f (.text:UARTTiva_hwiIntFxn)
                  00005f42    00000042                            : UARTTiva.oem4f (.text:UARTTiva_writePolling)
                  00005f84    00000040                            : RingBuf.oem4f (.text:RingBuf_get)
                  00005fc4    00000040                            : UARTTiva.oem4f (.text:UARTTiva_read)
                  00006004    00000040     rtsv7M4_T_le_v4SPD16_eabi.lib : u_divt2.asm.obj (.text)
                  00006044    00000004     --HOLE-- [fill = 0]
                  00006048    00000040     sysbios.aem4f : BIOS.obj (.text:ti_sysbios_family_arm_lm4_Timer_startup__E)
                  00006088    00000040                   : BIOS.obj (.text:ti_sysbios_heaps_HeapMem_Instance_init__E)
                  000060c8    0000003e     empty_min.obj (.text:arrComp)
                  00006106    00000002     --HOLE-- [fill = 0]
                  00006108    0000003c     sysbios.aem4f : BIOS.obj (.text:ti_sysbios_family_arm_m3_Hwi_excSvCall__I)
                  00006144    00000004     --HOLE-- [fill = 0]
                  00006148    0000003c                   : BIOS.obj (.text:ti_sysbios_heaps_HeapMem_init__I)
                  00006184    00000004     --HOLE-- [fill = 0]
                  00006188    0000003c                   : BIOS.obj (.text:ti_sysbios_knl_Swi_restore__E)
                  000061c4    00000038     drivers_tivaware.aem4f : PWM.oem4f (.text:PWM_init)
                  000061fc    00000038     driverlib.lib : sysctl.obj (.text:SysCtlPeripheralPresent)
                  00006234    00000038                   : sysctl.obj (.text:SysCtlPeripheralReady)
                  0000626c    00000038     drivers_tivaware.aem4f : UART.oem4f (.text:UART_init)
                  000062a4    00000038     rtsv7M4_T_le_v4SPD16_eabi.lib : trgmsg.c.obj (.text:__TI_writemsg)
                  000062dc    00000004     --HOLE-- [fill = 0]
                  000062e0    00000038     sysbios.aem4f : BIOS.obj (.text:ti_sysbios_family_arm_m3_Hwi_excNoIsr__I)
                  00006318    00000038                   : BIOS.obj (.text:ti_sysbios_knl_Task_processVitalTaskFlag__I)
                  00006350    00000038     ti.targets.arm.rtsarm.aem4f : SysMin.oem4f (.text:xdc_runtime_SysMin_putch__E)
                  00006388    00000038                                 : System.oem4f (.text:xdc_runtime_System_atexit__E)
                  000063c0    00000036     drivers_tivaware.aem4f : UARTTiva.oem4f (.text:UARTTiva_readCancel)
                  000063f6    00000002     --HOLE-- [fill = 0]
                  000063f8    00000034     driverlib.lib : sysctl.obj (.text:SysCtlPeripheralEnable)
                  0000642c    00000034     rtsv7M4_T_le_v4SPD16_eabi.lib : trgmsg.c.obj (.text:__TI_readmsg)
                  00006460    00000034     sysbios.aem4f : BIOS.obj (.text:ti_sysbios_family_arm_m3_Hwi_Instance_finalize__E)
                  00006494    00000004     --HOLE-- [fill = 0]
                  00006498    00000034                   : BIOS.obj (.text:ti_sysbios_family_arm_m3_Hwi_excNmi__I)
                  000064cc    00000004     --HOLE-- [fill = 0]
                  000064d0    00000034                   : BIOS.obj (.text:ti_sysbios_hal_Hwi_checkStack)
                  00006504    00000034     empty_min_pem4f.oem4f (.text:ti_sysbios_knl_Clock_construct)
                  00006538    00000034     ti.targets.arm.rtsarm.aem4f : Core-label.oem4f (.text:xdc_runtime_Core_assignLabel__I)
                  0000656c    00000033                                 : Text.oem4f (.text:xdc_runtime_Text_printVisFxn__I)
                  0000659f    00000001     --HOLE-- [fill = 0]
                  000065a0    00000032     sysbios.aem4f : BIOS.obj (.text:ti_sysbios_hal_Hwi_initStack)
                  000065d2    00000002     --HOLE-- [fill = 0]
                  000065d4    00000030     drivers_tivaware.aem4f : PWMTiva.oem4f (.text:PWMTiva_init)
                  00006604    00000030                            : PWM.oem4f (.text:PWM_open)
                  00006634    00000030     empty_min_pem4f.oem4f (.text:ti_sysbios_BIOS_atExitFunc__I)
                  00006664    00000004     --HOLE-- [fill = 0]
                  00006668    00000030     sysbios.aem4f : BIOS.obj (.text:ti_sysbios_family_arm_lm4_Timer_stop__E)
                  00006698    00000030                   : BIOS.obj (.text:ti_sysbios_family_arm_m3_TaskSupport_start__E)
                  000066c8    00000030     empty_min_pem4f.oem4f (.text:ti_sysbios_gates_GateHwi_Object__create__S)
                  000066f8    00000030     empty_min_pem4f.oem4f (.text:ti_sysbios_gates_GateMutex_Object__create__S)
                  00006728    00000030     sysbios.aem4f : BIOS.obj (.text:ti_sysbios_gates_GateMutex_enter__E)
                  00006758    00000030     empty_min_pem4f.oem4f (.text:ti_sysbios_heaps_HeapMem_Object__create__S)
                  00006788    00000030     sysbios.aem4f : BIOS.obj (.text:ti_sysbios_knl_Mailbox_postInit__I)
                  000067b8    00000030     empty_min_pem4f.oem4f (.text:ti_sysbios_knl_Semaphore_construct)
                  000067e8    00000030     sysbios.aem4f : BIOS.obj (.text:ti_sysbios_knl_Semaphore_pendTimeout__I)
                  00006818    00000030                   : BIOS.obj (.text:ti_sysbios_knl_Task_unblockI__E)
                  00006848    00000030     ti.targets.arm.rtsarm.aem4f : SysMin.oem4f (.text:xdc_runtime_SysMin_abort__E)
                  00006878    00000030                                 : System.oem4f (.text:xdc_runtime_System_processAtExit__E)
                  000068a8    0000002e     rtsv7M4_T_le_v4SPD16_eabi.lib : i_tofd_t2.asm.obj (.text)
                  000068d6    00000002     --HOLE-- [fill = 0]
                  000068d8    0000002c     EK_TM4C1294XL.obj (.text:EK_TM4C1294XL_initUART)
                  00006904    0000002c     driverlib.lib : gpio.obj (.text:GPIODirModeSet)
                  00006930    0000002c     empty_min_pem4f.oem4f (.text:ti_sysbios_knl_Clock_doTick__I)
                  0000695c    0000002c     empty_min_pem4f.oem4f (.text:ti_sysbios_knl_Queue_construct)
                  00006988    0000002c     sysbios.aem4f : BIOS.obj (.text:ti_sysbios_knl_Task_restore__E)
                  000069b4    0000002c     ti.targets.arm.rtsarm.aem4f : Text.oem4f (.text:xdc_runtime_Text_cordText__E)
                  000069e0    0000002a                                 : System.oem4f (.text:xdc_runtime_System_putchar__I)
                  00006a0a    00000028     empty_min.obj (.text:motor_init)
                  00006a32    00000006     driverlib.lib : gpio.obj (.text:GPIOIntClear)
                  00006a38    00000028     sysbios.aem4f : BIOS.obj (.text:ti_sysbios_knl_Clock_addI__E)
                  00006a60    00000028                   : BIOS.obj (.text:ti_sysbios_knl_Swi_Module_startup__E)
                  00006a88    00000026                   : m3_Hwi_asm.obj (.text:ti_sysbios_family_arm_m3_Hwi_pendSV__I)
                  00006aae    00000026     ti.targets.arm.rtsarm.aem4f : System.oem4f (.text:xdc_runtime_System_avprintf__E)
                  00006ad4    00000024     uartstdio.obj (.text:UARTprintf)
                  00006af8    00000024     empty_min_pem4f.oem4f (.text:ti_sysbios_BIOS_errorRaiseHook__I)
                  00006b1c    00000024     empty_min_pem4f.oem4f (.text:ti_sysbios_BIOS_registerRTSLock__I)
                  00006b40    00000024     empty_min_pem4f.oem4f (.text:ti_sysbios_BIOS_removeRTSLock__I)
                  00006b64    00000024     empty_min_pem4f.oem4f (.text:ti_sysbios_BIOS_startFunc__I)
                  00006b88    00000024     empty_min_pem4f.oem4f (.text:ti_sysbios_gates_GateMutex_Object__delete__S)
                  00006bac    00000004     --HOLE-- [fill = 0]
                  00006bb0    00000024     sysbios.aem4f : BIOS.obj (.text:ti_sysbios_knl_Clock_Module_startup__E)
                  00006bd4    00000004     --HOLE-- [fill = 0]
                  00006bd8    00000024                   : BIOS.obj (.text:ti_sysbios_knl_Clock_start__E)
                  00006bfc    00000004     --HOLE-- [fill = 0]
                  00006c00    00000024                   : BIOS.obj (.text:ti_sysbios_knl_Semaphore_Instance_init__E)
                  00006c24    00000004     --HOLE-- [fill = 0]
                  00006c28    00000024                   : BIOS.obj (.text:ti_sysbios_knl_Task_restoreHwi__E)
                  00006c4c    00000024     ti.targets.arm.rtsarm.aem4f : System.oem4f (.text:xdc_runtime_System_vprintf__E)
                  00006c70    00000022     driverlib.lib : pwm.obj (.text:PWMGenConfigure)
                  00006c92    00000022     drivers_tivaware.aem4f : PWMTiva.oem4f (.text:PWMTiva_getPeriodCounts)
                  00006cb4    00000004     --HOLE-- [fill = 0]
                  00006cb8    00000022     sysbios.aem4f : BIOS.obj (.text:ti_sysbios_family_arm_lm4_Timer_write__I)
                  00006cda    00000022     empty_min_pem4f.oem4f (.text:xdc_runtime_SysMin_output__I)
                  00006cfc    00000020     driverlib.lib : uart.obj (.text:UARTDisable)
                  00006d1c    00000020     Boot.aem4f : Boot_sysctl.oem4f (.text:_SysCtlMemTimingGet)
                  00006d3c    00000020     driverlib.lib : sysctl.obj (.text:_SysCtlMemTimingGet)
                  00006d5c    00000020     empty_min_pem4f.oem4f (.text:ti_sysbios_BIOS_rtsLock__I)
                  00006d7c    00000020     sysbios.aem4f : m3_Hwi_asm.obj (.text:ti_sysbios_family_arm_m3_Hwi_excHandlerAsm__I)
                  00006d9c    00000004     --HOLE-- [fill = 0]
                  00006da0    00000020                   : BIOS.obj (.text:ti_sysbios_family_arm_m3_Hwi_excHandler__I)
                  00006dc0    00000020     empty_min_pem4f.oem4f (.text:ti_sysbios_gates_GateHwi_Object__delete__S)
                  00006de0    00000020     empty_min_pem4f.oem4f (.text:ti_sysbios_heaps_HeapMem_Object__delete__S)
                  00006e00    00000020     empty_min_pem4f.oem4f (.text:ti_sysbios_knl_Clock_Object__destruct__S)
                  00006e20    00000020     sysbios.aem4f : BIOS.obj (.text:ti_sysbios_knl_Idle_run__E)
                  00006e40    00000020     empty_min_pem4f.oem4f (.text:ti_sysbios_knl_Semaphore_Object__destruct__S)
                  00006e60    00000020     ti.targets.arm.rtsarm.aem4f : Registry.oem4f (.text:xdc_runtime_Registry_findById__E)
                  00006e80    00000020                                 : SysMin.oem4f (.text:xdc_runtime_SysMin_Module_startup__E)
                  00006ea0    0000001e     driverlib.lib : pwm.obj (.text:PWMPulseWidthSet)
                  00006ebe    0000001e     drivers_tivaware.aem4f : PWMTiva.oem4f (.text:PWMTiva_getPeriodMicroSecs)
                  00006edc    0000001e     sysbios.aem4f : m3_Hwi_asm_switch.obj (.text:ti_sysbios_family_xxx_Hwi_switchAndRunFunc)
                  00006efa    0000001c     drivers_tivaware.aem4f : GPIOTiva.oem4f (.text:getGpioIntIndex)
                  00006f16    00000002     --HOLE-- [fill = 0]
                  00006f18    0000001c     empty_min_pem4f.oem4f (.text:ti_sysbios_family_arm_m3_Hwi_Object__destruct__S)
                  00006f34    00000004     --HOLE-- [fill = 0]
                  00006f38    0000001c     sysbios.aem4f : BIOS.obj (.text:ti_sysbios_gates_GateMutex_Instance_init__E)
                  00006f54    00000004     --HOLE-- [fill = 0]
                  00006f58    0000001c                   : BIOS.obj (.text:ti_sysbios_knl_Clock_Instance_finalize__E)
                  00006f74    0000001c     empty_min_pem4f.oem4f (.text:ti_sysbios_knl_Queue_Object__destruct__S)
                  00006f90    0000001c     sysbios.aem4f : BIOS.obj (.text:ti_sysbios_knl_Queue_get__E)
                  00006fac    00000004     --HOLE-- [fill = 0]
                  00006fb0    0000001c                   : BIOS.obj (.text:ti_sysbios_knl_Queue_put__E)
                  00006fcc    00000004     --HOLE-- [fill = 0]
                  00006fd0    0000001c                   : BIOS.obj (.text:ti_sysbios_knl_Task_enter__I)
                  00006fec    0000001c     ti.targets.arm.rtsarm.aem4f : Error.oem4f (.text:xdc_runtime_Error_raiseX__E)
                  00007008    0000001c                                 : Memory.oem4f (.text:xdc_runtime_Memory_valloc__E)
                  00007024    0000001c                                 : SysMin.oem4f (.text:xdc_runtime_SysMin_exit__E)
                  00007040    0000001c                                 : System.oem4f (.text:xdc_runtime_System_abort__E)
                  0000705c    0000001a     driverlib.lib : gpio.obj (.text:GPIOPinTypeGPIOOutput)
                  00007076    0000001a     empty_min_pem4f.oem4f (.text:ti_sysbios_family_arm_m3_Hwi_Handle__label__S)
                  00007090    0000001a     empty_min_pem4f.oem4f (.text:ti_sysbios_gates_GateHwi_Handle__label__S)
                  000070aa    0000001a     empty_min_pem4f.oem4f (.text:ti_sysbios_gates_GateMutex_Handle__label__S)
                  000070c4    0000001a     empty_min_pem4f.oem4f (.text:ti_sysbios_heaps_HeapMem_Handle__label__S)
                  000070de    0000001a     empty_min_pem4f.oem4f (.text:ti_sysbios_knl_Swi_Handle__label__S)
                  000070f8    0000001a     empty_min_pem4f.oem4f (.text:ti_sysbios_knl_Task_Handle__label__S)
                  00007112    0000001a     empty_min_pem4f.oem4f (.text:xdc_runtime_System_aprintf__E)
                  0000712c    0000001a     empty_min_pem4f.oem4f (.text:xdc_runtime_System_printf__E)
                  00007146    00000018     driverlib.lib : timer.obj (.text:TimerControlLevel)
                  0000715e    00000002     --HOLE-- [fill = 0]
                  00007160    00000018                   : timer.obj (.text:TimerDisable)
                  00007178    00000018     rtsv7M4_T_le_v4SPD16_eabi.lib : args_main.c.obj (.text:_args_main)
                  00007190    00000018     empty_min.obj (.text:motor_initSampleInputs)
                  000071a8    00000018     empty_min_pem4f.oem4f (.text:ti_sysbios_BIOS_rtsUnlock__I)
                  000071c0    00000018     empty_min_pem4f.oem4f (.text:ti_sysbios_family_arm_lm4_Timer_Module__startupDone__F)
                  000071d8    00000018     empty_min_pem4f.oem4f (.text:ti_sysbios_family_arm_m3_Hwi_Module__startupDone__F)
                  000071f0    00000018     sysbios.aem4f : m3_TaskSupport_asm.obj (.text:ti_sysbios_family_arm_m3_TaskSupport_swap__E)
                  00007208    00000018                   : BIOS.obj (.text:ti_sysbios_gates_GateMutex_leave__E)
                  00007220    00000018                   : BIOS.obj (.text:ti_sysbios_knl_Task_sleepTimeout__I)
                  00007238    00000018     ti.targets.arm.rtsarm.aem4f : Error.oem4f (.text:xdc_runtime_Error_check__E)
                  00007250    00000018                                 : System.oem4f (.text:xdc_runtime_System_exit__E)
                  00007268    00000018                                 : Text.oem4f (.text:xdc_runtime_Text_ropeText__E)
                  00007280    00000016     driverlib.lib : gpio.obj (.text:GPIOPinTypeGPIOInput)
                  00007296    00000016                   : gpio.obj (.text:GPIOPinTypePWM)
                  000072ac    00000016                   : gpio.obj (.text:GPIOPinTypeTimer)
                  000072c2    00000016                   : gpio.obj (.text:GPIOPinTypeUART)
                  000072d8    00000016     empty_min_pem4f.oem4f (.text:ti_sysbios_BIOS_exitFunc__I)
                  000072ee    00000016     empty_min.obj (.text:ti_sysbios_knl_Mailbox_Params_init)
                  00007304    00000016     empty_min.obj (.text:ti_sysbios_knl_Semaphore_Params_init)
                  0000731a    00000016     empty_min.obj (.text:ti_sysbios_knl_Task_Params_init)
                  00007330    00000016     sysbios.aem4f : BIOS.obj (.text:ti_sysbios_knl_Task_unblock__E)
                  00007346    00000002     --HOLE-- [fill = 0]
                  00007348    00000014     driverlib.lib : pwm.obj (.text:PWMClockSet)
                  0000735c    00000014                   : sysctl.obj (.text:SysCtlPWMClockSet)
                  00007370    00000014                   : uart.obj (.text:UARTEnable)
                  00007384    00000014     rtsv7M4_T_le_v4SPD16_eabi.lib : strlen.c.obj (.text:strlen)
                  00007398    00000014     empty_min_pem4f.oem4f (.text:ti_sysbios_family_arm_m3_Hwi_Object__get__S)
                  000073ac    00000004     --HOLE-- [fill = 0]
                  000073b0    00000014     sysbios.aem4f : BIOS.obj (.text:ti_sysbios_family_arm_m3_Hwi_switchFromBootStack__E)
                  000073c4    00000014     empty_min_pem4f.oem4f (.text:ti_sysbios_heaps_HeapMem_Object__get__S)
                  000073d8    00000014     empty_min_pem4f.oem4f (.text:ti_sysbios_knl_Swi_Object__get__S)
                  000073ec    00000012     driverlib.lib : pwm.obj (.text:PWMGenPeriodGet)
                  000073fe    00000012                   : pwm.obj (.text:PWMOutputInvert)
                  00007410    00000012                   : pwm.obj (.text:PWMOutputState)
                  00007422    00000012     drivers_tivaware.aem4f : RingBuf.oem4f (.text:RingBuf_construct)
                  00007434    00000012     driverlib.lib : timer.obj (.text:TimerLoadSet)
                  00007446    00000012                   : timer.obj (.text:TimerMatchSet)
                  00007458    00000012                   : timer.obj (.text:TimerPrescaleMatchSet)
                  0000746a    00000012                   : timer.obj (.text:TimerPrescaleSet)
                  0000747c    00000004     --HOLE-- [fill = 0]
                  00007480    00000012     sysbios.aem4f : BIOS.obj (.text:ti_sysbios_hal_Hwi_Module_startup__E)
                  00007492    00000012     empty_min_pem4f.oem4f (.text:xdc_runtime_Startup_exec__I)
                  000074a4    00000010     empty_min_pem4f.oem4f (.text:.bootCodeSection:ti_catalog_arm_cortexm4_tiva_ce_Boot_init__I)
                  000074b4    00000010     driverlib.lib : pwm.obj (.text:PWMGenPeriodSet)
                  000074c4    00000010     drivers_tivaware.aem4f : PWM.oem4f (.text:PWM_Params_init)
                  000074d4    00000010                            : UARTTiva.oem4f (.text:readBlockingTimeout)
                  000074e4    00000004     --HOLE-- [fill = 0]
                  000074e8    00000010     sysbios.aem4f : BIOS.obj (.text:ti_sysbios_BIOS_getCpuFreq__E)
                  000074f8    00000010                   : BIOS.obj (.text:ti_sysbios_BIOS_setThreadType__E)
                  00007508    00000010                   : BIOS.obj (.text:ti_sysbios_BIOS_start__E)
                  00007518    00000010                   : m3_TaskSupport_asm.obj (.text:ti_sysbios_family_arm_m3_TaskSupport_glue)
                  00007528    00000010                   : BIOS.obj (.text:ti_sysbios_gates_GateMutex_Instance_finalize__E)
                  00007538    00000010     empty_min_pem4f.oem4f (.text:ti_sysbios_knl_Mailbox_Object__get__S)
                  00007548    00000010     sysbios.aem4f : BIOS.obj (.text:ti_sysbios_knl_Semaphore_Instance_finalize__E)
                  00007558    00000010                   : BIOS.obj (.text:ti_sysbios_knl_Swi_disable__E)
                  00007568    00000010                   : BIOS.obj (.text:ti_sysbios_knl_Task_disable__E)
                  00007578    00000010     ti.targets.arm.rtsarm.aem4f : Gate.oem4f (.text:xdc_runtime_Gate_leaveSystem__E)
                  00007588    00000010                                 : Memory.oem4f (.text:xdc_runtime_Memory_free__E)
                  00007598    00000010                                 : SysMin.oem4f (.text:xdc_runtime_SysMin_ready__E)
                  000075a8    00000010                                 : System.oem4f (.text:xdc_runtime_System_vsnprintf__E)
                  000075b8    00000010     empty_min_pem4f.oem4f (.text:xdc_runtime_Text_visitRope__I)
                  000075c8    0000000e     driverlib.lib : gpio.obj (.text:GPIOIntStatus)
                  000075d6    0000000e                   : timer.obj (.text:TimerEnable)
                  000075e4    0000000e                   : uart.obj (.text:UARTCharGetNonBlocking)
                  000075f2    0000000e                   : uart.obj (.text:UARTCharPutNonBlocking)
                  00007600    0000000e     rtsv7M4_T_le_v4SPD16_eabi.lib : copy_decompress_none.c.obj (.text:decompress:none:__TI_decompress_none)
                  0000760e    00000002     --HOLE-- [fill = 0]
                  00007610    0000000e     sysbios.aem4f : BIOS.obj (.text:ti_sysbios_knl_Queue_empty__E)
                  0000761e    0000000e     empty_min_pem4f.oem4f (.text:ti_sysbios_knl_Task_Object__get__S)
                  0000762c    0000000c     driverlib.lib : pwm.obj (.text:PWMGenDisable)
                  00007638    0000000c                   : pwm.obj (.text:PWMGenEnable)
                  00007644    0000000c     drivers_tivaware.aem4f : RingBuf.oem4f (.text:RingBuf_peek)
                  00007650    0000000c     driverlib.lib : uart.obj (.text:UARTFlowControlSet)
                  0000765c    0000000c     drivers_tivaware.aem4f : UARTTiva.oem4f (.text:UARTTiva_init)
                  00007668    0000000c     rtsv7M4_T_le_v4SPD16_eabi.lib : _lock.c.obj (.text:_register_lock)
                  00007674    0000000c                                   : _lock.c.obj (.text:_register_unlock)
                  00007680    0000000c                                   : copy_zero_init.c.obj (.text:decompress:ZI:__TI_zero_init)
                  0000768c    00000004     --HOLE-- [fill = 0]
                  00007690    0000000c     sysbios.aem4f : BIOS.obj (.text:ti_sysbios_family_arm_lm4_Timer_getAvailMask__E)
                  0000769c    00000004     --HOLE-- [fill = 0]
                  000076a0    0000000c                   : BIOS.obj (.text:ti_sysbios_family_arm_lm4_Timer_getMaxTicks__E)
                  000076ac    0000000c     empty_min_pem4f.oem4f (.text:ti_sysbios_family_arm_m3_Hwi_Params__init__S)
                  000076b8    0000000c     sysbios.aem4f : BIOS.obj (.text:ti_sysbios_family_arm_m3_Hwi_disableFxn__E)
                  000076c4    00000004     --HOLE-- [fill = 0]
                  000076c8    0000000c                   : BIOS.obj (.text:ti_sysbios_family_arm_m3_TaskSupport_checkStack__E)
                  000076d4    00000004     --HOLE-- [fill = 0]
                  000076d8    0000000c                   : BIOS.obj (.text:ti_sysbios_family_arm_m3_TaskSupport_getStackAlignment__E)
                  000076e4    00000004     --HOLE-- [fill = 0]
                  000076e8    0000000c                   : BIOS.obj (.text:ti_sysbios_gates_GateHwi_enter__E)
                  000076f4    0000000c     empty_min_pem4f.oem4f (.text:ti_sysbios_knl_Clock_Params__init__S)
                  00007700    0000000c     sysbios.aem4f : BIOS.obj (.text:ti_sysbios_knl_Clock_getTicks__E)
                  0000770c    0000000c     empty_min_pem4f.oem4f (.text:ti_sysbios_knl_Mailbox_Params__init__S)
                  00007718    0000000c     empty_min.obj (.text:ti_sysbios_knl_Mailbox_handle)
                  00007724    0000000c     empty_min_pem4f.oem4f (.text:ti_sysbios_knl_Queue_Object__get__S)
                  00007730    0000000c     empty_min_pem4f.oem4f (.text:ti_sysbios_knl_Semaphore_Params__init__S)
                  0000773c    0000000c     empty_min.obj (.text:ti_sysbios_knl_Semaphore_handle)
                  00007748    0000000c     empty_min_pem4f.oem4f (.text:ti_sysbios_knl_Task_Params__init__S)
                  00007754    0000000c     ti.targets.arm.rtsarm.aem4f : Error.oem4f (.text:xdc_runtime_Error_init__E)
                  00007760    0000000c                                 : Gate.oem4f (.text:xdc_runtime_Gate_enterSystem__E)
                  0000776c    0000000c                                 : Memory.oem4f (.text:xdc_runtime_Memory_calloc__E)
                  00007778    0000000c                                 : Memory.oem4f (.text:xdc_runtime_Memory_getMaxDefaultTypeAlign__E)
                  00007784    0000000a     drivers_tivaware.aem4f : PWMTimerTiva.oem4f (.text:PWMTimerTiva_getPeriodCounts)
                  0000778e    0000000a                            : PWM.oem4f (.text:PWM_setDuty)
                  00007798    0000000a     driverlib.lib : uart.obj (.text:UARTCharGet)
                  000077a2    0000000a                   : uart.obj (.text:UARTCharPut)
                  000077ac    0000000a                   : uart.obj (.text:UARTIntDisable)
                  000077b6    0000000a                   : uart.obj (.text:UARTIntStatus)
                  000077c0    0000000a     empty_min_pem4f.oem4f (.text:xdc_runtime_IHeap_alloc)
                  000077ca    0000000a     empty_min_pem4f.oem4f (.text:xdc_runtime_IHeap_free)
                  000077d4    00000008     EK_TM4C1294XL.obj (.text:EK_TM4C1294XL_initGPIO)
                  000077dc    00000008     drivers_tivaware.aem4f : PWMTimerTiva.oem4f (.text:PWMTimerTiva_init)
                  000077e4    00000008     driverlib.lib : uart.obj (.text:UARTIntEnable)
                  000077ec    00000008                   : uart.obj (.text:UARTRxErrorGet)
                  000077f4    00000008     drivers_tivaware.aem4f : UARTTiva.oem4f (.text:readSemCallback)
                  000077fc    00000008     sysbios.aem4f : BIOS.obj (.text:ti_sysbios_family_arm_lm4_Timer_masterDisable__I)
                  00007804    00000004     --HOLE-- [fill = 0]
                  00007808    00000008                   : BIOS.obj (.text:ti_sysbios_family_arm_m3_Hwi_doSwiRestore__I)
                  00007810    00000008                   : BIOS.obj (.text:ti_sysbios_family_arm_m3_Hwi_startup__E)
                  00007818    00000008     drivers_tivaware.aem4f : UARTTiva.oem4f (.text:writeSemCallback)
                  00007820    00000006     driverlib.lib : gpio.obj (.text:GPIOPinRead)
                  00007826    00000006                   : gpio.obj (.text:GPIOPinWrite)
                  0000782c    00000006     drivers_tivaware.aem4f : PWMTimerTiva.oem4f (.text:PWMTimerTiva_getPeriodMicroSecs)
                  00007832    00000006     driverlib.lib : uart.obj (.text:UARTFIFOLevelSet)
                  00007838    00000006                   : uart.obj (.text:UARTRxErrorClear)
                  0000783e    00000002     --HOLE-- [fill = 0]
                  00007840    00000006     sysbios.aem4f : BIOS.obj (.text:ti_sysbios_family_arm_m3_Hwi_doTaskRestore__I)
                  00007846    00000002     --HOLE-- [fill = 0]
                  00007848    00000006                   : BIOS.obj (.text:ti_sysbios_family_arm_m3_Hwi_restoreFxn__E)
                  0000784e    00000002     --HOLE-- [fill = 0]
                  00007850    00000006                   : BIOS.obj (.text:ti_sysbios_gates_GateHwi_leave__E)
                  00007856    00000002     --HOLE-- [fill = 0]
                  00007858    00000006                   : BIOS.obj (.text:ti_sysbios_heaps_HeapMem_isBlocking__E)
                  0000785e    00000002     --HOLE-- [fill = 0]
                  00007860    00000006                   : BIOS.obj (.text:ti_sysbios_knl_Clock_stop__E)
                  00007866    00000002     --HOLE-- [fill = 0]
                  00007868    00000006                   : BIOS.obj (.text:ti_sysbios_knl_Queue_Instance_init__E)
                  0000786e    00000002     --HOLE-- [fill = 0]
                  00007870    00000006                   : BIOS.obj (.text:ti_sysbios_knl_Swi_startup__E)
                  00007876    00000006     ti.targets.arm.rtsarm.aem4f : System.oem4f (.text:xdc_runtime_System_Module_startup__E)
                  0000787c    00000004     --HOLE-- [fill = 0]
                  00007880    00000004     sysbios.aem4f : BIOS.obj (.text:ti_sysbios_gates_GateHwi_query__E)
                  00007884    00000004     --HOLE-- [fill = 0]
                  00007888    00000004                   : BIOS.obj (.text:ti_sysbios_gates_GateMutex_query__E)
                  0000788c    00000004     --HOLE-- [fill = 0]
                  00007890    00000004                   : BIOS.obj (.text:ti_sysbios_knl_Task_startup__E)
                  00007894    00000004     --HOLE-- [fill = 0]
                  00007898    00000002                   : BIOS.obj (.text:ti_sysbios_gates_GateHwi_Instance_init__E)
                  0000789a    00000006     --HOLE-- [fill = 0]
                  000078a0    00000002                   : BIOS.obj (.text:ti_sysbios_knl_Clock_logTick__E)

.const     0    000078a4    000025e0     
                  000078a4    000018d9     empty_min_pem4f.oem4f (.const:xdc_runtime_Text_charTab__A)
                  0000917d    00000001     empty_min_pem4f.oem4f (.const:xdc_runtime_Error_policy__C)
                  0000917e    00000002     empty_min_pem4f.oem4f (.const:ti_catalog_arm_cortexm4_tiva_ce_Boot_Module__id__C)
                  00009180    000001b0     driverlib.lib : sysctl.obj (.const:g_pppui32XTALtoVCO)
                  00009330    00000120     Boot.aem4f : Boot_sysctl.oem4f (.const:g_pppui32XTALtoVCO)
                  00009450    000000c4     empty_min_pem4f.oem4f (.const:xdc_runtime_Text_nodeTab__A)
                  00009514    00000090     driverlib.lib : gpio.obj (.const:g_pui32GPIOBaseAddrs)
                  000095a4    0000006c     Boot.aem4f : Boot_sysctl.oem4f (.const:g_pui32Xtals)
                  00009610    0000006c     driverlib.lib : sysctl.obj (.const:g_pui32Xtals)
                  0000967c    00000060     MotorLib.lib : motorlib.obj (.const:PWM_config)
                  000096dc    00000054     drivers_tivaware.aem4f : GPIOTiva.oem4f (.const:.string)
                  00009730    00000054     MotorLib.lib : motorlib.obj (.const:motorLibPWMTivaHWAttrs)
                  00009784    0000004c     drivers_tivaware.aem4f : UARTTiva.oem4f (.const)
                  000097d0    00000048     empty_min_pem4f.oem4f (.const:.string)
                  00009818    00000048     drivers_tivaware.aem4f : GPIOTiva.oem4f (.const:gpioBaseAddresses)
                  00009860    0000003c     empty_min_pem4f.oem4f (.const:ti_sysbios_knl_Task_Object__PARAMS__C)
                  0000989c    00000034     empty_min_pem4f.oem4f (.const:ti_sysbios_knl_Mailbox_Object__PARAMS__C)
                  000098d0    00000030     Boot.aem4f : Boot_sysctl.oem4f (.const:g_sXTALtoMEMTIM)
                  00009900    00000030     driverlib.lib : sysctl.obj (.const:g_sXTALtoMEMTIM)
                  00009930    00000030     empty_min_pem4f.oem4f (.const:ti_sysbios_family_arm_m3_Hwi_Object__PARAMS__C)
                  00009960    00000028     drivers_tivaware.aem4f : UARTTiva.oem4f (.const:UARTTiva_fxnTable)
                  00009988    00000028     empty_min_pem4f.oem4f (.const:ti_sysbios_heaps_HeapMem_Module__FXNS__C)
                  000099b0    00000024     empty_min_pem4f.oem4f (.const:ti_sysbios_gates_GateHwi_Module__FXNS__C)
                  000099d4    00000024     empty_min_pem4f.oem4f (.const:ti_sysbios_gates_GateMutex_Module__FXNS__C)
                  000099f8    00000024     empty_min_pem4f.oem4f (.const:ti_sysbios_heaps_HeapMem_Object__PARAMS__C)
                  00009a1c    00000024     empty_min_pem4f.oem4f (.const:ti_sysbios_knl_Clock_Object__PARAMS__C)
                  00009a40    00000024     empty_min_pem4f.oem4f (.const:ti_sysbios_knl_Semaphore_Object__PARAMS__C)
                  00009a64    00000024     empty_min_pem4f.oem4f (.const:xdc_runtime_Startup_sfxnTab__A)
                  00009a88    00000020     drivers_tivaware.aem4f : PWMTimerTiva.oem4f (.const)
                  00009aa8    00000020                            : PWMTiva.oem4f (.const)
                  00009ac8    00000020     empty_min_pem4f.oem4f (.const:ti_sysbios_family_arm_m3_Hwi_Object__DESC__C)
                  00009ae8    00000020     empty_min_pem4f.oem4f (.const:ti_sysbios_gates_GateHwi_Object__DESC__C)
                  00009b08    00000020     empty_min_pem4f.oem4f (.const:ti_sysbios_gates_GateMutex_Object__DESC__C)
                  00009b28    00000020     empty_min_pem4f.oem4f (.const:ti_sysbios_heaps_HeapMem_Object__DESC__C)
                  00009b48    00000020     empty_min_pem4f.oem4f (.const:ti_sysbios_knl_Clock_Object__DESC__C)
                  00009b68    00000020     empty_min_pem4f.oem4f (.const:ti_sysbios_knl_Mailbox_Object__DESC__C)
                  00009b88    00000020     empty_min_pem4f.oem4f (.const:ti_sysbios_knl_Queue_Object__DESC__C)
                  00009ba8    00000020     empty_min_pem4f.oem4f (.const:ti_sysbios_knl_Semaphore_Object__DESC__C)
                  00009bc8    00000020     empty_min_pem4f.oem4f (.const:ti_sysbios_knl_Task_Object__DESC__C)
                  00009be8    00000018     EK_TM4C1294XL.obj (.const:UART_config)
                  00009c00    00000018     empty_min_pem4f.oem4f (.const:ti_sysbios_gates_GateHwi_Object__PARAMS__C)
                  00009c18    00000018     empty_min_pem4f.oem4f (.const:ti_sysbios_gates_GateMutex_Object__PARAMS__C)
                  00009c30    00000018     empty_min_pem4f.oem4f (.const:ti_sysbios_knl_Queue_Object__PARAMS__C)
                  00009c48    00000018     EK_TM4C1294XL.obj (.const:uartTivaHWAttrs)
                  00009c60    00000014     EK_TM4C1294XL.obj (.const:GPIOTiva_config)
                  00009c74    00000014     empty_min_pem4f.oem4f (.const:xdc_runtime_Startup_firstFxns__A)
                  00009c88    00000012     uartstdio.obj (.const:.string)
                  00009c9a    00000012     empty_min_pem4f.oem4f (.const:xdc_runtime_Startup_sfxnRts__A)
                  00009cac    00000010     MotorLib.lib : motorlib.obj (.const:motorLibPWMTimerTivaHWAttrs)
                  00009cbc    0000000c     drivers_tivaware.aem4f : PWM.oem4f (.const)
                  00009cc8    0000000c     uartstdio.obj (.const:g_ui32UARTBase)
                  00009cd4    0000000c     uartstdio.obj (.const:g_ui32UARTPeriph)
                  00009ce0    00000008     Boot.aem4f : Boot_sysctl.oem4f (.const)
                  00009ce8    00000008     driverlib.lib : sysctl.obj (.const:g_pui32VCOFrequencies)
                  00009cf0    00000008     empty_min_pem4f.oem4f (.const:ti_sysbios_family_arm_m3_Hwi_excHookFuncs__A)
                  00009cf8    00000008     empty_min_pem4f.oem4f (.const:ti_sysbios_knl_Idle_funcList__C)
                  00009d00    00000008     empty_min_pem4f.oem4f (.const:xdc_runtime_Startup_firstFxns__C)
                  00009d08    00000008     empty_min_pem4f.oem4f (.const:xdc_runtime_Startup_lastFxns__C)
                  00009d10    00000004     empty_min_pem4f.oem4f (.const:ti_catalog_arm_cortexm4_tiva_ce_Boot_A_mustNotUseEnhancedClockMode__C)
                  00009d14    00000004     empty_min_pem4f.oem4f (.const:ti_catalog_arm_cortexm4_tiva_ce_Boot_Module__diagsEnabled__C)
                  00009d18    00000004     empty_min_pem4f.oem4f (.const:ti_catalog_arm_cortexm4_tiva_ce_Boot_Module__diagsIncluded__C)
                  00009d1c    00000004     empty_min_pem4f.oem4f (.const:ti_catalog_arm_cortexm4_tiva_ce_Boot_Module__diagsMask__C)
                  00009d20    00000004     empty_min_pem4f.oem4f (.const:ti_sysbios_family_arm_lm4_Timer_enableFunc__C)
                  00009d24    00000004     empty_min_pem4f.oem4f (.const:ti_sysbios_family_arm_lm4_Timer_numTimerDevices__C)
                  00009d28    00000004     empty_min_pem4f.oem4f (.const:ti_sysbios_family_arm_lm4_Timer_startupNeeded__C)
                  00009d2c    00000004     empty_min_pem4f.oem4f (.const:ti_sysbios_family_arm_m3_Hwi_E_NMI__C)
                  00009d30    00000004     empty_min_pem4f.oem4f (.const:ti_sysbios_family_arm_m3_Hwi_E_alreadyDefined__C)
                  00009d34    00000004     empty_min_pem4f.oem4f (.const:ti_sysbios_family_arm_m3_Hwi_E_busFault__C)
                  00009d38    00000004     empty_min_pem4f.oem4f (.const:ti_sysbios_family_arm_m3_Hwi_E_debugMon__C)
                  00009d3c    00000004     empty_min_pem4f.oem4f (.const:ti_sysbios_family_arm_m3_Hwi_E_hardFault__C)
                  00009d40    00000004     empty_min_pem4f.oem4f (.const:ti_sysbios_family_arm_m3_Hwi_E_memFault__C)
                  00009d44    00000004     empty_min_pem4f.oem4f (.const:ti_sysbios_family_arm_m3_Hwi_E_noIsr__C)
                  00009d48    00000004     empty_min_pem4f.oem4f (.const:ti_sysbios_family_arm_m3_Hwi_E_reserved__C)
                  00009d4c    00000004     empty_min_pem4f.oem4f (.const:ti_sysbios_family_arm_m3_Hwi_E_svCall__C)
                  00009d50    00000004     empty_min_pem4f.oem4f (.const:ti_sysbios_family_arm_m3_Hwi_E_usageFault__C)
                  00009d54    00000004     empty_min_pem4f.oem4f (.const:ti_sysbios_family_arm_m3_Hwi_NUM_INTERRUPTS__C)
                  00009d58    00000004     empty_min_pem4f.oem4f (.const:ti_sysbios_family_arm_m3_Hwi_Object__count__C)
                  00009d5c    00000004     empty_min_pem4f.oem4f (.const:ti_sysbios_family_arm_m3_Hwi_ccr__C)
                  00009d60    00000004     empty_min_pem4f.oem4f (.const:ti_sysbios_family_arm_m3_Hwi_excHandlerFunc__C)
                  00009d64    00000004     empty_min_pem4f.oem4f (.const:ti_sysbios_family_arm_m3_Hwi_excHookFuncs__C)
                  00009d68    00000004     empty_min_pem4f.oem4f (.const:ti_sysbios_family_arm_m3_Hwi_nullIsrFunc__C)
                  00009d6c    00000004     empty_min_pem4f.oem4f (.const:ti_sysbios_family_arm_m3_Hwi_priGroup__C)
                  00009d70    00000004     empty_min_pem4f.oem4f (.const:ti_sysbios_family_arm_m3_TaskSupport_stackAlignment__C)
                  00009d74    00000004     empty_min_pem4f.oem4f (.const:ti_sysbios_gates_GateMutex_Instance_State_sem__O)
                  00009d78    00000004     empty_min_pem4f.oem4f (.const:ti_sysbios_hal_Hwi_E_stackOverflow__C)
                  00009d7c    00000004     empty_min_pem4f.oem4f (.const:ti_sysbios_heaps_HeapMem_E_memory__C)
                  00009d80    00000004     empty_min_pem4f.oem4f (.const:ti_sysbios_heaps_HeapMem_Module__gateObj__C)
                  00009d84    00000004     empty_min_pem4f.oem4f (.const:ti_sysbios_heaps_HeapMem_Object__count__C)
                  00009d88    00000004     empty_min_pem4f.oem4f (.const:ti_sysbios_heaps_HeapMem_reqAlign__C)
                  00009d8c    00000004     empty_min_pem4f.oem4f (.const:ti_sysbios_knl_Clock_Module_State_clockQ__O)
                  00009d90    00000004     empty_min_pem4f.oem4f (.const:ti_sysbios_knl_Idle_funcList__A)
                  00009d94    00000004     empty_min_pem4f.oem4f (.const:ti_sysbios_knl_Mailbox_Instance_State_dataQue__O)
                  00009d98    00000004     empty_min_pem4f.oem4f (.const:ti_sysbios_knl_Mailbox_Instance_State_dataSem__O)
                  00009d9c    00000004     empty_min_pem4f.oem4f (.const:ti_sysbios_knl_Mailbox_Instance_State_freeQue__O)
                  00009da0    00000004     empty_min_pem4f.oem4f (.const:ti_sysbios_knl_Mailbox_Instance_State_freeSem__O)
                  00009da4    00000004     empty_min_pem4f.oem4f (.const:ti_sysbios_knl_Mailbox_Object__count__C)
                  00009da8    00000004     empty_min_pem4f.oem4f (.const:ti_sysbios_knl_Mailbox_maxTypeAlign__C)
                  00009dac    00000004     empty_min_pem4f.oem4f (.const:ti_sysbios_knl_Semaphore_Instance_State_pendQ__O)
                  00009db0    00000004     empty_min_pem4f.oem4f (.const:ti_sysbios_knl_Swi_Object__count__C)
                  00009db4    00000004     empty_min_pem4f.oem4f (.const:ti_sysbios_knl_Task_E_spOutOfBounds__C)
                  00009db8    00000004     empty_min_pem4f.oem4f (.const:ti_sysbios_knl_Task_E_stackOverflow__C)
                  00009dbc    00000004     empty_min_pem4f.oem4f (.const:ti_sysbios_knl_Task_Module_State_inactiveQ__O)
                  00009dc0    00000004     empty_min_pem4f.oem4f (.const:ti_sysbios_knl_Task_Object__count__C)
                  00009dc4    00000004     empty_min_pem4f.oem4f (.const:ti_sysbios_knl_Task_allBlockedFunc__C)
                  00009dc8    00000004     empty_min_pem4f.oem4f (.const:ti_sysbios_knl_Task_defaultStackHeap__C)
                  00009dcc    00000004     empty_min_pem4f.oem4f (.const:ti_sysbios_knl_Task_defaultStackSize__C)
                  00009dd0    00000004     empty_min_pem4f.oem4f (.const:ti_sysbios_knl_Task_numConstructedTasks__C)
                  00009dd4    00000004     uartstdio.obj (.const)
                  00009dd8    00000004     empty_min_pem4f.oem4f (.const:xdc_runtime_Assert_E_assertFailed__C)
                  00009ddc    00000004     empty_min_pem4f.oem4f (.const:xdc_runtime_Core_A_initializedParams__C)
                  00009de0    00000004     empty_min_pem4f.oem4f (.const:xdc_runtime_Core_Module__diagsEnabled__C)
                  00009de4    00000004     empty_min_pem4f.oem4f (.const:xdc_runtime_Core_Module__diagsIncluded__C)
                  00009de8    00000004     empty_min_pem4f.oem4f (.const:xdc_runtime_Core_Module__diagsMask__C)
                  00009dec    00000004     empty_min_pem4f.oem4f (.const:xdc_runtime_Error_E_generic__C)
                  00009df0    00000004     empty_min_pem4f.oem4f (.const:xdc_runtime_Error_E_memory__C)
                  00009df4    00000004     empty_min_pem4f.oem4f (.const:xdc_runtime_Error_Module__diagsEnabled__C)
                  00009df8    00000004     empty_min_pem4f.oem4f (.const:xdc_runtime_Error_Module__diagsIncluded__C)
                  00009dfc    00000004     empty_min_pem4f.oem4f (.const:xdc_runtime_Error_Module__diagsMask__C)
                  00009e00    00000004     empty_min_pem4f.oem4f (.const:xdc_runtime_Error_Module__loggerFxn8__C)
                  00009e04    00000004     empty_min_pem4f.oem4f (.const:xdc_runtime_Error_Module__loggerObj__C)
                  00009e08    00000004     empty_min_pem4f.oem4f (.const:xdc_runtime_Error_policyFxn__C)
                  00009e0c    00000004     empty_min_pem4f.oem4f (.const:xdc_runtime_Error_raiseHook__C)
                  00009e10    00000004     empty_min_pem4f.oem4f (.const:xdc_runtime_IGateProvider_Interface__BASE__C)
                  00009e14    00000004     empty_min_pem4f.oem4f (.const:xdc_runtime_IHeap_Interface__BASE__C)
                  00009e18    00000004     empty_min_pem4f.oem4f (.const:xdc_runtime_IModule_Interface__BASE__C)
                  00009e1c    00000004     empty_min_pem4f.oem4f (.const:xdc_runtime_Log_L_error__C)
                  00009e20    00000004     empty_min_pem4f.oem4f (.const:xdc_runtime_Memory_defaultHeapInstance__C)
                  00009e24    00000004     empty_min_pem4f.oem4f (.const:xdc_runtime_Startup_execImpl__C)
                  00009e28    00000004     empty_min_pem4f.oem4f (.const:xdc_runtime_Startup_maxPasses__C)
                  00009e2c    00000004     empty_min_pem4f.oem4f (.const:xdc_runtime_Startup_sfxnRts__C)
                  00009e30    00000004     empty_min_pem4f.oem4f (.const:xdc_runtime_Startup_sfxnTab__C)
                  00009e34    00000004     empty_min_pem4f.oem4f (.const:xdc_runtime_SysMin_bufSize__C)
                  00009e38    00000004     empty_min_pem4f.oem4f (.const:xdc_runtime_SysMin_outputFunc__C)
                  00009e3c    00000004     empty_min_pem4f.oem4f (.const:xdc_runtime_System_Module__gateObj__C)
                  00009e40    00000004     empty_min_pem4f.oem4f (.const:xdc_runtime_System_abortFxn__C)
                  00009e44    00000004     empty_min_pem4f.oem4f (.const:xdc_runtime_System_exitFxn__C)
                  00009e48    00000004     empty_min_pem4f.oem4f (.const:xdc_runtime_System_extendFxn__C)
                  00009e4c    00000004     empty_min_pem4f.oem4f (.const:xdc_runtime_System_maxAtexitHandlers__C)
                  00009e50    00000004     empty_min_pem4f.oem4f (.const:xdc_runtime_Text_charTab__C)
                  00009e54    00000004     empty_min_pem4f.oem4f (.const:xdc_runtime_Text_nameEmpty__C)
                  00009e58    00000004     empty_min_pem4f.oem4f (.const:xdc_runtime_Text_nameStatic__C)
                  00009e5c    00000004     empty_min_pem4f.oem4f (.const:xdc_runtime_Text_nameUnknown__C)
                  00009e60    00000004     empty_min_pem4f.oem4f (.const:xdc_runtime_Text_nodeTab__C)
                  00009e64    00000004     empty_min_pem4f.oem4f (.const:xdc_runtime_Text_visitRopeFxn__C)
                  00009e68    00000002     empty_min_pem4f.oem4f (.const:ti_sysbios_family_arm_m3_Hwi_Module__id__C)
                  00009e6a    00000002     empty_min_pem4f.oem4f (.const:ti_sysbios_hal_Hwi_Module__id__C)
                  00009e6c    00000002     empty_min_pem4f.oem4f (.const:ti_sysbios_heaps_HeapMem_Module__id__C)
                  00009e6e    00000002     empty_min_pem4f.oem4f (.const:ti_sysbios_knl_Task_Module__id__C)
                  00009e70    00000002     empty_min_pem4f.oem4f (.const:xdc_runtime_Core_Module__id__C)
                  00009e72    00000002     empty_min_pem4f.oem4f (.const:xdc_runtime_Error_Module__loggerDefined__C)
                  00009e74    00000002     empty_min_pem4f.oem4f (.const:xdc_runtime_Error_maxDepth__C)
                  00009e76    00000002     empty_min_pem4f.oem4f (.const:xdc_runtime_Main_Module__id__C)
                  00009e78    00000002     empty_min_pem4f.oem4f (.const:xdc_runtime_Memory_Module__id__C)
                  00009e7a    00000002     empty_min_pem4f.oem4f (.const:xdc_runtime_SysMin_flushAtExit__C)
                  00009e7c    00000002     empty_min_pem4f.oem4f (.const:xdc_runtime_Text_charCnt__C)
                  00009e7e    00000002     empty_min_pem4f.oem4f (.const:xdc_runtime_Text_isLoaded__C)
                  00009e80    00000002     empty_min_pem4f.oem4f (.const:xdc_runtime_Text_registryModsLastId__C)
                  00009e82    00000002     empty_min_pem4f.oem4f (.const:xdc_runtime_Text_unnamedModsLastId__C)

.cinit     0    00009e88    000001f8     
                  00009e88    000001c3     (.cinit..data.load) [load image, compression = lzss]
                  0000a04b    00000001     --HOLE-- [fill = 0]
                  0000a04c    0000000c     (__TI_handler_table)
                  0000a058    00000008     (.cinit..bss.load) [load image, compression = zero_init]
                  0000a060    00000008     (.cinit..vecs.load) [load image, compression = zero_init]
                  0000a068    00000018     (__TI_cinit_table)

.init_array 
*          0    00000000    00000000     UNINITIALIZED

.resetVecs 
*          0    00000000    0000003c     
                  00000000    0000003c     empty_min_pem4f.oem4f (.resetVecs)

.bss       0    20000360    00001be4     UNINITIALIZED
                  20000360    00000800     (.common:ti_sysbios_heaps_HeapMem_Instance_State_0_buf__A)
                  20000b60    00000400     (.common:task0Stack)
                  20000f60    00000400     (.common:task1Stack)
                  20001360    00000400     (.common:xdc_runtime_SysMin_Module_State_0_outbuf__A)
                  20001760    00000360     (.common:ti_sysbios_family_arm_m3_Hwi_dispatchTable)
                  20001ac0    00000120     rtsv7M4_T_le_v4SPD16_eabi.lib : trgmsg.c.obj (.bss:_CIOBUF_)
                  20001be0    000000cc     (.common:uartTivaObjects)
                  20001cac    00000090     drivers_tivaware.aem4f : GPIOTiva.oem4f (.bss:gpioCallbackInfo)
                  20001d3c    0000006c     (.common:rpm_mbxStruct)
                  20001da8    00000050     (.common:task0Struct)
                  20001df8    00000050     (.common:task1Struct)
                  20001e48    00000038     (.common:motorLibPWMObjects)
                  20001e80    00000034     (.common:rpm_mbxParams)
                  20001eb4    00000020     MotorLib.lib : motorlib.obj (.bss:PWMStruct)
                  20001ed4    00000020     (.common:uartTivaRingBuffer)
                  20001ef4    0000001c     (.common:rpmSemStruct)
                  20001f10    00000018     (.common:motorLibPWMTimerObjects)
                  20001f28    00000008     (.common:parmbuf)
                  20001f30    00000004     (.common:g_ui32SysClock)
                  20001f34    00000004     (.common:gpioInterruptVectors)
                  20001f38    00000004     (.common:motor_rpm_freq)
                  20001f3c    00000004     (.common:rpmSemHandle)
                  20001f40    00000004     (.common:rpm_mbxHandle)

.data      0    20002748    0000040c     UNINITIALIZED
                  20002748    00000080     empty_min_pem4f.oem4f (.data:ti_sysbios_knl_Swi_Module_State_0_readyQ__A)
                  200027c8    00000080     empty_min_pem4f.oem4f (.data:ti_sysbios_knl_Task_Module_State_0_readyQ__A)
                  20002848    00000044     empty_min_pem4f.oem4f (.data:ti_sysbios_knl_Task_Module__state__V)
                  2000288c    00000040     empty_min_pem4f.oem4f (.data:ti_sysbios_family_arm_lm4_Timer_Module_State_0_device__A)
                  200028cc    00000040     empty_min_pem4f.oem4f (.data:ti_sysbios_family_arm_lm4_Timer_Object__table__V)
                  2000290c    00000038     empty_min_pem4f.oem4f (.data:ti_sysbios_gates_GateMutex_Object__table__V)
                  20002944    00000034     empty_min_pem4f.oem4f (.data:ti_sysbios_family_arm_m3_Hwi_Module__state__V)
                  20002978    00000030     empty_min_pem4f.oem4f (.data:ti_sysbios_knl_Swi_Object__table__V)
                  200029a8    0000002c     empty_min_pem4f.oem4f (.data:ti_sysbios_knl_Clock_Module__state__V)
                  200029d4    00000024     empty_min_pem4f.oem4f (.data:ti_sysbios_BIOS_Module__state__V)
                  200029f8    00000020     empty_min_pem4f.oem4f (.data:ti_sysbios_family_arm_lm4_Timer_Module_State_0_handles__A)
                  20002a18    0000001c     empty_min_pem4f.oem4f (.data:ti_sysbios_knl_Swi_Module__state__V)
                  20002a34    00000018     drivers_tivaware.aem4f : PWMTiva.oem4f (.data)
                  20002a4c    00000018     empty_min_pem4f.oem4f (.data:ti_sysbios_family_arm_m3_Hwi_Object__table__V)
                  20002a64    00000018     empty_min_pem4f.oem4f (.data:ti_sysbios_heaps_HeapMem_Object__table__V)
                  20002a7c    00000010     EK_TM4C1294XL.obj (.data:gpioPinConfigs)
                  20002a8c    0000000c     empty_min_pem4f.oem4f (.data:ti_sysbios_family_arm_lm4_Timer_Module__state__V)
                  20002a98    0000000c     empty_min_pem4f.oem4f (.data:xdc_runtime_SysMin_Module__state__V)
                  20002aa4    00000008     rtsv7M4_T_le_v4SPD16_eabi.lib : _lock.c.obj (.data:$O1$$)
                  20002aac    00000004     drivers_tivaware.aem4f : PWM.oem4f (.data)
                  20002ab0    00000008     empty_min.obj (.data)
                  20002ab8    00000008     EK_TM4C1294XL.obj (.data:gpioCallbackFunctions)
                  20002ac0    00000008     empty_min_pem4f.oem4f (.data:ti_sysbios_family_arm_m3_Hwi_Module__root__V)
                  20002ac8    00000008     empty_min_pem4f.oem4f (.data:ti_sysbios_gates_GateHwi_Module__root__V)
                  20002ad0    00000008     empty_min_pem4f.oem4f (.data:ti_sysbios_gates_GateMutex_Module__root__V)
                  20002ad8    00000008     empty_min_pem4f.oem4f (.data:ti_sysbios_heaps_HeapMem_Module__root__V)
                  20002ae0    00000008     empty_min_pem4f.oem4f (.data:ti_sysbios_knl_Clock_Module__root__V)
                  20002ae8    00000008     empty_min_pem4f.oem4f (.data:ti_sysbios_knl_Mailbox_Module__root__V)
                  20002af0    00000008     empty_min_pem4f.oem4f (.data:ti_sysbios_knl_Queue_Module__root__V)
                  20002af8    00000008     empty_min_pem4f.oem4f (.data:ti_sysbios_knl_Semaphore_Module__root__V)
                  20002b00    00000008     empty_min_pem4f.oem4f (.data:ti_sysbios_knl_Task_Module__root__V)
                  20002b08    00000008     empty_min_pem4f.oem4f (.data:xdc_runtime_Registry_Module__state__V)
                  20002b10    00000008     empty_min_pem4f.oem4f (.data:xdc_runtime_Startup_Module__state__V)
                  20002b18    00000008     empty_min_pem4f.oem4f (.data:xdc_runtime_System_Module_State_0_atexitHandlers__A)
                  20002b20    00000008     empty_min_pem4f.oem4f (.data:xdc_runtime_System_Module__state__V)
                  20002b28    00000005     drivers_tivaware.aem4f : GPIOTiva.oem4f (.data)
                  20002b2d    00000001     --HOLE--
                  20002b2e    00000002     empty_min_pem4f.oem4f (.data:ti_sysbios_family_arm_m3_Hwi_Module_State_0_excActive__A)
                  20002b30    00000005     uartstdio.obj (.data)
                  20002b35    00000001     --HOLE--
                  20002b36    00000002     empty_min_pem4f.oem4f (.data:xdc_runtime_Error_Module__state__V)
                  20002b38    00000004     drivers_tivaware.aem4f : UART.oem4f (.data)
                  20002b3c    00000004     rtsv7M4_T_le_v4SPD16_eabi.lib : stkdepth_vars.c.obj (.data)
                  20002b40    00000004     empty_min_pem4f.oem4f (.data:ti_sysbios_family_arm_m3_Hwi_Module_State_0_excContext__A)
                  20002b44    00000004     empty_min_pem4f.oem4f (.data:ti_sysbios_family_arm_m3_Hwi_Module_State_0_excStack__A)
                  20002b48    00000004     empty_min_pem4f.oem4f (.data:ti_sysbios_gates_GateHwi_Object__table__V)
                  20002b4c    00000004     empty_min_pem4f.oem4f (.data:ti_sysbios_knl_Task_Module_State_0_idleTask__A)
                  20002b50    00000004     empty_min_pem4f.oem4f (.data:xdc_runtime_Memory_Module__state__V)

.stack     0    20001f48    00000800     UNINITIALIZED
                  20001f48    00000800     --HOLE--

.bootVecs 
*          0    00000000    00000008     DSECT
                  00000000    00000008     boot.aem4f : boot.oem4f (.bootVecs)

.vecs      0    20000000    00000360     UNINITIALIZED
                  20000000    00000360     empty_min_pem4f.oem4f (.vecs)

xdc.meta   0    00000000    00000102     COPY SECTION
                  00000000    00000102     empty_min_pem4f.oem4f (xdc.meta)

__llvm_prf_cnts 
*          0    20000000    00000000     UNINITIALIZED

MODULE SUMMARY

       Module                       code    ro data   rw data
       ------                       ----    -------   -------
    .\
       empty_min.obj                1478    0         2420   
       EK_TM4C1294XL.obj            236     68        260    
    +--+----------------------------+-------+---------+---------+
       Total:                       1714    68        2680   
                                                             
    .\utils\
       uartstdio.obj                984     46        5      
    +--+----------------------------+-------+---------+---------+
       Total:                       984     46        5      
                                                             
    C:\Users\matti\workspace_v12\Assign2-Grp14\empty_min_EK_TM4C1294XL_TI\Debug\configPkg\package\cfg\
       empty_min_pem4f.oem4f        2004    7906      5748   
    +--+----------------------------+-------+---------+---------+
       Total:                       2004    7906      5748   
                                                             
    ../drivers/MotorLib.lib
       motorlib.obj                 1708    196       112    
    +--+----------------------------+-------+---------+---------+
       Total:                       1708    196       112    
                                                             
    C:/ti/TivaWare_C_Series-2.2.0.295/driverlib/ccs/Debug/driverlib.lib
       sysctl.obj                   800     596       0      
       gpio.obj                     718     144       0      
       uart.obj                     234     0         0      
       timer.obj                    230     0         0      
       pwm.obj                      178     0         0      
    +--+----------------------------+-------+---------+---------+
       Total:                       2160    740       0      
                                                             
    C:/ti/tirtos_tivac_2_16_01_14/products/tidrivers_tivac_2_16_01_13/packages/ti/drivers/lib/drivers_tivaware.aem4f
       UARTTiva.oem4f               2262    116       0      
       PWMTiva.oem4f                962     32        24     
       GPIOTiva.oem4f               684     156       153    
       PWMTimerTiva.oem4f           666     32        0      
       RingBuf.oem4f                164     0         0      
       PWM.oem4f                    130     12        4      
       UART.oem4f                   56      0         4      
    +--+----------------------------+-------+---------+---------+
       Total:                       4924    348       185    
                                                             
    C:\Users\matti\workspace_v12\Assign2-Grp14\empty_min_EK_TM4C1294XL_TI\src\sysbios\sysbios.aem4f
       BIOS.obj                     9936    0         0      
       m3_Hwi_asm.obj               314     0         0      
       m3_TaskSupport_asm.obj       180     0         0      
       m3_Hwi_asm_switch.obj        118     0         0      
    +--+----------------------------+-------+---------+---------+
       Total:                       10548   0         0      
                                                             
    C:\ti\ccs1230\ccs\tools\compiler\ti-cgt-arm_20.2.7.LTS\lib\rtsv7M4_T_le_v4SPD16_eabi.lib
       trgmsg.c.obj                 108     0         288    
       fd_div_t2.asm.obj            310     0         0      
       fd_cmp_t2.asm.obj            268     0         0      
       memcpy_t2.asm.obj            156     0         0      
       memset_t2.asm.obj            122     0         0      
       copy_decompress_lzss.c.obj   104     0         0      
       hostwrite.c.obj              88      0         0      
       cpy_tbl.c.obj                76      0         0      
       fd_toi_t2.asm.obj            72      0         0      
       u_divt2.asm.obj              64      0         0      
       i_tofd_t2.asm.obj            46      0         0      
       _lock.c.obj                  26      0         8      
       args_main.c.obj              24      0         0      
       strlen.c.obj                 20      0         0      
       copy_decompress_none.c.obj   14      0         0      
       copy_zero_init.c.obj         12      0         0      
       hostopen.c.obj               0       0         8      
       exit.c.obj                   4       0         0      
       stkdepth_vars.c.obj          0       0         4      
       div0.asm.obj                 2       0         0      
    +--+----------------------------+-------+---------+---------+
[...]
00007833  UARTFIFOLevelSet                                                     
00007839  UARTRxErrorClear                                                     
00007841  ti_sysbios_family_arm_m3_Hwi_doTaskRestore__I                        
00007849  ti_sysbios_family_arm_m3_Hwi_restoreFxn__E                           
00007849  ti_sysbios_hal_Hwi_HwiProxy_restore__E                               
00007851  ti_sysbios_gates_GateHwi_leave__E                                    
00007859  ti_sysbios_heaps_HeapMem_isBlocking__E                               
00007861  ti_sysbios_knl_Clock_stop__E                                         
00007869  ti_sysbios_knl_Queue_Instance_init__E                                
00007871  ti_sysbios_knl_Swi_startup__E                                        
00007877  xdc_runtime_System_Module_startup__E                                 
00007881  ti_sysbios_gates_GateHwi_query__E                                    
00007881  xdc_runtime_Main_Module_GateProxy_query__E                           
00007881  xdc_runtime_System_Module_GateProxy_query__E                         
00007889  ti_sysbios_BIOS_RtsGateProxy_query__E                                
00007889  ti_sysbios_gates_GateMutex_query__E                                  
00007889  ti_sysbios_heaps_HeapMem_Module_GateProxy_query__E                   
00007891  ti_sysbios_knl_Task_startup__E                                       
00007899  ti_sysbios_gates_GateHwi_Instance_init__E                            
000078a1  ti_sysbios_knl_Clock_logTick__E                                      
000078a4  xdc_runtime_Text_charTab__A                                          
0000917d  xdc_runtime_Error_policy__C                                          
0000917e  ti_catalog_arm_cortexm4_tiva_ce_Boot_Module__id__C                   
00009450  xdc_runtime_Text_nodeTab__A                                          
0000967c  PWM_config                                                           
00009730  motorLibPWMTivaHWAttrs                                               
00009860  ti_sysbios_knl_Task_Object__PARAMS__C                                
0000989c  ti_sysbios_knl_Mailbox_Object__PARAMS__C                             
00009930  ti_sysbios_family_arm_m3_Hwi_Object__PARAMS__C                       
00009960  UARTTiva_fxnTable                                                    
00009988  ti_sysbios_heaps_HeapMem_Module__FXNS__C                             
000099b0  ti_sysbios_gates_GateHwi_Module__FXNS__C                             
000099d4  ti_sysbios_gates_GateMutex_Module__FXNS__C                           
000099f8  ti_sysbios_heaps_HeapMem_Object__PARAMS__C                           
00009a1c  ti_sysbios_knl_Clock_Object__PARAMS__C                               
00009a40  ti_sysbios_knl_Semaphore_Object__PARAMS__C                           
00009a64  xdc_runtime_Startup_sfxnTab__A                                       
00009a88  PWMTimerTiva_fxnTable                                                
00009aa4  PWMTimerTiva_MAX_PRESCALAR_VALUE                                     
00009aa6  PWMTimerTiva_MAX_MATCH_VALUE                                         
00009aa8  PWMTiva_fxnTable                                                     
00009ac4  PWMTiva_MAX_PRESCALAR                                                
00009ac6  PWMTiva_MAX_MATCH_VALUE                                              
00009ac8  ti_sysbios_family_arm_m3_Hwi_Object__DESC__C                         
00009ae8  ti_sysbios_gates_GateHwi_Object__DESC__C                             
00009b08  ti_sysbios_gates_GateMutex_Object__DESC__C                           
00009b28  ti_sysbios_heaps_HeapMem_Object__DESC__C                             
00009b48  ti_sysbios_knl_Clock_Object__DESC__C                                 
00009b68  ti_sysbios_knl_Mailbox_Object__DESC__C                               
00009b88  ti_sysbios_knl_Queue_Object__DESC__C                                 
00009ba8  ti_sysbios_knl_Semaphore_Object__DESC__C                             
00009bc8  ti_sysbios_knl_Task_Object__DESC__C                                  
00009be8  UART_config                                                          
00009c00  ti_sysbios_gates_GateHwi_Object__PARAMS__C                           
00009c18  ti_sysbios_gates_GateMutex_Object__PARAMS__C                         
00009c30  ti_sysbios_knl_Queue_Object__PARAMS__C                               
00009c48  uartTivaHWAttrs                                                      
00009c60  GPIOTiva_config                                                      
00009c74  xdc_runtime_Startup_firstFxns__A                                     
00009c9a  xdc_runtime_Startup_sfxnRts__A                                       
00009cac  motorLibPWMTimerTivaHWAttrs                                          
00009cbc  PWM_defaultParams                                                    
00009cf0  ti_sysbios_family_arm_m3_Hwi_excHookFuncs__A                         
00009cf8  ti_sysbios_knl_Idle_funcList__C                                      
00009d00  xdc_runtime_Startup_firstFxns__C                                     
00009d08  xdc_runtime_Startup_lastFxns__C                                      
00009d10  ti_catalog_arm_cortexm4_tiva_ce_Boot_A_mustNotUseEnhancedClockMode__C
00009d14  ti_catalog_arm_cortexm4_tiva_ce_Boot_Module__diagsEnabled__C         
00009d18  ti_catalog_arm_cortexm4_tiva_ce_Boot_Module__diagsIncluded__C        
00009d1c  ti_catalog_arm_cortexm4_tiva_ce_Boot_Module__diagsMask__C            
00009d20  ti_sysbios_family_arm_lm4_Timer_enableFunc__C                        
00009d24  ti_sysbios_family_arm_lm4_Timer_numTimerDevices__C                   
00009d28  ti_sysbios_family_arm_lm4_Timer_startupNeeded__C                     
00009d2c  ti_sysbios_family_arm_m3_Hwi_E_NMI__C                                
00009d30  ti_sysbios_family_arm_m3_Hwi_E_alreadyDefined__C                     
00009d34  ti_sysbios_family_arm_m3_Hwi_E_busFault__C                           
00009d38  ti_sysbios_family_arm_m3_Hwi_E_debugMon__C                           
00009d3c  ti_sysbios_family_arm_m3_Hwi_E_hardFault__C                          
00009d40  ti_sysbios_family_arm_m3_Hwi_E_memFault__C                           
00009d44  ti_sysbios_family_arm_m3_Hwi_E_noIsr__C                              
00009d48  ti_sysbios_family_arm_m3_Hwi_E_reserved__C                           
00009d4c  ti_sysbios_family_arm_m3_Hwi_E_svCall__C                             
00009d50  ti_sysbios_family_arm_m3_Hwi_E_usageFault__C                         
00009d54  ti_sysbios_family_arm_m3_Hwi_NUM_INTERRUPTS__C                       
00009d58  ti_sysbios_family_arm_m3_Hwi_Object__count__C                        
00009d5c  ti_sysbios_family_arm_m3_Hwi_ccr__C                                  
00009d60  ti_sysbios_family_arm_m3_Hwi_excHandlerFunc__C                       
00009d64  ti_sysbios_family_arm_m3_Hwi_excHookFuncs__C                         
00009d68  ti_sysbios_family_arm_m3_Hwi_nullIsrFunc__C                          
00009d6c  ti_sysbios_family_arm_m3_Hwi_priGroup__C                             
00009d70  ti_sysbios_family_arm_m3_TaskSupport_stackAlignment__C               
00009d74  ti_sysbios_gates_GateMutex_Instance_State_sem__O                     
00009d78  ti_sysbios_hal_Hwi_E_stackOverflow__C                                
00009d7c  ti_sysbios_heaps_HeapMem_E_memory__C                                 
00009d80  ti_sysbios_heaps_HeapMem_Module__gateObj__C                          
00009d84  ti_sysbios_heaps_HeapMem_Object__count__C                            
00009d88  ti_sysbios_heaps_HeapMem_reqAlign__C                                 
00009d8c  ti_sysbios_knl_Clock_Module_State_clockQ__O                          
00009d90  ti_sysbios_knl_Idle_funcList__A                                      
00009d94  ti_sysbios_knl_Mailbox_Instance_State_dataQue__O                     
00009d98  ti_sysbios_knl_Mailbox_Instance_State_dataSem__O                     
00009d9c  ti_sysbios_knl_Mailbox_Instance_State_freeQue__O                     
00009da0  ti_sysbios_knl_Mailbox_Instance_State_freeSem__O                     
00009da4  ti_sysbios_knl_Mailbox_Object__count__C                              
00009da8  ti_sysbios_knl_Mailbox_maxTypeAlign__C                               
00009dac  ti_sysbios_knl_Semaphore_Instance_State_pendQ__O                     
00009db0  ti_sysbios_knl_Swi_Object__count__C                                  
00009db4  ti_sysbios_knl_Task_E_spOutOfBounds__C                               
00009db8  ti_sysbios_knl_Task_E_stackOverflow__C                               
00009dbc  ti_sysbios_knl_Task_Module_State_inactiveQ__O                        
00009dc0  ti_sysbios_knl_Task_Object__count__C                                 
00009dc4  ti_sysbios_knl_Task_allBlockedFunc__C                                
00009dc8  ti_sysbios_knl_Task_defaultStackHeap__C                              
00009dcc  ti_sysbios_knl_Task_defaultStackSize__C                              
00009dd0  ti_sysbios_knl_Task_numConstructedTasks__C                           
00009dd8  xdc_runtime_Assert_E_assertFailed__C                                 
00009ddc  xdc_runtime_Core_A_initializedParams__C                              
00009de0  xdc_runtime_Core_Module__diagsEnabled__C                             
00009de4  xdc_runtime_Core_Module__diagsIncluded__C                            
00009de8  xdc_runtime_Core_Module__diagsMask__C                                
00009dec  xdc_runtime_Error_E_generic__C                                       
00009df0  xdc_runtime_Error_E_memory__C                                        
00009df4  xdc_runtime_Error_Module__diagsEnabled__C                            
00009df8  xdc_runtime_Error_Module__diagsIncluded__C                           
00009dfc  xdc_runtime_Error_Module__diagsMask__C                               
00009e00  xdc_runtime_Error_Module__loggerFxn8__C                              
00009e04  xdc_runtime_Error_Module__loggerObj__C                               
00009e08  xdc_runtime_Error_policyFxn__C                                       
00009e0c  xdc_runtime_Error_raiseHook__C                                       
00009e10  xdc_runtime_IGateProvider_Interface__BASE__C                         
00009e14  xdc_runtime_IHeap_Interface__BASE__C                                 
00009e18  xdc_runtime_IModule_Interface__BASE__C                               
00009e1c  xdc_runtime_Log_L_error__C                                           
00009e20  xdc_runtime_Memory_defaultHeapInstance__C                            
00009e24  xdc_runtime_Startup_execImpl__C                                      
00009e28  xdc_runtime_Startup_maxPasses__C                                     
00009e2c  xdc_runtime_Startup_sfxnRts__C                                       
00009e30  xdc_runtime_Startup_sfxnTab__C                                       
00009e34  xdc_runtime_SysMin_bufSize__C                                        
00009e38  xdc_runtime_SysMin_outputFunc__C                                     
00009e3c  xdc_runtime_System_Module__gateObj__C                                
00009e40  xdc_runtime_System_abortFxn__C                                       
00009e44  xdc_runtime_System_exitFxn__C                                        
00009e48  xdc_runtime_System_extendFxn__C                                      
00009e4c  xdc_runtime_System_maxAtexitHandlers__C                              
00009e50  xdc_runtime_Text_charTab__C                                          
00009e54  xdc_runtime_Text_nameEmpty__C                                        
00009e58  xdc_runtime_Text_nameStatic__C                                       
00009e5c  xdc_runtime_Text_nameUnknown__C                                      
00009e60  xdc_runtime_Text_nodeTab__C                                          
00009e64  xdc_runtime_Text_visitRopeFxn__C                                     
00009e68  ti_sysbios_family_arm_m3_Hwi_Module__id__C                           
00009e6a  ti_sysbios_hal_Hwi_Module__id__C                                     
00009e6c  ti_sysbios_heaps_HeapMem_Module__id__C                               
00009e6e  ti_sysbios_knl_Task_Module__id__C                                    
00009e70  xdc_runtime_Core_Module__id__C                                       
00009e72  xdc_runtime_Error_Module__loggerDefined__C                           
00009e74  xdc_runtime_Error_maxDepth__C                                        
00009e76  xdc_runtime_Main_Module__id__C                                       
00009e78  xdc_runtime_Memory_Module__id__C                                     
00009e7a  xdc_runtime_SysMin_flushAtExit__C                                    
00009e7c  xdc_runtime_Text_charCnt__C                                          
00009e7e  xdc_runtime_Text_isLoaded__C                                         
00009e80  xdc_runtime_Text_registryModsLastId__C                               
00009e82  xdc_runtime_Text_unnamedModsLastId__C                                
00009e88  __TI_static_base__                                                   
0000a04c  __TI_Handler_Table_Base                                              
0000a058  __TI_Handler_Table_Limit                                             
0000a068  __TI_CINIT_Base                                                      
0000a080  __TI_CINIT_Limit                                                     
20000000  __start___llvm_prf_cnts                                              
20000000  __stop___llvm_prf_cnts                                               
20000000  ti_sysbios_family_arm_m3_Hwi_ramVectors                              
20000360  ti_sysbios_heaps_HeapMem_Instance_State_0_buf__A                     
20000b60  task0Stack                                                           
20000f60  task1Stack                                                           
20001360  xdc_runtime_SysMin_Module_State_0_outbuf__A                          
20001760  ti_sysbios_family_arm_m3_Hwi_dispatchTable                           
20001ac0  __CIOBUF_                                                            
20001be0  uartTivaObjects                                                      
20001d3c  rpm_mbxStruct                                                        
20001da8  task0Struct                                                          
20001df8  task1Struct                                                          
20001e48  motorLibPWMObjects                                                   
20001e80  rpm_mbxParams                                                        
20001ed4  uartTivaRingBuffer                                                   
20001ef4  rpmSemStruct                                                         
20001f10  motorLibPWMTimerObjects                                              
20001f28  parmbuf                                                              
20001f30  g_ui32SysClock                                                       
20001f38  motor_rpm_freq                                                       
20001f3c  rpmSemHandle                                                         
20001f40  rpm_mbxHandle                                                        
20001f48  __stack                                                              
20002748  __STACK_END                                                          
20002748  ti_sysbios_knl_Swi_Module_State_0_readyQ__A                          
200027c8  ti_sysbios_knl_Task_Module_State_0_readyQ__A                         
20002848  ti_sysbios_knl_Task_Module__state__V                                 
2000288c  ti_sysbios_family_arm_lm4_Timer_Module_State_0_device__A             
200028cc  ti_sysbios_family_arm_lm4_Timer_Object__table__V                     
2000290c  ti_sysbios_gates_GateMutex_Object__table__V                          
20002944  ti_sysbios_family_arm_m3_Hwi_Module__state__V                        
20002978  ti_sysbios_knl_Swi_Object__table__V                                  
200029a8  ti_sysbios_knl_Clock_Module__state__V                                
200029d4  ti_sysbios_BIOS_Module__state__V                                     
200029f8  ti_sysbios_family_arm_lm4_Timer_Module_State_0_handles__A            
20002a18  ti_sysbios_knl_Swi_Module__state__V                                  
20002a4c  ti_sysbios_family_arm_m3_Hwi_Object__table__V                        
20002a64  ti_sysbios_heaps_HeapMem_Object__table__V                            
20002a7c  gpioPinConfigs                                                       
20002a8c  ti_sysbios_family_arm_lm4_Timer_Module__state__V                     
20002a98  xdc_runtime_SysMin_Module__state__V                                  
20002aa4  _lock                                                                
20002aa8  _unlock                                                              
20002ab0  motor_rpm                                                            
20002ab8  gpioCallbackFunctions                                                
20002ac0  ti_sysbios_family_arm_m3_Hwi_Module__root__V                         
20002ac8  ti_sysbios_gates_GateHwi_Module__root__V                             
20002ad0  ti_sysbios_gates_GateMutex_Module__root__V                           
20002ad8  ti_sysbios_heaps_HeapMem_Module__root__V                             
20002ae0  ti_sysbios_knl_Clock_Module__root__V                                 
20002ae8  ti_sysbios_knl_Mailbox_Module__root__V                               
20002af0  ti_sysbios_knl_Queue_Module__root__V                                 
20002af8  ti_sysbios_knl_Semaphore_Module__root__V                             
20002b00  ti_sysbios_knl_Task_Module__root__V                                  
20002b08  xdc_runtime_Registry_Module__state__V                                
20002b10  xdc_runtime_Startup_Module__state__V                                 
20002b18  xdc_runtime_System_Module_State_0_atexitHandlers__A                  
20002b20  xdc_runtime_System_Module__state__V                                  
20002b2e  ti_sysbios_family_arm_m3_Hwi_Module_State_0_excActive__A             
20002b36  xdc_runtime_Error_Module__state__V                                   
20002b3c  main_func_sp                                                         
20002b40  ti_sysbios_family_arm_m3_Hwi_Module_State_0_excContext__A            
20002b44  ti_sysbios_family_arm_m3_Hwi_Module_State_0_excStack__A              
20002b48  ti_sysbios_gates_GateHwi_Object__table__V                            
20002b4c  ti_sysbios_knl_Task_Module_State_0_idleTask__A                       
20002b50  xdc_runtime_Memory_Module__state__V                                  
e000e000  ti_sysbios_family_arm_m3_Hwi_nvic                                    
ffffffff  __TI_pprof_out_hndl                                                  
ffffffff  __TI_prof_data_size                                                  
ffffffff  __TI_prof_data_start                                                 
ffffffff  __binit__                                                            
ffffffff  __c_args__                                                           
ffffffff  binit                                                                
UNDEFED   SHT$$INIT_ARRAY$$Base                                                
UNDEFED   SHT$$INIT_ARRAY$$Limit                                               

[680 symbols]
